=== RUN   TestHandleGetResults
2026/01/05 05:37:51 "GET http://example.com/api/results/1 HTTP/1.1" from 192.0.2.1:1234 - 200 604B in 393.541µs
2026/01/05 05:37:51 "GET http://example.com/api/results/1?start=2026-01-05T12:57:51Z&end=2026-01-05T13:37:51Z HTTP/1.1" from 192.0.2.1:1234 - 200 303B in 51.583µs
2026/01/05 05:37:51 "GET http://example.com/api/results/1?start=invalid&end=2026-01-05T13:37:51Z HTTP/1.1" from 192.0.2.1:1234 - 400 19B in 14.333µs
--- PASS: TestHandleGetResults (0.00s)
=== RUN   TestHandleGetResults_Raw
2026/01/05 05:37:51 "GET http://example.com/api/results/1?start=2026-01-04T20:57:51Z&end=2026-01-05T13:38:51Z&raw=true HTTP/1.1" from 192.0.2.1:1234 - 200 200030B in 1.944875ms
2026/01/05 05:37:51 "GET http://example.com/api/results/1?start=2026-01-04T04:17:51Z&end=2026-01-05T13:38:51Z&raw=true HTTP/1.1" from 192.0.2.1:1234 - 200 218202B in 1.719334ms
    server_test.go:210: Expected status 400 for >1000 results, got 200
    server_test.go:213: Unexpected error message: "[{\"Time\":\"2026-01-04T17:38:51Z\",\"TargetID\":1,\"MinNS\":1,\"MaxNS\":1,\"AvgNS\":1,\"P0\":1,\"P1\":0,\"P25\":0,\"P50\":1,\"P75\":0,\"P99\":0,\"P100\":1,\"Percentiles\":null,\"TimeoutCount\":0,\"ProbeCount\":1,\"WindowSeconds\":0},{\"Time\":\"2026-01-04T17:39:51Z\",\"TargetID\":1,\"MinNS\":1,\"MaxNS\":1,\"AvgNS\":1,\"P0\":1,\"P1\":0,\"P25\":0,\"P50\":1,\"P75\":0,\"P99\":0,\"P100\":1,\"Percentiles\":null,\"TimeoutCount\":0,\"ProbeCount\":1,\"WindowSeconds\":0},{\"Time\":\"2026-01-04T17:40:51Z\",\"TargetID\":1,\"MinNS\":1,\"MaxNS\":1,\"AvgNS\":1,\"P0\":1,\"P1\":0,\"P25\":0,\"P50\":1,\"P75\":0,\"P99\":0,\"P100\":1,\"Percentiles\":null,\"TimeoutCount\":0,\"ProbeCount\":1,\"WindowSeconds\":0},{\"Time\":\"2026-01-04T17:41:51Z\",\"TargetID\":1,\"MinNS\":1,\"MaxNS\":1,\"AvgNS\":1,\"P0\":1,\"P1\":0,\"P25\":0,\"P50\":1,\"P75\":0,\"P99\":0,\"P100\":1,\"Percentiles\":null,\"TimeoutCount\":0,\"ProbeCount\":1,\"WindowSeconds\":0},{\"Time\":\"2026-01-04T17:42:51Z\",\"TargetID\":1,\"MinNS\":1,\"MaxNS\":1,\"AvgNS\":1,\"P0\":1,\"P1\":0,\"P25\":0,\"P50\":1,\"P75\":0,\"P99\":0,\"P100\":1,\"Percentiles\":null,\"TimeoutCount\":0,\"ProbeCount\":1,\"WindowSeconds\":0},{\"Time\":\"2026-01-04T17:43:51Z\",\"TargetID\":1,\"MinNS\":1,\"MaxNS\":1,\"AvgNS\":1,\"P0\":1,\"P1\":0,\"P25\":0,\"P50\":1,\"P75\":0,\"P99\":0,\"P100\":1,\"Percentiles\":null,\"TimeoutCount\":0,\"ProbeCount\":1,\"WindowSeconds\":0},{\"Time\":\"2026-01-04T17:44:51Z\",\"TargetID\":1,\"MinNS\":1,\"MaxNS\":1,\"AvgNS\":1,\"P0\":1,\"P1\":0,\"P25\":0,\"P50\":1,\"P75\":0,\"P99\":0,\"P100\":1,\"Percentiles\":null,\"TimeoutCount\":0,\"ProbeCount\":1,\"WindowSeconds\":0},{\"Time\":\"2026-01-04T17:45:51Z\",\"TargetID\":1,\"MinNS\":1,\"MaxNS\":1,\"AvgNS\":1,\"P0\":1,\"P1\":0,\"P25\":0,\"P50\":1,\"P75\":0,\"P99\":0,\"P100\":1,\"Percentiles\":null,\"TimeoutCount\":0,\"ProbeCount\":1,\"WindowSeconds\":0},{\"Time\":\"2026-01-04T17:46:51Z\",\"TargetID\":1,\"MinNS\":1,\"MaxNS\":1,\"AvgNS\":1,\"P0\":1,\"P1\":0,\"P25\":0,\"P50\":1,\"P75\":0,\"P99\":0,\"P100\":1,\"Percentiles\":null,\"TimeoutCount\":0,\"ProbeCount\":1,\"WindowSeconds\":0},{\"Time\":\"2026-01-04T17:47:51Z\",\"TargetID\":1,\"MinNS\":1,\"MaxNS\":1,\"AvgNS\":1,\"P0\":1,\"P1\":0,\"P25\":0,\"P50\":1,\"P75\":0,\"P99\":0,\"P100\":1,\"Percentiles\":null,\"TimeoutCount\":0,\"ProbeCount\":1,\"WindowSeconds\":0},{\"Time\":\"2026-01-04T17:48:51Z\",\"TargetID\":1,\"MinNS\":1,\"MaxNS\":1,\"AvgNS\":1,\"P0\":1,\"P1\":0,\"P25\":0,\"P50\":1,\"P75\":0,\"P99\":0,\"P100\":1,\"Percentiles\":null,\"TimeoutCount\":0,\"ProbeCount\":1,\"WindowSeconds\":0},{\"Time\":\"2026-01-04T17:49:51Z\",\"TargetID\":1,\"MinNS\":1,\"MaxNS\":1,\"AvgNS\":1,\"P0\":1,\"P1\":0,\"P25\":0,\"P50\":1,\"P75\":0,\"P99\":0,\"P100\":1,\"Percentiles\":null,\"TimeoutCount\":0,\"ProbeCount\":1,\"WindowSeconds\":0},{\"Time\":\"2026-01-04T17:50:51Z\",\"TargetID\":1,\"MinNS\":1,\"MaxNS\":1,\"AvgNS\":1,\"P0\":1,\"P1\":0,\"P25\":0,\"P50\":1,\"P75\":0,\"P99\":0,\"P100\":1,\"Percentiles\":null,\"TimeoutCount\":0,\"ProbeCount\":1,\"WindowSeconds\":0},{\"Time\":\"2026-01-04T17:51:51Z\",\"TargetID\":1,\"MinNS\":1,\"MaxNS\":1,\"AvgNS\":1,\"P0\":1,\"P1\":0,\"P25\":0,\"P50\":1,\"P75\":0,\"P99\":0,\"P100\":1,\"Percentiles\":null,\"TimeoutCount\":0,\"ProbeCount\":1,\"WindowSeconds\":0},{\"Time\":\"2026-01-04T17:52:51Z\",\"TargetID\":1,\"MinNS\":1,\"MaxNS\":1,\"AvgNS\":1,\"P0\":1,\"P1\":0,\"P25\":0,\"P50\":1,\"P75\":0,\"P99\":0,\"P100\":1,\"Percentiles\":null,\"TimeoutCount\":0,\"ProbeCount\":1,\"WindowSeconds\":0},{\"Time\":\"2026-01-04T17:53:51Z\",\"TargetID\":1,\"MinNS\":1,\"MaxNS\":1,\"AvgNS\":1,\"P0\":1,\"P1\":0,\"P25\":0,\"P50\":1,\"P75\":0,\"P99\":0,\"P100\":1,\"Percentiles\":null,\"TimeoutCount\":0,\"ProbeCount\":1,\"WindowSeconds\":0},{\"Time\":\"2026-01-04T17:54:51Z\",\"TargetID\":1,\"MinNS\":1,\"MaxNS\":1,\"AvgNS\":1,\"P0\":1,\"P1\":0,\"P25\":0,\"P50\":1,\"P75\":0,\"P99\":0,\"P100\":1,\"Percentiles\":null,\"TimeoutCount\":0,\"ProbeCount\":1,\"WindowSeconds\":0},{\"Time\":\"2026-01-04T17:55:51Z\",\"TargetID\":1,\"MinNS\":1,\"MaxNS\":1,\"AvgNS\":1,\"P0\":1,\"P1\":0,\"P25\":0,\"P50\":1,\"P75\":0,\"P99\":0,\"P100\":1,\"Percentiles\":null,\"TimeoutCount\":0,\"ProbeCount\":1,\"WindowSeconds\":0},{\"Time\":\"2026-01-04T17:56:51Z\",\"TargetID\":1,\"MinNS\":1,\"MaxNS\":1,\"AvgNS\":1,\"P0\":1,\"P1\":0,\"P25\":0,\"P50\":1,\"P75\":0,\"P99\":0,\"P100\":1,\"Percentiles\":null,\"TimeoutCount\":0,\"ProbeCount\":1,\"WindowSeconds\":0},{\"Time\":\"2026-01-04T17:57:51Z\",\"TargetID\":1,\"MinNS\":1,\"MaxNS\":1,\"AvgNS\":1,\"P0\":1,\"P1\":0,\"P25\":0,\"P50\":1,\"P75\":0,\"P99\":0,\"P100\":1,\"Percentiles\":null,\"TimeoutCount\":0,\"ProbeCount\":1,\"WindowSeconds\":0},{\"Time\":\"2026-01-04T17:58:51Z\",\"TargetID\":1,\"MinNS\":1,\"MaxNS\":1,\"AvgNS\":1,\"P0\":1,\"P1\":0,\"P25\":0,\"P50\":1,\"P75\":0,\"P99\":0,\"P100\":1,\"Percentiles\":null,\"TimeoutCount\":0,\"ProbeCount\":1,\"WindowSeconds\":0},{\"Time\":\"2026-01-04T17:59:51Z\",\"TargetID\":1,\"MinNS\":1,\"MaxNS\":1,\"AvgNS\":1,\"P0\":1,\"P1\":0,\"P25\":0,\"P50\":1,\"P75\":0,\"P99\":0,\"P100\":1,\"Percentiles\":null,\"TimeoutCount\":0,\"ProbeCount\":1,\"WindowSeconds\":0},{\"Time\":\"2026-01-04T18:00:51Z\",\"TargetID\":1,\"MinNS\":1,\"MaxNS\":1,\"AvgNS\":1,\"P0\":1,\"P1\":0,\"P25\":0,\"P50\":1,\"P75\":0,\"P99\":0,\"P100\":1,\"Percentiles\":null,\"TimeoutCount\":0,\"ProbeCount\":1,\"WindowSeconds\":0},{\"Time\":\"2026-01-04T18:01:51Z\",\"TargetID\":1,\"MinNS\":1,\"MaxNS\":1,\"AvgNS\":1,\"P0\":1,\"P1\":0,\"P25\":0,\"P50\":1,\"P75\":0,\"P99\":0,\"P100\":1,\"Percentiles\":null,\"TimeoutCount\":0,\"ProbeCount\":1,\"WindowSeconds\":0},{\"Time\":\"2026-01-04T18:02:51Z\",\"TargetID\":1,\"MinNS\":1,\"MaxNS\":1,\"AvgNS\":1,\"P0\":1,\"P1\":0,\"P25\":0,\"P50\":1,\"P75\":0,\"P99\":0,\"P100\":1,\"Percentiles\":null,\"TimeoutCount\":0,\"ProbeCount\":1,\"WindowSeconds\":0},{\"Time\":\"2026-01-04T18:03:51Z\",\"TargetID\":1,\"MinNS\":1,\"MaxNS\":1,\"AvgNS\":1,\"P0\":1,\"P1\":0,\"P25\":0,\"P50\":1,\"P75\":0,\"P99\":0,\"P100\":1,\"Percentiles\":null,\"TimeoutCount\":0,\"ProbeCount\":1,\"WindowSeconds\":0},{\"Time\":\"2026-01-04T18:04:51Z\",\"TargetID\":1,\"MinNS\":1,\"MaxNS\":1,\"AvgNS\":1,\"P0\":1,\"P1\":0,\"P25\":0,\"P50\":1,\"P75\":0,\"P99\":0,\"P100\":1,\"Percentiles\":null,\"TimeoutCount\":0,\"ProbeCount\":1,\"WindowSeconds\":0},{\"Time\":\"2026-01-04T18:05:51Z\",\"TargetID\":1,\"MinNS\":1,\"MaxNS\":1,\"AvgNS\":1,\"P0\":1,\"P1\":0,\"P25\":0,\"P50\":1,\"P75\":0,\"P99\":0,\"P100\":1,\"Percentiles\":null,\"TimeoutCount\":0,\"ProbeCount\":1,\"WindowSeconds\":0},{\"Time\":\"2026-01-04T18:06:51Z\",\"TargetID\":1,\"MinNS\":1,\"MaxNS\":1,\"AvgNS\":1,\"P0\":1,\"P1\":0,\"P25\":0,\"P50\":1,\"P75\":0,\"P99\":0,\"P100\":1,\"Percentiles\":null,\"TimeoutCount\":0,\"ProbeCount\":1,\"WindowSeconds\":0},{\"Time\":\"2026-01-04T18:07:51Z\",\"TargetID\":1,\"MinNS\":1,\"MaxNS\":1,\"AvgNS\":1,\"P0\":1,\"P1\":0,\"P25\":0,\"P50\":1,\"P75\":0,\"P99\":0,\"P100\":1,\"Percentiles\":null,\"TimeoutCount\":0,\"ProbeCount\":1,\"WindowSeconds\":0},{\"Time\":\"2026-01-04T18:08:51Z\",\"TargetID\":1,\"MinNS\":1,\"MaxNS\":1,\"AvgNS\":1,\"P0\":1,\"P1\":0,\"P25\":0,\"P50\":1,\"P75\":0,\"P99\":0,\"P100\":1,\"Percentiles\":null,\"TimeoutCount\":0,\"ProbeCount\":1,\"WindowSeconds\":0},{\"Time\":\"2026-01-04T18:09:51Z\",\"TargetID\":1,\"MinNS\":1,\"MaxNS\":1,\"AvgNS\":1,\"P0\":1,\"P1\":0,\"P25\":0,\"P50\":1,\"P75\":0,\"P99\":0,\"P100\":1,\"Percentiles\":null,\"TimeoutCount\":0,\"ProbeCount\":1,\"WindowSeconds\":0},{\"Time\":\"2026-01-04T18:10:51Z\",\"TargetID\":1,\"MinNS\":1,\"MaxNS\":1,\"AvgNS\":1,\"P0\":1,\"P1\":0,\"P25\":0,\"P50\":1,\"P75\":0,\"P99\":0,\"P100\":1,\"Percentiles\":null,\"TimeoutCount\":0,\"ProbeCount\":1,\"WindowSeconds\":0},{\"Time\":\"2026-01-04T18:11:51Z\",\"TargetID\":1,\"MinNS\":1,\"MaxNS\":1,\"AvgNS\":1,\"P0\":1,\"P1\":0,\"P25\":0,\"P50\":1,\"P75\":0,\"P99\":0,\"P100\":1,\"Percentiles\":null,\"TimeoutCount\":0,\"ProbeCount\":1,\"WindowSeconds\":0},{\"Time\":\"2026-01-04T18:12:51Z\",\"TargetID\":1,\"MinNS\":1,\"MaxNS\":1,\"AvgNS\":1,\"P0\":1,\"P1\":0,\"P25\":0,\"P50\":1,\"P75\":0,\"P99\":0,\"P100\":1,\"Percentiles\":null,\"TimeoutCount\":0,\"ProbeCount\":1,\"WindowSeconds\":0},{\"Time\":\"2026-01-04T18:13:51Z\",\"TargetID\":1,\"MinNS\":1,\"MaxNS\":1,\"AvgNS\":1,\"P0\":1,\"P1\":0,\"P25\":0,\"P50\":1,\"P75\":0,\"P99\":0,\"P100\":1,\"Percentiles\":null,\"TimeoutCount\":0,\"ProbeCount\":1,\"WindowSeconds\":0},{\"Time\":\"2026-01-04T18:14:51Z\",\"TargetID\":1,\"MinNS\":1,\"MaxNS\":1,\"AvgNS\":1,\"P0\":1,\"P1\":0,\"P25\":0,\"P50\":1,\"P75\":0,\"P99\":0,\"P100\":1,\"Percentiles\":null,\"TimeoutCount\":0,\"ProbeCount\":1,\"WindowSeconds\":0},{\"Time\":\"2026-01-04T18:15:51Z\",\"TargetID\":1,\"MinNS\":1,\"MaxNS\":1,\"AvgNS\":1,\"P0\":1,\"P1\":0,\"P25\":0,\"P50\":1,\"P75\":0,\"P99\":0,\"P100\":1,\"Percentiles\":null,\"TimeoutCount\":0,\"ProbeCount\":1,\"WindowSeconds\":0},{\"Time\":\"2026-01-04T18:16:51Z\",\"TargetID\":1,\"MinNS\":1,\"MaxNS\":1,\"AvgNS\":1,\"P0\":1,\"P1\":0,\"P25\":0,\"P50\":1,\"P75\":0,\"P99\":0,\"P100\":1,\"Percentiles\":null,\"TimeoutCount\":0,\"ProbeCount\":1,\"WindowSeconds\":0},{\"Time\":\"2026-01-04T18:17:51Z\",\"TargetID\":1,\"MinNS\":1,\"MaxNS\":1,\"AvgNS\":1,\"P0\":1,\"P1\":0,\"P25\":0,\"P50\":1,\"P75\":0,\"P99\":0,\"P100\":1,\"Percentiles\":null,\"TimeoutCount\":0,\"ProbeCount\":1,\"WindowSeconds\":0},{\"Time\":\"2026-01-04T18:18:51Z\",\"TargetID\":1,\"MinNS\":1,\"MaxNS\":1,\"AvgNS\":1,\"P0\":1,\"P1\":0,\"P25\":0,\"P50\":1,\"P75\":0,\"P99\":0,\"P100\":1,\"Percentiles\":null,\"TimeoutCount\":0,\"ProbeCount\":1,\"WindowSeconds\":0},{\"Time\":\"2026-01-04T18:19:51Z\",\"TargetID\":1,\"MinNS\":1,\"MaxNS\":1,\"AvgNS\":1,\"P0\":1,\"P1\":0,\"P25\":0,\"P50\":1,\"P75\":0,\"P99\":0,\"P100\":1,\"Percentiles\":null,\"TimeoutCount\":0,\"ProbeCount\":1,\"WindowSeconds\":0},{\"Time\":\"2026-01-04T18:20:51Z\",\"TargetID\":1,\"MinNS\":1,\"MaxNS\":1,\"AvgNS\":1,\"P0\":1,\"P1\":0,\"P25\":0,\"P50\":1,\"P75\":0,\"P99\":0,\"P100\":1,\"Percentiles\":null,\"TimeoutCount\":0,\"ProbeCount\":1,\"WindowSeconds\":0},{\"Time\":\"2026-01-04T18:21:51Z\",\"TargetID\":1,\"MinNS\":1,\"MaxNS\":1,\"AvgNS\":1,\"P0\":1,\"P1\":0,\"P25\":0,\"P50\":1,\"P75\":0,\"P99\":0,\"P100\":1,\"Percentiles\":null,\"TimeoutCount\":0,\"ProbeCount\":1,\"WindowSeconds\":0},{\"Time\":\"2026-01-04T18:22:51Z\",\"TargetID\":1,\"MinNS\":1,\"MaxNS\":1,\"AvgNS\":1,\"P0\":1,\"P1\":0,\"P25\":0,\"P50\":1,\"P75\":0,\"P99\":0,\"P100\":1,\"Percentiles\":null,\"TimeoutCount\":0,\"ProbeCount\":1,\"WindowSeconds\":0},{\"Time\":\"2026-01-04T18:23:51Z\",\"TargetID\":1,\"MinNS\":1,\"MaxNS\":1,\"AvgNS\":1,\"P0\":1,\"P1\":0,\"P25\":0,\"P50\":1,\"P75\":0,\"P99\":0,\"P100\":1,\"Percentiles\":null,\"TimeoutCount\":0,\"ProbeCount\":1,\"WindowSeconds\":0},{\"Time\":\"2026-01-04T18:24:51Z\",\"TargetID\":1,\"MinNS\":1,\"MaxNS\":1,\"AvgNS\":1,\"P0\":1,\"P1\":0,\"P25\":0,\"P50\":1,\"P75\":0,\"P99\":0,\"P100\":1,\"Percentiles\":null,\"TimeoutCount\":0,\"ProbeCount\":1,\"WindowSeconds\":0},{\"Time\":\"2026-01-04T18:25:51Z\",\"TargetID\":1,\"MinNS\":1,\"MaxNS\":1,\"AvgNS\":1,\"P0\":1,\"P1\":0,\"P25\":0,\"P50\":1,\"P75\":0,\"P99\":0,\"P100\":1,\"Percentiles\":null,\"TimeoutCount\":0,\"ProbeCount\":1,\"WindowSeconds\":0},{\"Time\":\"2026-01-04T18:26:51Z\",\"TargetID\":1,\"MinNS\":1,\"MaxNS\":1,\"AvgNS\":1,\"P0\":1,\"P1\":0,\"P25\":0,\"P50\":1,\"P75\":0,\"P99\":0,\"P100\":1,\"Percentiles\":null,\"TimeoutCount\":0,\"ProbeCount\":1,\"WindowSeconds\":0},{\"Time\":\"2026-01-04T18:27:51Z\",\"TargetID\":1,\"MinNS\":1,\"MaxNS\":1,\"AvgNS\":1,\"P0\":1,\"P1\":0,\"P25\":0,\"P50\":1,\"P75\":0,\"P99\":0,\"P100\":1,\"Percentiles\":null,\"TimeoutCount\":0,\"ProbeCount\":1,\"WindowSeconds\":0},{\"Time\":\"2026-01-04T18:28:51Z\",\"TargetID\":1,\"MinNS\":1,\"MaxNS\":1,\"AvgNS\":1,\"P0\":1,\"P1\":0,\"P25\":0,\"P50\":1,\"P75\":0,\"P99\":0,\"P100\":1,\"Percentiles\":null,\"TimeoutCount\":0,\"ProbeCount\":1,\"WindowSeconds\":0},{\"Time\":\"2026-01-04T18:29:51Z\",\"TargetID\":1,\"MinNS\":1,\"MaxNS\":1,\"AvgNS\":1,\"P0\":1,\"P1\":0,\"P25\":0,\"P50\":1,\"P75\":0,\"P99\":0,\"P100\":1,\"Percentiles\":null,\"TimeoutCount\":0,\"ProbeCount\":1,\"WindowSeconds\":0},{\"Time\":\"2026-01-04T18:30:51Z\",\"TargetID\":1,\"MinNS\":1,\"MaxNS\":1,\"AvgNS\":1,\"P0\":1,\"P1\":0,\"P25\":0,\"P50\":1,\"P75\":0,\"P99\":0,\"P100\":1,\"Percentiles\":null,\"TimeoutCount\":0,\"ProbeCount\":1,\"WindowSeconds\":0},{\"Time\":\"2026-01-04T18:31:51Z\",\"TargetID\":1,\"MinNS\":1,\"MaxNS\":1,\"AvgNS\":1,\"P0\":1,\"P1\":0,\"P25\":0,\"P50\":1,\"P75\":0,\"P99\":0,\"P100\":1,\"Percentiles\":null,\"TimeoutCount\":0,\"ProbeCount\":1,\"WindowSeconds\":0},{\"Time\":\"2026-01-04T18:32:51Z\",\"TargetID\":1,\"MinNS\":1,\"MaxNS\":1,\"AvgNS\":1,\"P0\":1,\"P1\":0,\"P25\":0,\"P50\":1,\"P75\":0,\"P99\":0,\"P100\":1,\"Percentiles\":null,\"TimeoutCount\":0,\"ProbeCount\":1,\"WindowSeconds\":0},{\"Time\":\"2026-01-04T18:33:51Z\",\"TargetID\":1,\"MinNS\":1,\"MaxNS\":1,\"AvgNS\":1,\"P0\":1,\"P1\":0,\"P25\":0,\"P50\":1,\"P75\":0,\"P99\":0,\"P100\":1,\"Percentiles\":null,\"TimeoutCount\":0,\"ProbeCount\":1,\"WindowSeconds\":0},{\"Time\":\"2026-01-04T18:34:51Z\",\"TargetID\":1,\"MinNS\":1,\"MaxNS\":1,\"AvgNS\":1,\"P0\":1,\"P1\":0,\"P25\":0,\"P50\":1,\"P75\":0,\"P99\":0,\"P100\":1,\"Percentiles\":null,\"TimeoutCount\":0,\"ProbeCount\":1,\"WindowSeconds\":0},{\"Time\":\"2026-01-04T18:35:51Z\",\"TargetID\":1,\"MinNS\":1,\"MaxNS\":1,\"AvgNS\":1,\"P0\":1,\"P1\":0,\"P25\":0,\"P50\":1,\"P75\":0,\"P99\":0,\"P100\":1,\"Percentiles\":null,\"TimeoutCount\":0,\"ProbeCount\":1,\"WindowSeconds\":0},{\"Time\":\"2026-01-04T18:36:51Z\",\"TargetID\":1,\"MinNS\":1,\"MaxNS\":1,\"AvgNS\":1,\"P0\":1,\"P1\":0,\"P25\":0,\"P50\":1,\"P75\":0,\"P99\":0,\"P100\":1,\"Percentiles\":null,\"TimeoutCount\":0,\"ProbeCount\":1,\"WindowSeconds\":0},{\"Time\":\"2026-01-04T18:37:51Z\",\"TargetID\":1,\"MinNS\":1,\"MaxNS\":1,\"AvgNS\":1,\"P0\":1,\"P1\":0,\"P25\":0,\"P50\":1,\"P75\":0,\"P99\":0,\"P100\":1,\"Percentiles\":null,\"TimeoutCount\":0,\"ProbeCount\":1,\"WindowSeconds\":0},{\"Time\":\"2026-01-04T18:38:51Z\",\"TargetID\":1,\"MinNS\":1,\"MaxNS\":1,\"AvgNS\":1,\"P0\":1,\"P1\":0,\"P25\":0,\"P50\":1,\"P75\":0,\"P99\":0,\"P100\":1,\"Percentiles\":null,\"TimeoutCount\":0,\"ProbeCount\":1,\"WindowSeconds\":0},{\"Time\":\"2026-01-04T18:39:51Z\",\"TargetID\":1,\"MinNS\":1,\"MaxNS\":1,\"AvgNS\":1,\"P0\":1,\"P1\":0,\"P25\":0,\"P50\":1,\"P75\":0,\"P99\":0,\"P100\":1,\"Percentiles\":null,\"TimeoutCount\":0,\"ProbeCount\":1,\"WindowSeconds\":0},{\"Time\":\"2026-01-04T18:40:51Z\",\"TargetID\":1,\"MinNS\":1,\"MaxNS\":1,\"AvgNS\":1,\"P0\":1,\"P1\":0,\"P25\":0,\"P50\":1,\"P75\":0,\"P99\":0,\"P100\":1,\"Percentiles\":null,\"TimeoutCount\":0,\"ProbeCount\":1,\"WindowSeconds\":0},{\"Time\":\"2026-01-04T18:41:51Z\",\"TargetID\":1,\"MinNS\":1,\"MaxNS\":1,\"AvgNS\":1,\"P0\":1,\"P1\":0,\"P25\":0,\"P50\":1,\"P75\":0,\"P99\":0,\"P100\":1,\"Percentiles\":null,\"TimeoutCount\":0,\"ProbeCount\":1,\"WindowSeconds\":0},{\"Time\":\"2026-01-04T18:42:51Z\",\"TargetID\":1,\"MinNS\":1,\"MaxNS\":1,\"AvgNS\":1,\"P0\":1,\"P1\":0,\"P25\":0,\"P50\":1,\"P75\":0,\"P99\":0,\"P100\":1,\"Percentiles\":null,\"TimeoutCount\":0,\"ProbeCount\":1,\"WindowSeconds\":0},{\"Time\":\"2026-01-04T18:43:51Z\",\"TargetID\":1,\"MinNS\":1,\"MaxNS\":1,\"AvgNS\":1,\"P0\":1,\"P1\":0,\"P25\":0,\"P50\":1,\"P75\":0,\"P99\":0,\"P100\":1,\"Percentiles\":null,\"TimeoutCount\":0,\"ProbeCount\":1,\"WindowSeconds\":0},{\"Time\":\"2026-01-04T18:44:51Z\",\"TargetID\":1,\"MinNS\":1,\"MaxNS\":1,\"AvgNS\":1,\"P0\":1,\"P1\":0,\"P25\":0,\"P50\":1,\"P75\":0,\"P99\":0,\"P100\":1,\"Percentiles\":null,\"TimeoutCount\":0,\"ProbeCount\":1,\"WindowSeconds\":0},{\"Time\":\"2026-01-04T18:45:51Z\",\"TargetID\":1,\"MinNS\":1,\"MaxNS\":1,\"AvgNS\":1,\"P0\":1,\"P1\":0,\"P25\":0,\"P50\":1,\"P75\":0,\"P99\":0,\"P100\":1,\"Percentiles\":null,\"TimeoutCount\":0,\"ProbeCount\":1,\"WindowSeconds\":0},{\"Time\":\"2026-01-04T18:46:51Z\",\"TargetID\":1,\"MinNS\":1,\"MaxNS\":1,\"AvgNS\":1,\"P0\":1,\"P1\":0,\"P25\":0,\"P50\":1,\"P75\":0,\"P99\":0,\"P100\":1,\"Percentiles\":null,\"TimeoutCount\":0,\"ProbeCount\":1,\"WindowSeconds\":0},{\"Time\":\"2026-01-04T18:47:51Z\",\"TargetID\":1,\"MinNS\":1,\"MaxNS\":1,\"AvgNS\":1,\"P0\":1,\"P1\":0,\"P25\":0,\"P50\":1,\"P75\":0,\"P99\":0,\"P100\":1,\"Percentiles\":null,\"TimeoutCount\":0,\"ProbeCount\":1,\"WindowSeconds\":0},{\"Time\":\"2026-01-04T18:48:51Z\",\"TargetID\":1,\"MinNS\":1,\"MaxNS\":1,\"AvgNS\":1,\"P0\":1,\"P1\":0,\"P25\":0,\"P50\":1,\"P75\":0,\"P99\":0,\"P100\":1,\"Percentiles\":null,\"TimeoutCount\":0,\"ProbeCount\":1,\"WindowSeconds\":0},{\"Time\":\"2026-01-04T18:49:51Z\",\"TargetID\":1,\"MinNS\":1,\"MaxNS\":1,\"AvgNS\":1,\"P0\":1,\"P1\":0,\"P25\":0,\"P50\":1,\"P75\":0,\"P99\":0,\"P100\":1,\"Percentiles\":null,\"TimeoutCount\":0,\"ProbeCount\":1,\"WindowSeconds\":0},{\"Time\":\"2026-01-04T18:50:51Z\",\"TargetID\":1,\"MinNS\":1,\"MaxNS\":1,\"AvgNS\":1,\"P0\":1,\"P1\":0,\"P25\":0,\"P50\":1,\"P75\":0,\"P99\":0,\"P100\":1,\"Percentiles\":null,\"TimeoutCount\":0,\"ProbeCount\":1,\"WindowSeconds\":0},{\"Time\":\"2026-01-04T18:51:51Z\",\"TargetID\":1,\"MinNS\":1,\"MaxNS\":1,\"AvgNS\":1,\"P0\":1,\"P1\":0,\"P25\":0,\"P50\":1,\"P75\":0,\"P99\":0,\"P100\":1,\"Percentiles\":null,\"TimeoutCount\":0,\"ProbeCount\":1,\"WindowSeconds\":0},{\"Time\":\"2026-01-04T18:52:51Z\",\"TargetID\":1,\"MinNS\":1,\"MaxNS\":1,\"AvgNS\":1,\"P0\":1,\"P1\":0,\"P25\":0,\"P50\":1,\"P75\":0,\"P99\":0,\"P100\":1,\"Percentiles\":null,\"TimeoutCount\":0,\"ProbeCount\":1,\"WindowSeconds\":0},{\"Time\":\"2026-01-04T18:53:51Z\",\"TargetID\":1,\"MinNS\":1,\"MaxNS\":1,\"AvgNS\":1,\"P0\":1,\"P1\":0,\"P25\":0,\"P50\":1,\"P75\":0,\"P99\":0,\"P100\":1,\"Percentiles\":null,\"TimeoutCount\":0,\"ProbeCount\":1,\"WindowSeconds\":0},{\"Time\":\"2026-01-04T18:54:51Z\",\"TargetID\":1,\"MinNS\":1,\"MaxNS\":1,\"AvgNS\":1,\"P0\":1,\"P1\":0,\"P25\":0,\"P50\":1,\"P75\":0,\"P99\":0,\"P100\":1,\"Percentiles\":null,\"TimeoutCount\":0,\"ProbeCount\":1,\"WindowSeconds\":0},{\"Time\":\"2026-01-04T18:55:51Z\",\"TargetID\":1,\"MinNS\":1,\"MaxNS\":1,\"AvgNS\":1,\"P0\":1,\"P1\":0,\"P25\":0,\"P50\":1,\"P75\":0,\"P99\":0,\"P100\":1,\"Percentiles\":null,\"TimeoutCount\":0,\"ProbeCount\":1,\"WindowSeconds\":0},{\"Time\":\"2026-01-04T18:56:51Z\",\"TargetID\":1,\"MinNS\":1,\"MaxNS\":1,\"AvgNS\":1,\"P0\":1,\"P1\":0,\"P25\":0,\"P50\":1,\"P75\":0,\"P99\":0,\"P100\":1,\"Percentiles\":null,\"TimeoutCount\":0,\"ProbeCount\":1,\"WindowSeconds\":0},{\"Time\":\"2026-01-04T18:57:51Z\",\"TargetID\":1,\"MinNS\":1,\"MaxNS\":1,\"AvgNS\":1,\"P0\":1,\"P1\":0,\"P25\":0,\"P50\":1,\"P75\":0,\"P99\":0,\"P100\":1,\"Percentiles\":null,\"TimeoutCount\":0,\"ProbeCount\":1,\"WindowSeconds\":0},{\"Time\":\"2026-01-04T18:58:51Z\",\"TargetID\":1,\"MinNS\":1,\"MaxNS\":1,\"AvgNS\":1,\"P0\":1,\"P1\":0,\"P25\":0,\"P50\":1,\"P75\":0,\"P99\":0,\"P100\":1,\"Percentiles\":null,\"TimeoutCount\":0,\"ProbeCount\":1,\"WindowSeconds\":0},{\"Time\":\"2026-01-04T18:59:51Z\",\"TargetID\":1,\"MinNS\":1,\"MaxNS\":1,\"AvgNS\":1,\"P0\":1,\"P1\":0,\"P25\":0,\"P50\":1,\"P75\":0,\"P99\":0,\"P100\":1,\"Percentiles\":null,\"TimeoutCount\":0,\"ProbeCount\":1,\"WindowSeconds\":0},{\"Time\":\"2026-01-04T19:00:51Z\",\"TargetID\":1,\"MinNS\":1,\"MaxNS\":1,\"AvgNS\":1,\"P0\":1,\"P1\":0,\"P25\":0,\"P50\":1,\"P75\":0,\"P99\":0,\"P100\":1,\"Percentiles\":null,\"TimeoutCount\":0,\"ProbeCount\":1,\"WindowSeconds\":0},{\"Time\":\"2026-01-04T19:01:51Z\",\"TargetID\":1,\"MinNS\":1,\"MaxNS\":1,\"AvgNS\":1,\"P0\":1,\"P1\":0,\"P25\":0,\"P50\":1,\"P75\":0,\"P99\":0,\"P100\":1,\"Percentiles\":null,\"TimeoutCount\":0,\"ProbeCount\":1,\"WindowSeconds\":0},{\"Time\":\"2026-01-04T19:02:51Z\",\"TargetID\":1,\"MinNS\":1,\"MaxNS\":1,\"AvgNS\":1,\"P0\":1,\"P1\":0,\"P25\":0,\"P50\":1,\"P75\":0,\"P99\":0,\"P100\":1,\"Percentiles\":null,\"TimeoutCount\":0,\"ProbeCount\":1,\"WindowSeconds\":0},{\"Time\":\"2026-01-04T19:03:51Z\",\"TargetID\":1,\"MinNS\":1,\"MaxNS\":1,\"AvgNS\":1,\"P0\":1,\"P1\":0,\"P25\":0,\"P50\":1,\"P75\":0,\"P99\":0,\"P100\":1,\"Percentiles\":null,\"TimeoutCount\":0,\"ProbeCount\":1,\"WindowSeconds\":0},{\"Time\":\"2026-01-04T19:04:51Z\",\"TargetID\":1,\"MinNS\":1,\"MaxNS\":1,\"AvgNS\":1,\"P0\":1,\"P1\":0,\"P25\":0,\"P50\":1,\"P75\":0,\"P99\":0,\"P100\":1,\"Percentiles\":null,\"TimeoutCount\":0,\"ProbeCount\":1,\"WindowSeconds\":0},{\"Time\":\"2026-01-04T19:05:51Z\",\"TargetID\":1,\"MinNS\":1,\"MaxNS\":1,\"AvgNS\":1,\"P0\":1,\"P1\":0,\"P25\":0,\"P50\":1,\"P75\":0,\"P99\":0,\"P100\":1,\"Percentiles\":null,\"TimeoutCount\":0,\"ProbeCount\":1,\"WindowSeconds\":0},{\"Time\":\"2026-01-04T19:06:51Z\",\"TargetID\":1,\"MinNS\":1,\"MaxNS\":1,\"AvgNS\":1,\"P0\":1,\"P1\":0,\"P25\":0,\"P50\":1,\"P75\":0,\"P99\":0,\"P100\":1,\"Percentiles\":null,\"TimeoutCount\":0,\"ProbeCount\":1,\"WindowSeconds\":0},{\"Time\":\"2026-01-04T19:07:51Z\",\"TargetID\":1,\"MinNS\":1,\"MaxNS\":1,\"AvgNS\":1,\"P0\":1,\"P1\":0,\"P25\":0,\"P50\":1,\"P75\":0,\"P99\":0,\"P100\":1,\"Percentiles\":null,\"TimeoutCount\":0,\"ProbeCount\":1,\"WindowSeconds\":0},{\"Time\":\"2026-01-04T19:08:51Z\",\"TargetID\":1,\"MinNS\":1,\"MaxNS\":1,\"AvgNS\":1,\"P0\":1,\"P1\":0,\"P25\":0,\"P50\":1,\"P75\":0,\"P99\":0,\"P100\":1,\"Percentiles\":null,\"TimeoutCount\":0,\"ProbeCount\":1,\"WindowSeconds\":0},{\"Time\":\"2026-01-04T19:09:51Z\",\"TargetID\":1,\"MinNS\":1,\"MaxNS\":1,\"AvgNS\":1,\"P0\":1,\"P1\":0,\"P25\":0,\"P50\":1,\"P75\":0,\"P99\":0,\"P100\":1,\"Percentiles\":null,\"TimeoutCount\":0,\"ProbeCount\":1,\"WindowSeconds\":0},{\"Time\":\"2026-01-04T19:10:51Z\",\"TargetID\":1,\"MinNS\":1,\"MaxNS\":1,\"AvgNS\":1,\"P0\":1,\"P1\":0,\"P25\":0,\"P50\":1,\"P75\":0,\"P99\":0,\"P100\":1,\"Percentiles\":null,\"TimeoutCount\":0,\"ProbeCount\":1,\"WindowSeconds\":0},{\"Time\":\"2026-01-04T19:11:51Z\",\"TargetID\":1,\"MinNS\":1,\"MaxNS\":1,\"AvgNS\":1,\"P0\":1,\"P1\":0,\"P25\":0,\"P50\":1,\"P75\":0,\"P99\":0,\"P100\":1,\"Percentiles\":null,\"TimeoutCount\":0,\"ProbeCount\":1,\"WindowSeconds\":0},{\"Time\":\"2026-01-04T19:12:51Z\",\"TargetID\":1,\"MinNS\":1,\"MaxNS\":1,\"AvgNS\":1,\"P0\":1,\"P1\":0,\"P25\":0,\"P50\":1,\"P75\":0,\"P99\":0,\"P100\":1,\"Percentiles\":null,\"TimeoutCount\":0,\"ProbeCount\":1,\"WindowSeconds\":0},{\"Time\":\"2026-01-04T19:13:51Z\",\"TargetID\":1,\"MinNS\":1,\"MaxNS\":1,\"AvgNS\":1,\"P0\":1,\"P1\":0,\"P25\":0,\"P50\":1,\"P75\":0,\"P99\":0,\"P100\":1,\"Percentiles\":null,\"TimeoutCount\":0,\"ProbeCount\":1,\"WindowSeconds\":0},{\"Time\":\"2026-01-04T19:14:51Z\",\"TargetID\":1,\"MinNS\":1,\"MaxNS\":1,\"AvgNS\":1,\"P0\":1,\"P1\":0,\"P25\":0,\"P50\":1,\"P75\":0,\"P99\":0,\"P100\":1,\"Percentiles\":null,\"TimeoutCount\":0,\"ProbeCount\":1,\"WindowSeconds\":0},{\"Time\":\"2026-01-04T19:15:51Z\",\"TargetID\":1,\"MinNS\":1,\"MaxNS\":1,\"AvgNS\":1,\"P0\":1,\"P1\":0,\"P25\":0,\"P50\":1,\"P75\":0,\"P99\":0,\"P100\":1,\"Percentiles\":null,\"TimeoutCount\":0,\"ProbeCount\":1,\"WindowSeconds\":0},{\"Time\":\"2026-01-04T19:16:51Z\",\"TargetID\":1,\"MinNS\":1,\"MaxNS\":1,\"AvgNS\":1,\"P0\":1,\"P1\":0,\"P25\":0,\"P50\":1,\"P75\":0,\"P99\":0,\"P100\":1,\"Percentiles\":null,\"TimeoutCount\":0,\"ProbeCount\":1,\"WindowSeconds\":0},{\"Time\":\"2026-01-04T19:17:51Z\",\"TargetID\":1,\"MinNS\":1,\"MaxNS\":1,\"AvgNS\":1,\"P0\":1,\"P1\":0,\"P25\":0,\"P50\":1,\"P75\":0,\"P99\":0,\"P100\":1,\"Percentiles\":null,\"TimeoutCount\":0,\"ProbeCount\":1,\"WindowSeconds\":0},{\"Time\":\"2026-01-04T19:18:51Z\",\"TargetID\":1,\"MinNS\":1,\"MaxNS\":1,\"AvgNS\":1,\"P0\":1,\"P1\":0,\"P25\":0,\"P50\":1,\"P75\":0,\"P99\":0,\"P100\":1,\"Percentiles\":null,\"TimeoutCount\":0,\"ProbeCount\":1,\"WindowSeconds\":0},{\"Time\":\"2026-01-04T19:19:51Z\",\"TargetID\":1,\"MinNS\":1,\"MaxNS\":1,\"AvgNS\":1,\"P0\":1,\"P1\":0,\"P25\":0,\"P50\":1,\"P75\":0,\"P99\":0,\"P100\":1,\"Percentiles\":null,\"TimeoutCount\":0,\"ProbeCount\":1,\"WindowSeconds\":0},{\"Time\":\"2026-01-04T19:20:51Z\",\"TargetID\":1,\"MinNS\":1,\"MaxNS\":1,\"AvgNS\":1,\"P0\":1,\"P1\":0,\"P25\":0,\"P50\":1,\"P75\":0,\"P99\":0,\"P100\":1,\"Percentiles\":null,\"TimeoutCount\":0,\"ProbeCount\":1,\"WindowSeconds\":0},{\"Time\":\"2026-01-04T19:21:51Z\",\"TargetID\":1,\"MinNS\":1,\"MaxNS\":1,\"AvgNS\":1,\"P0\":1,\"P1\":0,\"P25\":0,\"P50\":1,\"P75\":0,\"P99\":0,\"P100\":1,\"Percentiles\":null,\"TimeoutCount\":0,\"ProbeCount\":1,\"WindowSeconds\":0},{\"Time\":\"2026-01-04T19:22:51Z\",\"TargetID\":1,\"MinNS\":1,\"MaxNS\":1,\"AvgNS\":1,\"P0\":1,\"P1\":0,\"P25\":0,\"P50\":1,\"P75\":0,\"P99\":0,\"P100\":1,\"Percentiles\":null,\"TimeoutCount\":0,\"ProbeCount\":1,\"WindowSeconds\":0},{\"Time\":\"2026-01-04T19:23:51Z\",\"TargetID\":1,\"MinNS\":1,\"MaxNS\":1,\"AvgNS\":1,\"P0\":1,\"P1\":0,\"P25\":0,\"P50\":1,\"P75\":0,\"P99\":0,\"P100\":1,\"Percentiles\":null,\"TimeoutCount\":0,\"ProbeCount\":1,\"WindowSeconds\":0},{\"Time\":\"2026-01-04T19:24:51Z\",\"TargetID\":1,\"MinNS\":1,\"MaxNS\":1,\"AvgNS\":1,\"P0\":1,\"P1\":0,\"P25\":0,\"P50\":1,\"P75\":0,\"P99\":0,\"P100\":1,\"Percentiles\":null,\"TimeoutCount\":0,\"ProbeCount\":1,\"WindowSeconds\":0},{\"Time\":\"2026-01-04T19:25:51Z\",\"TargetID\":1,\"MinNS\":1,\"MaxNS\":1,\"AvgNS\":1,\"P0\":1,\"P1\":0,\"P25\":0,\"P50\":1,\"P75\":0,\"P99\":0,\"P100\":1,\"Percentiles\":null,\"TimeoutCount\":0,\"ProbeCount\":1,\"WindowSeconds\":0},{\"Time\":\"2026-01-04T19:26:51Z\",\"TargetID\":1,\"MinNS\":1,\"MaxNS\":1,\"AvgNS\":1,\"P0\":1,\"P1\":0,\"P25\":0,\"P50\":1,\"P75\":0,\"P99\":0,\"P100\":1,\"Percentiles\":null,\"TimeoutCount\":0,\"ProbeCount\":1,\"WindowSeconds\":0},{\"Time\":\"2026-01-04T19:27:51Z\",\"TargetID\":1,\"MinNS\":1,\"MaxNS\":1,\"AvgNS\":1,\"P0\":1,\"P1\":0,\"P25\":0,\"P50\":1,\"P75\":0,\"P99\":0,\"P100\":1,\"Percentiles\":null,\"TimeoutCount\":0,\"ProbeCount\":1,\"WindowSeconds\":0},{\"Time\":\"2026-01-04T19:28:51Z\",\"TargetID\":1,\"MinNS\":1,\"MaxNS\":1,\"AvgNS\":1,\"P0\":1,\"P1\":0,\"P25\":0,\"P50\":1,\"P75\":0,\"P99\":0,\"P100\":1,\"Percentiles\":null,\"TimeoutCount\":0,\"ProbeCount\":1,\"WindowSeconds\":0},{\"Time\":\"2026-01-04T19:29:51Z\",\"TargetID\":1,\"MinNS\":1,\"MaxNS\":1,\"AvgNS\":1,\"P0\":1,\"P1\":0,\"P25\":0,\"P50\":1,\"P75\":0,\"P99\":0,\"P100\":1,\"Percentiles\":null,\"TimeoutCount\":0,\"ProbeCount\":1,\"WindowSeconds\":0},{\"Time\":\"2026-01-04T19:30:51Z\",\"TargetID\":1,\"MinNS\":1,\"MaxNS\":1,\"AvgNS\":1,\"P0\":1,\"P1\":0,\"P25\":0,\"P50\":1,\"P75\":0,\"P99\":0,\"P100\":1,\"Percentiles\":null,\"TimeoutCount\":0,\"ProbeCount\":1,\"WindowSeconds\":0},{\"Time\":\"2026-01-04T19:31:51Z\",\"TargetID\":1,\"MinNS\":1,\"MaxNS\":1,\"AvgNS\":1,\"P0\":1,\"P1\":0,\"P25\":0,\"P50\":1,\"P75\":0,\"P99\":0,\"P100\":1,\"Percentiles\":null,\"TimeoutCount\":0,\"ProbeCount\":1,\"WindowSeconds\":0},{\"Time\":\"2026-01-04T19:32:51Z\",\"TargetID\":1,\"MinNS\":1,\"MaxNS\":1,\"AvgNS\":1,\"P0\":1,\"P1\":0,\"P25\":0,\"P50\":1,\"P75\":0,\"P99\":0,\"P100\":1,\"Percentiles\":null,\"TimeoutCount\":0,\"ProbeCount\":1,\"WindowSeconds\":0},{\"Time\":\"2026-01-04T19:33:51Z\",\"TargetID\":1,\"MinNS\":1,\"MaxNS\":1,\"AvgNS\":1,\"P0\":1,\"P1\":0,\"P25\":0,\"P50\":1,\"P75\":0,\"P99\":0,\"P100\":1,\"Percentiles\":null,\"TimeoutCount\":0,\"ProbeCount\":1,\"WindowSeconds\":0},{\"Time\":\"2026-01-04T19:34:51Z\",\"TargetID\":1,\"MinNS\":1,\"MaxNS\":1,\"AvgNS\":1,\"P0\":1,\"P1\":0,\"P25\":0,\"P50\":1,\"P75\":0,\"P99\":0,\"P100\":1,\"Percentiles\":null,\"TimeoutCount\":0,\"ProbeCount\":1,\"WindowSeconds\":0},{\"Time\":\"2026-01-04T19:35:51Z\",\"TargetID\":1,\"MinNS\":1,\"MaxNS\":1,\"AvgNS\":1,\"P0\":1,\"P1\":0,\"P25\":0,\"P50\":1,\"P75\":0,\"P99\":0,\"P100\":1,\"Percentiles\":null,\"TimeoutCount\":0,\"ProbeCount\":1,\"WindowSeconds\":0},{\"Time\":\"2026-01-04T19:36:51Z\",\"TargetID\":1,\"MinNS\":1,\"MaxNS\":1,\"AvgNS\":1,\"P0\":1,\"P1\":0,\"P25\":0,\"P50\":1,\"P75\":0,\"P99\":0,\"P100\":1,\"Percentiles\":null,\"TimeoutCount\":0,\"ProbeCount\":1,\"WindowSeconds\":0},{\"Time\":\"2026-01-04T19:37:51Z\",\"TargetID\":1,\"MinNS\":1,\"MaxNS\":1,\"AvgNS\":1,\"P0\":1,\"P1\":0,\"P25\":0,\"P50\":1,\"P75\":0,\"P99\":0,\"P100\":1,\"Percentiles\":null,\"TimeoutCount\":0,\"ProbeCount\":1,\"WindowSeconds\":0},{\"Time\":\"2026-01-04T19:38:51Z\",\"TargetID\":1,\"MinNS\":1,\"MaxNS\":1,\"AvgNS\":1,\"P0\":1,\"P1\":0,\"P25\":0,\"P50\":1,\"P75\":0,\"P99\":0,\"P100\":1,\"Percentiles\":null,\"TimeoutCount\":0,\"ProbeCount\":1,\"WindowSeconds\":0},{\"Time\":\"2026-01-04T19:39:51Z\",\"TargetID\":1,\"MinNS\":1,\"MaxNS\":1,\"AvgNS\":1,\"P0\":1,\"P1\":0,\"P25\":0,\"P50\":1,\"P75\":0,\"P99\":0,\"P100\":1,\"Percentiles\":null,\"TimeoutCount\":0,\"ProbeCount\":1,\"WindowSeconds\":0},{\"Time\":\"2026-01-04T19:40:51Z\",\"TargetID\":1,\"MinNS\":1,\"MaxNS\":1,\"AvgNS\":1,\"P0\":1,\"P1\":0,\"P25\":0,\"P50\":1,\"P75\":0,\"P99\":0,\"P100\":1,\"Percentiles\":null,\"TimeoutCount\":0,\"ProbeCount\":1,\"WindowSeconds\":0},{\"Time\":\"2026-01-04T19:41:51Z\",\"TargetID\":1,\"MinNS\":1,\"MaxNS\":1,\"AvgNS\":1,\"P0\":1,\"P1\":0,\"P25\":0,\"P50\":1,\"P75\":0,\"P99\":0,\"P100\":1,\"Percentiles\":null,\"TimeoutCount\":0,\"ProbeCount\":1,\"WindowSeconds\":0},{\"Time\":\"2026-01-04T19:42:51Z\",\"TargetID\":1,\"MinNS\":1,\"MaxNS\":1,\"AvgNS\":1,\"P0\":1,\"P1\":0,\"P25\":0,\"P50\":1,\"P75\":0,\"P99\":0,\"P100\":1,\"Percentiles\":null,\"TimeoutCount\":0,\"ProbeCount\":1,\"WindowSeconds\":0},{\"Time\":\"2026-01-04T19:43:51Z\",\"TargetID\":1,\"MinNS\":1,\"MaxNS\":1,\"AvgNS\":1,\"P0\":1,\"P1\":0,\"P25\":0,\"P50\":1,\"P75\":0,\"P99\":0,\"P100\":1,\"Percentiles\":null,\"TimeoutCount\":0,\"ProbeCount\":1,\"WindowSeconds\":0},{\"Time\":\"2026-01-04T19:44:51Z\",\"TargetID\":1,\"MinNS\":1,\"MaxNS\":1,\"AvgNS\":1,\"P0\":1,\"P1\":0,\"P25\":0,\"P50\":1,\"P75\":0,\"P99\":0,\"P100\":1,\"Percentiles\":null,\"TimeoutCount\":0,\"ProbeCount\":1,\"WindowSeconds\":0},{\"Time\":\"2026-01-04T19:45:51Z\",\"TargetID\":1,\"MinNS\":1,\"MaxNS\":1,\"AvgNS\":1,\"P0\":1,\"P1\":0,\"P25\":0,\"P50\":1,\"P75\":0,\"P99\":0,\"P100\":1,\"Percentiles\":null,\"TimeoutCount\":0,\"ProbeCount\":1,\"WindowSeconds\":0},{\"Time\":\"2026-01-04T19:46:51Z\",\"TargetID\":1,\"MinNS\":1,\"MaxNS\":1,\"AvgNS\":1,\"P0\":1,\"P1\":0,\"P25\":0,\"P50\":1,\"P75\":0,\"P99\":0,\"P100\":1,\"Percentiles\":null,\"TimeoutCount\":0,\"ProbeCount\":1,\"WindowSeconds\":0},{\"Time\":\"2026-01-04T19:47:51Z\",\"TargetID\":1,\"MinNS\":1,\"MaxNS\":1,\"AvgNS\":1,\"P0\":1,\"P1\":0,\"P25\":0,\"P50\":1,\"P75\":0,\"P99\":0,\"P100\":1,\"Percentiles\":null,\"TimeoutCount\":0,\"ProbeCount\":1,\"WindowSeconds\":0},{\"Time\":\"2026-01-04T19:48:51Z\",\"TargetID\":1,\"MinNS\":1,\"MaxNS\":1,\"AvgNS\":1,\"P0\":1,\"P1\":0,\"P25\":0,\"P50\":1,\"P75\":0,\"P99\":0,\"P100\":1,\"Percentiles\":null,\"TimeoutCount\":0,\"ProbeCount\":1,\"WindowSeconds\":0},{\"Time\":\"2026-01-04T19:49:51Z\",\"TargetID\":1,\"MinNS\":1,\"MaxNS\":1,\"AvgNS\":1,\"P0\":1,\"P1\":0,\"P25\":0,\"P50\":1,\"P75\":0,\"P99\":0,\"P100\":1,\"Percentiles\":null,\"TimeoutCount\":0,\"ProbeCount\":1,\"WindowSeconds\":0},{\"Time\":\"2026-01-04T19:50:51Z\",\"TargetID\":1,\"MinNS\":1,\"MaxNS\":1,\"AvgNS\":1,\"P0\":1,\"P1\":0,\"P25\":0,\"P50\":1,\"P75\":0,\"P99\":0,\"P100\":1,\"Percentiles\":null,\"TimeoutCount\":0,\"ProbeCount\":1,\"WindowSeconds\":0},{\"Time\":\"2026-01-04T19:51:51Z\",\"TargetID\":1,\"MinNS\":1,\"MaxNS\":1,\"AvgNS\":1,\"P0\":1,\"P1\":0,\"P25\":0,\"P50\":1,\"P75\":0,\"P99\":0,\"P100\":1,\"Percentiles\":null,\"TimeoutCount\":0,\"ProbeCount\":1,\"WindowSeconds\":0},{\"Time\":\"2026-01-04T19:52:51Z\",\"TargetID\":1,\"MinNS\":1,\"MaxNS\":1,\"AvgNS\":1,\"P0\":1,\"P1\":0,\"P25\":0,\"P50\":1,\"P75\":0,\"P99\":0,\"P100\":1,\"Percentiles\":null,\"TimeoutCount\":0,\"ProbeCount\":1,\"WindowSeconds\":0},{\"Time\":\"2026-01-04T19:53:51Z\",\"TargetID\":1,\"MinNS\":1,\"MaxNS\":1,\"AvgNS\":1,\"P0\":1,\"P1\":0,\"P25\":0,\"P50\":1,\"P75\":0,\"P99\":0,\"P100\":1,\"Percentiles\":null,\"TimeoutCount\":0,\"ProbeCount\":1,\"WindowSeconds\":0},{\"Time\":\"2026-01-04T19:54:51Z\",\"TargetID\":1,\"MinNS\":1,\"MaxNS\":1,\"AvgNS\":1,\"P0\":1,\"P1\":0,\"P25\":0,\"P50\":1,\"P75\":0,\"P99\":0,\"P100\":1,\"Percentiles\":null,\"TimeoutCount\":0,\"ProbeCount\":1,\"WindowSeconds\":0},{\"Time\":\"2026-01-04T19:55:51Z\",\"TargetID\":1,\"MinNS\":1,\"MaxNS\":1,\"AvgNS\":1,\"P0\":1,\"P1\":0,\"P25\":0,\"P50\":1,\"P75\":0,\"P99\":0,\"P100\":1,\"Percentiles\":null,\"TimeoutCount\":0,\"ProbeCount\":1,\"WindowSeconds\":0},{\"Time\":\"2026-01-04T19:56:51Z\",\"TargetID\":1,\"MinNS\":1,\"MaxNS\":1,\"AvgNS\":1,\"P0\":1,\"P1\":0,\"P25\":0,\"P50\":1,\"P75\":0,\"P99\":0,\"P100\":1,\"Percentiles\":null,\"TimeoutCount\":0,\"ProbeCount\":1,\"WindowSeconds\":0},{\"Time\":\"2026-01-04T19:57:51Z\",\"TargetID\":1,\"MinNS\":1,\"MaxNS\":1,\"AvgNS\":1,\"P0\":1,\"P1\":0,\"P25\":0,\"P50\":1,\"P75\":0,\"P99\":0,\"P100\":1,\"Percentiles\":null,\"TimeoutCount\":0,\"ProbeCount\":1,\"WindowSeconds\":0},{\"Time\":\"2026-01-04T19:58:51Z\",\"TargetID\":1,\"MinNS\":1,\"MaxNS\":1,\"AvgNS\":1,\"P0\":1,\"P1\":0,\"P25\":0,\"P50\":1,\"P75\":0,\"P99\":0,\"P100\":1,\"Percentiles\":null,\"TimeoutCount\":0,\"ProbeCount\":1,\"WindowSeconds\":0},{\"Time\":\"2026-01-04T19:59:51Z\",\"TargetID\":1,\"MinNS\":1,\"MaxNS\":1,\"AvgNS\":1,\"P0\":1,\"P1\":0,\"P25\":0,\"P50\":1,\"P75\":0,\"P99\":0,\"P100\":1,\"Percentiles\":null,\"TimeoutCount\":0,\"ProbeCount\":1,\"WindowSeconds\":0},{\"Time\":\"2026-01-04T20:00:51Z\",\"TargetID\":1,\"MinNS\":1,\"MaxNS\":1,\"AvgNS\":1,\"P0\":1,\"P1\":0,\"P25\":0,\"P50\":1,\"P75\":0,\"P99\":0,\"P100\":1,\"Percentiles\":null,\"TimeoutCount\":0,\"ProbeCount\":1,\"WindowSeconds\":0},{\"Time\":\"2026-01-04T20:01:51Z\",\"TargetID\":1,\"MinNS\":1,\"MaxNS\":1,\"AvgNS\":1,\"P0\":1,\"P1\":0,\"P25\":0,\"P50\":1,\"P75\":0,\"P99\":0,\"P100\":1,\"Percentiles\":null,\"TimeoutCount\":0,\"ProbeCount\":1,\"WindowSeconds\":0},{\"Time\":\"2026-01-04T20:02:51Z\",\"TargetID\":1,\"MinNS\":1,\"MaxNS\":1,\"AvgNS\":1,\"P0\":1,\"P1\":0,\"P25\":0,\"P50\":1,\"P75\":0,\"P99\":0,\"P100\":1,\"Percentiles\":null,\"TimeoutCount\":0,\"ProbeCount\":1,\"WindowSeconds\":0},{\"Time\":\"2026-01-04T20:03:51Z\",\"TargetID\":1,\"MinNS\":1,\"MaxNS\":1,\"AvgNS\":1,\"P0\":1,\"P1\":0,\"P25\":0,\"P50\":1,\"P75\":0,\"P99\":0,\"P100\":1,\"Percentiles\":null,\"TimeoutCount\":0,\"ProbeCount\":1,\"WindowSeconds\":0},{\"Time\":\"2026-01-04T20:04:51Z\",\"TargetID\":1,\"MinNS\":1,\"MaxNS\":1,\"AvgNS\":1,\"P0\":1,\"P1\":0,\"P25\":0,\"P50\":1,\"P75\":0,\"P99\":0,\"P100\":1,\"Percentiles\":null,\"TimeoutCount\":0,\"ProbeCount\":1,\"WindowSeconds\":0},{\"Time\":\"2026-01-04T20:05:51Z\",\"TargetID\":1,\"MinNS\":1,\"MaxNS\":1,\"AvgNS\":1,\"P0\":1,\"P1\":0,\"P25\":0,\"P50\":1,\"P75\":0,\"P99\":0,\"P100\":1,\"Percentiles\":null,\"TimeoutCount\":0,\"ProbeCount\":1,\"WindowSeconds\":0},{\"Time\":\"2026-01-04T20:06:51Z\",\"TargetID\":1,\"MinNS\":1,\"MaxNS\":1,\"AvgNS\":1,\"P0\":1,\"P1\":0,\"P25\":0,\"P50\":1,\"P75\":0,\"P99\":0,\"P100\":1,\"Percentiles\":null,\"TimeoutCount\":0,\"ProbeCount\":1,\"WindowSeconds\":0},{\"Time\":\"2026-01-04T20:07:51Z\",\"TargetID\":1,\"MinNS\":1,\"MaxNS\":1,\"AvgNS\":1,\"P0\":1,\"P1\":0,\"P25\":0,\"P50\":1,\"P75\":0,\"P99\":0,\"P100\":1,\"Percentiles\":null,\"TimeoutCount\":0,\"ProbeCount\":1,\"WindowSeconds\":0},{\"Time\":\"2026-01-04T20:08:51Z\",\"TargetID\":1,\"MinNS\":1,\"MaxNS\":1,\"AvgNS\":1,\"P0\":1,\"P1\":0,\"P25\":0,\"P50\":1,\"P75\":0,\"P99\":0,\"P100\":1,\"Percentiles\":null,\"TimeoutCount\":0,\"ProbeCount\":1,\"WindowSeconds\":0},{\"Time\":\"2026-01-04T20:09:51Z\",\"TargetID\":1,\"MinNS\":1,\"MaxNS\":1,\"AvgNS\":1,\"P0\":1,\"P1\":0,\"P25\":0,\"P50\":1,\"P75\":0,\"P99\":0,\"P100\":1,\"Percentiles\":null,\"TimeoutCount\":0,\"ProbeCount\":1,\"WindowSeconds\":0},{\"Time\":\"2026-01-04T20:10:51Z\",\"TargetID\":1,\"MinNS\":1,\"MaxNS\":1,\"AvgNS\":1,\"P0\":1,\"P1\":0,\"P25\":0,\"P50\":1,\"P75\":0,\"P99\":0,\"P100\":1,\"Percentiles\":null,\"TimeoutCount\":0,\"ProbeCount\":1,\"WindowSeconds\":0},{\"Time\":\"2026-01-04T20:11:51Z\",\"TargetID\":1,\"MinNS\":1,\"MaxNS\":1,\"AvgNS\":1,\"P0\":1,\"P1\":0,\"P25\":0,\"P50\":1,\"P75\":0,\"P99\":0,\"P100\":1,\"Percentiles\":null,\"TimeoutCount\":0,\"ProbeCount\":1,\"WindowSeconds\":0},{\"Time\":\"2026-01-04T20:12:51Z\",\"TargetID\":1,\"MinNS\":1,\"MaxNS\":1,\"AvgNS\":1,\"P0\":1,\"P1\":0,\"P25\":0,\"P50\":1,\"P75\":0,\"P99\":0,\"P100\":1,\"Percentiles\":null,\"TimeoutCount\":0,\"ProbeCount\":1,\"WindowSeconds\":0},{\"Time\":\"2026-01-04T20:13:51Z\",\"TargetID\":1,\"MinNS\":1,\"MaxNS\":1,\"AvgNS\":1,\"P0\":1,\"P1\":0,\"P25\":0,\"P50\":1,\"P75\":0,\"P99\":0,\"P100\":1,\"Percentiles\":null,\"TimeoutCount\":0,\"ProbeCount\":1,\"WindowSeconds\":0},{\"Time\":\"2026-01-04T20:14:51Z\",\"TargetID\":1,\"MinNS\":1,\"MaxNS\":1,\"AvgNS\":1,\"P0\":1,\"P1\":0,\"P25\":0,\"P50\":1,\"P75\":0,\"P99\":0,\"P100\":1,\"Percentiles\":null,\"TimeoutCount\":0,\"ProbeCount\":1,\"WindowSeconds\":0},{\"Time\":\"2026-01-04T20:15:51Z\",\"TargetID\":1,\"MinNS\":1,\"MaxNS\":1,\"AvgNS\":1,\"P0\":1,\"P1\":0,\"P25\":0,\"P50\":1,\"P75\":0,\"P99\":0,\"P100\":1,\"Percentiles\":null,\"TimeoutCount\":0,\"ProbeCount\":1,\"WindowSeconds\":0},{\"Time\":\"2026-01-04T20:16:51Z\",\"TargetID\":1,\"MinNS\":1,\"MaxNS\":1,\"AvgNS\":1,\"P0\":1,\"P1\":0,\"P25\":0,\"P50\":1,\"P75\":0,\"P99\":0,\"P100\":1,\"Percentiles\":null,\"TimeoutCount\":0,\"ProbeCount\":1,\"WindowSeconds\":0},{\"Time\":\"2026-01-04T20:17:51Z\",\"TargetID\":1,\"MinNS\":1,\"MaxNS\":1,\"AvgNS\":1,\"P0\":1,\"P1\":0,\"P25\":0,\"P50\":1,\"P75\":0,\"P99\":0,\"P100\":1,\"Percentiles\":null,\"TimeoutCount\":0,\"ProbeCount\":1,\"WindowSeconds\":0},{\"Time\":\"2026-01-04T20:18:51Z\",\"TargetID\":1,\"MinNS\":1,\"MaxNS\":1,\"AvgNS\":1,\"P0\":1,\"P1\":0,\"P25\":0,\"P50\":1,\"P75\":0,\"P99\":0,\"P100\":1,\"Percentiles\":null,\"TimeoutCount\":0,\"ProbeCount\":1,\"WindowSeconds\":0},{\"Time\":\"2026-01-04T20:19:51Z\",\"TargetID\":1,\"MinNS\":1,\"MaxNS\":1,\"AvgNS\":1,\"P0\":1,\"P1\":0,\"P25\":0,\"P50\":1,\"P75\":0,\"P99\":0,\"P100\":1,\"Percentiles\":null,\"TimeoutCount\":0,\"ProbeCount\":1,\"WindowSeconds\":0},{\"Time\":\"2026-01-04T20:20:51Z\",\"TargetID\":1,\"MinNS\":1,\"MaxNS\":1,\"AvgNS\":1,\"P0\":1,\"P1\":0,\"P25\":0,\"P50\":1,\"P75\":0,\"P99\":0,\"P100\":1,\"Percentiles\":null,\"TimeoutCount\":0,\"ProbeCount\":1,\"WindowSeconds\":0},{\"Time\":\"2026-01-04T20:21:51Z\",\"TargetID\":1,\"MinNS\":1,\"MaxNS\":1,\"AvgNS\":1,\"P0\":1,\"P1\":0,\"P25\":0,\"P50\":1,\"P75\":0,\"P99\":0,\"P100\":1,\"Percentiles\":null,\"TimeoutCount\":0,\"ProbeCount\":1,\"WindowSeconds\":0},{\"Time\":\"2026-01-04T20:22:51Z\",\"TargetID\":1,\"MinNS\":1,\"MaxNS\":1,\"AvgNS\":1,\"P0\":1,\"P1\":0,\"P25\":0,\"P50\":1,\"P75\":0,\"P99\":0,\"P100\":1,\"Percentiles\":null,\"TimeoutCount\":0,\"ProbeCount\":1,\"WindowSeconds\":0},{\"Time\":\"2026-01-04T20:23:51Z\",\"TargetID\":1,\"MinNS\":1,\"MaxNS\":1,\"AvgNS\":1,\"P0\":1,\"P1\":0,\"P25\":0,\"P50\":1,\"P75\":0,\"P99\":0,\"P100\":1,\"Percentiles\":null,\"TimeoutCount\":0,\"ProbeCount\":1,\"WindowSeconds\":0},{\"Time\":\"2026-01-04T20:24:51Z\",\"TargetID\":1,\"MinNS\":1,\"MaxNS\":1,\"AvgNS\":1,\"P0\":1,\"P1\":0,\"P25\":0,\"P50\":1,\"P75\":0,\"P99\":0,\"P100\":1,\"Percentiles\":null,\"TimeoutCount\":0,\"ProbeCount\":1,\"WindowSeconds\":0},{\"Time\":\"2026-01-04T20:25:51Z\",\"TargetID\":1,\"MinNS\":1,\"MaxNS\":1,\"AvgNS\":1,\"P0\":1,\"P1\":0,\"P25\":0,\"P50\":1,\"P75\":0,\"P99\":0,\"P100\":1,\"Percentiles\":null,\"TimeoutCount\":0,\"ProbeCount\":1,\"WindowSeconds\":0},{\"Time\":\"2026-01-04T20:26:51Z\",\"TargetID\":1,\"MinNS\":1,\"MaxNS\":1,\"AvgNS\":1,\"P0\":1,\"P1\":0,\"P25\":0,\"P50\":1,\"P75\":0,\"P99\":0,\"P100\":1,\"Percentiles\":null,\"TimeoutCount\":0,\"ProbeCount\":1,\"WindowSeconds\":0},{\"Time\":\"2026-01-04T20:27:51Z\",\"TargetID\":1,\"MinNS\":1,\"MaxNS\":1,\"AvgNS\":1,\"P0\":1,\"P1\":0,\"P25\":0,\"P50\":1,\"P75\":0,\"P99\":0,\"P100\":1,\"Percentiles\":null,\"TimeoutCount\":0,\"ProbeCount\":1,\"WindowSeconds\":0},{\"Time\":\"2026-01-04T20:28:51Z\",\"TargetID\":1,\"MinNS\":1,\"MaxNS\":1,\"AvgNS\":1,\"P0\":1,\"P1\":0,\"P25\":0,\"P50\":1,\"P75\":0,\"P99\":0,\"P100\":1,\"Percentiles\":null,\"TimeoutCount\":0,\"ProbeCount\":1,\"WindowSeconds\":0},{\"Time\":\"2026-01-04T20:29:51Z\",\"TargetID\":1,\"MinNS\":1,\"MaxNS\":1,\"AvgNS\":1,\"P0\":1,\"P1\":0,\"P25\":0,\"P50\":1,\"P75\":0,\"P99\":0,\"P100\":1,\"Percentiles\":null,\"TimeoutCount\":0,\"ProbeCount\":1,\"WindowSeconds\":0},{\"Time\":\"2026-01-04T20:30:51Z\",\"TargetID\":1,\"MinNS\":1,\"MaxNS\":1,\"AvgNS\":1,\"P0\":1,\"P1\":0,\"P25\":0,\"P50\":1,\"P75\":0,\"P99\":0,\"P100\":1,\"Percentiles\":null,\"TimeoutCount\":0,\"ProbeCount\":1,\"WindowSeconds\":0},{\"Time\":\"2026-01-04T20:31:51Z\",\"TargetID\":1,\"MinNS\":1,\"MaxNS\":1,\"AvgNS\":1,\"P0\":1,\"P1\":0,\"P25\":0,\"P50\":1,\"P75\":0,\"P99\":0,\"P100\":1,\"Percentiles\":null,\"TimeoutCount\":0,\"ProbeCount\":1,\"WindowSeconds\":0},{\"Time\":\"2026-01-04T20:32:51Z\",\"TargetID\":1,\"MinNS\":1,\"MaxNS\":1,\"AvgNS\":1,\"P0\":1,\"P1\":0,\"P25\":0,\"P50\":1,\"P75\":0,\"P99\":0,\"P100\":1,\"Percentiles\":null,\"TimeoutCount\":0,\"ProbeCount\":1,\"WindowSeconds\":0},{\"Time\":\"2026-01-04T20:33:51Z\",\"TargetID\":1,\"MinNS\":1,\"MaxNS\":1,\"AvgNS\":1,\"P0\":1,\"P1\":0,\"P25\":0,\"P50\":1,\"P75\":0,\"P99\":0,\"P100\":1,\"Percentiles\":null,\"TimeoutCount\":0,\"ProbeCount\":1,\"WindowSeconds\":0},{\"Time\":\"2026-01-04T20:34:51Z\",\"TargetID\":1,\"MinNS\":1,\"MaxNS\":1,\"AvgNS\":1,\"P0\":1,\"P1\":0,\"P25\":0,\"P50\":1,\"P75\":0,\"P99\":0,\"P100\":1,\"Percentiles\":null,\"TimeoutCount\":0,\"ProbeCount\":1,\"WindowSeconds\":0},{\"Time\":\"2026-01-04T20:35:51Z\",\"TargetID\":1,\"MinNS\":1,\"MaxNS\":1,\"AvgNS\":1,\"P0\":1,\"P1\":0,\"P25\":0,\"P50\":1,\"P75\":0,\"P99\":0,\"P100\":1,\"Percentiles\":null,\"TimeoutCount\":0,\"ProbeCount\":1,\"WindowSeconds\":0},{\"Time\":\"2026-01-04T20:36:51Z\",\"TargetID\":1,\"MinNS\":1,\"MaxNS\":1,\"AvgNS\":1,\"P0\":1,\"P1\":0,\"P25\":0,\"P50\":1,\"P75\":0,\"P99\":0,\"P100\":1,\"Percentiles\":null,\"TimeoutCount\":0,\"ProbeCount\":1,\"WindowSeconds\":0},{\"Time\":\"2026-01-04T20:37:51Z\",\"TargetID\":1,\"MinNS\":1,\"MaxNS\":1,\"AvgNS\":1,\"P0\":1,\"P1\":0,\"P25\":0,\"P50\":1,\"P75\":0,\"P99\":0,\"P100\":1,\"Percentiles\":null,\"TimeoutCount\":0,\"ProbeCount\":1,\"WindowSeconds\":0},{\"Time\":\"2026-01-04T20:38:51Z\",\"TargetID\":1,\"MinNS\":1,\"MaxNS\":1,\"AvgNS\":1,\"P0\":1,\"P1\":0,\"P25\":0,\"P50\":1,\"P75\":0,\"P99\":0,\"P100\":1,\"Percentiles\":null,\"TimeoutCount\":0,\"ProbeCount\":1,\"WindowSeconds\":0},{\"Time\":\"2026-01-04T20:39:51Z\",\"TargetID\":1,\"MinNS\":1,\"MaxNS\":1,\"AvgNS\":1,\"P0\":1,\"P1\":0,\"P25\":0,\"P50\":1,\"P75\":0,\"P99\":0,\"P100\":1,\"Percentiles\":null,\"TimeoutCount\":0,\"ProbeCount\":1,\"WindowSeconds\":0},{\"Time\":\"2026-01-04T20:40:51Z\",\"TargetID\":1,\"MinNS\":1,\"MaxNS\":1,\"AvgNS\":1,\"P0\":1,\"P1\":0,\"P25\":0,\"P50\":1,\"P75\":0,\"P99\":0,\"P100\":1,\"Percentiles\":null,\"TimeoutCount\":0,\"ProbeCount\":1,\"WindowSeconds\":0},{\"Time\":\"2026-01-04T20:41:51Z\",\"TargetID\":1,\"MinNS\":1,\"MaxNS\":1,\"AvgNS\":1,\"P0\":1,\"P1\":0,\"P25\":0,\"P50\":1,\"P75\":0,\"P99\":0,\"P100\":1,\"Percentiles\":null,\"TimeoutCount\":0,\"ProbeCount\":1,\"WindowSeconds\":0},{\"Time\":\"2026-01-04T20:42:51Z\",\"TargetID\":1,\"MinNS\":1,\"MaxNS\":1,\"AvgNS\":1,\"P0\":1,\"P1\":0,\"P25\":0,\"P50\":1,\"P75\":0,\"P99\":0,\"P100\":1,\"Percentiles\":null,\"TimeoutCount\":0,\"ProbeCount\":1,\"WindowSeconds\":0},{\"Time\":\"2026-01-04T20:43:51Z\",\"TargetID\":1,\"MinNS\":1,\"MaxNS\":1,\"AvgNS\":1,\"P0\":1,\"P1\":0,\"P25\":0,\"P50\":1,\"P75\":0,\"P99\":0,\"P100\":1,\"Percentiles\":null,\"TimeoutCount\":0,\"ProbeCount\":1,\"WindowSeconds\":0},{\"Time\":\"2026-01-04T20:44:51Z\",\"TargetID\":1,\"MinNS\":1,\"MaxNS\":1,\"AvgNS\":1,\"P0\":1,\"P1\":0,\"P25\":0,\"P50\":1,\"P75\":0,\"P99\":0,\"P100\":1,\"Percentiles\":null,\"TimeoutCount\":0,\"ProbeCount\":1,\"WindowSeconds\":0},{\"Time\":\"2026-01-04T20:45:51Z\",\"TargetID\":1,\"MinNS\":1,\"MaxNS\":1,\"AvgNS\":1,\"P0\":1,\"P1\":0,\"P25\":0,\"P50\":1,\"P75\":0,\"P99\":0,\"P100\":1,\"Percentiles\":null,\"TimeoutCount\":0,\"ProbeCount\":1,\"WindowSeconds\":0},{\"Time\":\"2026-01-04T20:46:51Z\",\"TargetID\":1,\"MinNS\":1,\"MaxNS\":1,\"AvgNS\":1,\"P0\":1,\"P1\":0,\"P25\":0,\"P50\":1,\"P75\":0,\"P99\":0,\"P100\":1,\"Percentiles\":null,\"TimeoutCount\":0,\"ProbeCount\":1,\"WindowSeconds\":0},{\"Time\":\"2026-01-04T20:47:51Z\",\"TargetID\":1,\"MinNS\":1,\"MaxNS\":1,\"AvgNS\":1,\"P0\":1,\"P1\":0,\"P25\":0,\"P50\":1,\"P75\":0,\"P99\":0,\"P100\":1,\"Percentiles\":null,\"TimeoutCount\":0,\"ProbeCount\":1,\"WindowSeconds\":0},{\"Time\":\"2026-01-04T20:48:51Z\",\"TargetID\":1,\"MinNS\":1,\"MaxNS\":1,\"AvgNS\":1,\"P0\":1,\"P1\":0,\"P25\":0,\"P50\":1,\"P75\":0,\"P99\":0,\"P100\":1,\"Percentiles\":null,\"TimeoutCount\":0,\"ProbeCount\":1,\"WindowSeconds\":0},{\"Time\":\"2026-01-04T20:49:51Z\",\"TargetID\":1,\"MinNS\":1,\"MaxNS\":1,\"AvgNS\":1,\"P0\":1,\"P1\":0,\"P25\":0,\"P50\":1,\"P75\":0,\"P99\":0,\"P100\":1,\"Percentiles\":null,\"TimeoutCount\":0,\"ProbeCount\":1,\"WindowSeconds\":0},{\"Time\":\"2026-01-04T20:50:51Z\",\"TargetID\":1,\"MinNS\":1,\"MaxNS\":1,\"AvgNS\":1,\"P0\":1,\"P1\":0,\"P25\":0,\"P50\":1,\"P75\":0,\"P99\":0,\"P100\":1,\"Percentiles\":null,\"TimeoutCount\":0,\"ProbeCount\":1,\"WindowSeconds\":0},{\"Time\":\"2026-01-04T20:51:51Z\",\"TargetID\":1,\"MinNS\":1,\"MaxNS\":1,\"AvgNS\":1,\"P0\":1,\"P1\":0,\"P25\":0,\"P50\":1,\"P75\":0,\"P99\":0,\"P100\":1,\"Percentiles\":null,\"TimeoutCount\":0,\"ProbeCount\":1,\"WindowSeconds\":0},{\"Time\":\"2026-01-04T20:52:51Z\",\"TargetID\":1,\"MinNS\":1,\"MaxNS\":1,\"AvgNS\":1,\"P0\":1,\"P1\":0,\"P25\":0,\"P50\":1,\"P75\":0,\"P99\":0,\"P100\":1,\"Percentiles\":null,\"TimeoutCount\":0,\"ProbeCount\":1,\"WindowSeconds\":0},{\"Time\":\"2026-01-04T20:53:51Z\",\"TargetID\":1,\"MinNS\":1,\"MaxNS\":1,\"AvgNS\":1,\"P0\":1,\"P1\":0,\"P25\":0,\"P50\":1,\"P75\":0,\"P99\":0,\"P100\":1,\"Percentiles\":null,\"TimeoutCount\":0,\"ProbeCount\":1,\"WindowSeconds\":0},{\"Time\":\"2026-01-04T20:54:51Z\",\"TargetID\":1,\"MinNS\":1,\"MaxNS\":1,\"AvgNS\":1,\"P0\":1,\"P1\":0,\"P25\":0,\"P50\":1,\"P75\":0,\"P99\":0,\"P100\":1,\"Percentiles\":null,\"TimeoutCount\":0,\"ProbeCount\":1,\"WindowSeconds\":0},{\"Time\":\"2026-01-04T20:55:51Z\",\"TargetID\":1,\"MinNS\":1,\"MaxNS\":1,\"AvgNS\":1,\"P0\":1,\"P1\":0,\"P25\":0,\"P50\":1,\"P75\":0,\"P99\":0,\"P100\":1,\"Percentiles\":null,\"TimeoutCount\":0,\"ProbeCount\":1,\"WindowSeconds\":0},{\"Time\":\"2026-01-04T20:56:51Z\",\"TargetID\":1,\"MinNS\":1,\"MaxNS\":1,\"AvgNS\":1,\"P0\":1,\"P1\":0,\"P25\":0,\"P50\":1,\"P75\":0,\"P99\":0,\"P100\":1,\"Percentiles\":null,\"TimeoutCount\":0,\"ProbeCount\":1,\"WindowSeconds\":0},{\"Time\":\"2026-01-04T20:57:51Z\",\"TargetID\":1,\"MinNS\":1,\"MaxNS\":1,\"AvgNS\":1,\"P0\":1,\"P1\":0,\"P25\":0,\"P50\":1,\"P75\":0,\"P99\":0,\"P100\":1,\"Percentiles\":null,\"TimeoutCount\":0,\"ProbeCount\":1,\"WindowSeconds\":0},{\"Time\":\"2026-01-04T22:38:51Z\",\"TargetID\":1,\"MinNS\":89900,\"MaxNS\":89900,\"AvgNS\":89900,\"P0\":89900,\"P1\":0,\"P25\":0,\"P50\":89900,\"P75\":0,\"P99\":0,\"P100\":89900,\"Percentiles\":null,\"TimeoutCount\":0,\"ProbeCount\":1,\"WindowSeconds\":0},{\"Time\":\"2026-01-04T22:39:51Z\",\"TargetID\":1,\"MinNS\":89800,\"MaxNS\":89800,\"AvgNS\":89800,\"P0\":89800,\"P1\":0,\"P25\":0,\"P50\":89800,\"P75\":0,\"P99\":0,\"P100\":89800,\"Percentiles\":null,\"TimeoutCount\":0,\"ProbeCount\":1,\"WindowSeconds\":0},{\"Time\":\"2026-01-04T22:40:51Z\",\"TargetID\":1,\"MinNS\":89700,\"MaxNS\":89700,\"AvgNS\":89700,\"P0\":89700,\"P1\":0,\"P25\":0,\"P50\":89700,\"P75\":0,\"P99\":0,\"P100\":89700,\"Percentiles\":null,\"TimeoutCount\":0,\"ProbeCount\":1,\"WindowSeconds\":0},{\"Time\":\"2026-01-04T22:41:51Z\",\"TargetID\":1,\"MinNS\":89600,\"MaxNS\":89600,\"AvgNS\":89600,\"P0\":89600,\"P1\":0,\"P25\":0,\"P50\":89600,\"P75\":0,\"P99\":0,\"P100\":89600,\"Percentiles\":null,\"TimeoutCount\":0,\"ProbeCount\":1,\"WindowSeconds\":0},{\"Time\":\"2026-01-04T22:42:51Z\",\"TargetID\":1,\"MinNS\":89500,\"MaxNS\":89500,\"AvgNS\":89500,\"P0\":89500,\"P1\":0,\"P25\":0,\"P50\":89500,\"P75\":0,\"P99\":0,\"P100\":89500,\"Percentiles\":null,\"TimeoutCount\":0,\"ProbeCount\":1,\"WindowSeconds\":0},{\"Time\":\"2026-01-04T22:43:51Z\",\"TargetID\":1,\"MinNS\":89400,\"MaxNS\":89400,\"AvgNS\":89400,\"P0\":89400,\"P1\":0,\"P25\":0,\"P50\":89400,\"P75\":0,\"P99\":0,\"P100\":89400,\"Percentiles\":null,\"TimeoutCount\":0,\"ProbeCount\":1,\"WindowSeconds\":0},{\"Time\":\"2026-01-04T22:44:51Z\",\"TargetID\":1,\"MinNS\":89300,\"MaxNS\":89300,\"AvgNS\":89300,\"P0\":89300,\"P1\":0,\"P25\":0,\"P50\":89300,\"P75\":0,\"P99\":0,\"P100\":89300,\"Percentiles\":null,\"TimeoutCount\":0,\"ProbeCount\":1,\"WindowSeconds\":0},{\"Time\":\"2026-01-04T22:45:51Z\",\"TargetID\":1,\"MinNS\":89200,\"MaxNS\":89200,\"AvgNS\":89200,\"P0\":89200,\"P1\":0,\"P25\":0,\"P50\":89200,\"P75\":0,\"P99\":0,\"P100\":89200,\"Percentiles\":null,\"TimeoutCount\":0,\"ProbeCount\":1,\"WindowSeconds\":0},{\"Time\":\"2026-01-04T22:46:51Z\",\"TargetID\":1,\"MinNS\":89100,\"MaxNS\":89100,\"AvgNS\":89100,\"P0\":89100,\"P1\":0,\"P25\":0,\"P50\":89100,\"P75\":0,\"P99\":0,\"P100\":89100,\"Percentiles\":null,\"TimeoutCount\":0,\"ProbeCount\":1,\"WindowSeconds\":0},{\"Time\":\"2026-01-04T22:47:51Z\",\"TargetID\":1,\"MinNS\":89000,\"MaxNS\":89000,\"AvgNS\":89000,\"P0\":89000,\"P1\":0,\"P25\":0,\"P50\":89000,\"P75\":0,\"P99\":0,\"P100\":89000,\"Percentiles\":null,\"TimeoutCount\":0,\"ProbeCount\":1,\"WindowSeconds\":0},{\"Time\":\"2026-01-04T22:48:51Z\",\"TargetID\":1,\"MinNS\":88900,\"MaxNS\":88900,\"AvgNS\":88900,\"P0\":88900,\"P1\":0,\"P25\":0,\"P50\":88900,\"P75\":0,\"P99\":0,\"P100\":88900,\"Percentiles\":null,\"TimeoutCount\":0,\"ProbeCount\":1,\"WindowSeconds\":0},{\"Time\":\"2026-01-04T22:49:51Z\",\"TargetID\":1,\"MinNS\":88800,\"MaxNS\":88800,\"AvgNS\":88800,\"P0\":88800,\"P1\":0,\"P25\":0,\"P50\":88800,\"P75\":0,\"P99\":0,\"P100\":88800,\"Percentiles\":null,\"TimeoutCount\":0,\"ProbeCount\":1,\"WindowSeconds\":0},{\"Time\":\"2026-01-04T22:50:51Z\",\"TargetID\":1,\"MinNS\":88700,\"MaxNS\":88700,\"AvgNS\":88700,\"P0\":88700,\"P1\":0,\"P25\":0,\"P50\":88700,\"P75\":0,\"P99\":0,\"P100\":88700,\"Percentiles\":null,\"TimeoutCount\":0,\"ProbeCount\":1,\"WindowSeconds\":0},{\"Time\":\"2026-01-04T22:51:51Z\",\"TargetID\":1,\"MinNS\":88600,\"MaxNS\":88600,\"AvgNS\":88600,\"P0\":88600,\"P1\":0,\"P25\":0,\"P50\":88600,\"P75\":0,\"P99\":0,\"P100\":88600,\"Percentiles\":null,\"TimeoutCount\":0,\"ProbeCount\":1,\"WindowSeconds\":0},{\"Time\":\"2026-01-04T22:52:51Z\",\"TargetID\":1,\"MinNS\":88500,\"MaxNS\":88500,\"AvgNS\":88500,\"P0\":88500,\"P1\":0,\"P25\":0,\"P50\":88500,\"P75\":0,\"P99\":0,\"P100\":88500,\"Percentiles\":null,\"TimeoutCount\":0,\"ProbeCount\":1,\"WindowSeconds\":0},{\"Time\":\"2026-01-04T22:53:51Z\",\"TargetID\":1,\"MinNS\":88400,\"MaxNS\":88400,\"AvgNS\":88400,\"P0\":88400,\"P1\":0,\"P25\":0,\"P50\":88400,\"P75\":0,\"P99\":0,\"P100\":88400,\"Percentiles\":null,\"TimeoutCount\":0,\"ProbeCount\":1,\"WindowSeconds\":0},{\"Time\":\"2026-01-04T22:54:51Z\",\"TargetID\":1,\"MinNS\":88300,\"MaxNS\":88300,\"AvgNS\":88300,\"P0\":88300,\"P1\":0,\"P25\":0,\"P50\":88300,\"P75\":0,\"P99\":0,\"P100\":88300,\"Percentiles\":null,\"TimeoutCount\":0,\"ProbeCount\":1,\"WindowSeconds\":0},{\"Time\":\"2026-01-04T22:55:51Z\",\"TargetID\":1,\"MinNS\":88200,\"MaxNS\":88200,\"AvgNS\":88200,\"P0\":88200,\"P1\":0,\"P25\":0,\"P50\":88200,\"P75\":0,\"P99\":0,\"P100\":88200,\"Percentiles\":null,\"TimeoutCount\":0,\"ProbeCount\":1,\"WindowSeconds\":0},{\"Time\":\"2026-01-04T22:56:51Z\",\"TargetID\":1,\"MinNS\":88100,\"MaxNS\":88100,\"AvgNS\":88100,\"P0\":88100,\"P1\":0,\"P25\":0,\"P50\":88100,\"P75\":0,\"P99\":0,\"P100\":88100,\"Percentiles\":null,\"TimeoutCount\":0,\"ProbeCount\":1,\"WindowSeconds\":0},{\"Time\":\"2026-01-04T22:57:51Z\",\"TargetID\":1,\"MinNS\":88000,\"MaxNS\":88000,\"AvgNS\":88000,\"P0\":88000,\"P1\":0,\"P25\":0,\"P50\":88000,\"P75\":0,\"P99\":0,\"P100\":88000,\"Percentiles\":null,\"TimeoutCount\":0,\"ProbeCount\":1,\"WindowSeconds\":0},{\"Time\":\"2026-01-04T22:58:51Z\",\"TargetID\":1,\"MinNS\":87900,\"MaxNS\":87900,\"AvgNS\":87900,\"P0\":87900,\"P1\":0,\"P25\":0,\"P50\":87900,\"P75\":0,\"P99\":0,\"P100\":87900,\"Percentiles\":null,\"TimeoutCount\":0,\"ProbeCount\":1,\"WindowSeconds\":0},{\"Time\":\"2026-01-04T22:59:51Z\",\"TargetID\":1,\"MinNS\":87800,\"MaxNS\":87800,\"AvgNS\":87800,\"P0\":87800,\"P1\":0,\"P25\":0,\"P50\":87800,\"P75\":0,\"P99\":0,\"P100\":87800,\"Percentiles\":null,\"TimeoutCount\":0,\"ProbeCount\":1,\"WindowSeconds\":0},{\"Time\":\"2026-01-04T23:00:51Z\",\"TargetID\":1,\"MinNS\":87700,\"MaxNS\":87700,\"AvgNS\":87700,\"P0\":87700,\"P1\":0,\"P25\":0,\"P50\":87700,\"P75\":0,\"P99\":0,\"P100\":87700,\"Percentiles\":null,\"TimeoutCount\":0,\"ProbeCount\":1,\"WindowSeconds\":0},{\"Time\":\"2026-01-04T23:01:51Z\",\"TargetID\":1,\"MinNS\":87600,\"MaxNS\":87600,\"AvgNS\":87600,\"P0\":87600,\"P1\":0,\"P25\":0,\"P50\":87600,\"P75\":0,\"P99\":0,\"P100\":87600,\"Percentiles\":null,\"TimeoutCount\":0,\"ProbeCount\":1,\"WindowSeconds\":0},{\"Time\":\"2026-01-04T23:02:51Z\",\"TargetID\":1,\"MinNS\":87500,\"MaxNS\":87500,\"AvgNS\":87500,\"P0\":87500,\"P1\":0,\"P25\":0,\"P50\":87500,\"P75\":0,\"P99\":0,\"P100\":87500,\"Percentiles\":null,\"TimeoutCount\":0,\"ProbeCount\":1,\"WindowSeconds\":0},{\"Time\":\"2026-01-04T23:03:51Z\",\"TargetID\":1,\"MinNS\":87400,\"MaxNS\":87400,\"AvgNS\":87400,\"P0\":87400,\"P1\":0,\"P25\":0,\"P50\":87400,\"P75\":0,\"P99\":0,\"P100\":87400,\"Percentiles\":null,\"TimeoutCount\":0,\"ProbeCount\":1,\"WindowSeconds\":0},{\"Time\":\"2026-01-04T23:04:51Z\",\"TargetID\":1,\"MinNS\":87300,\"MaxNS\":87300,\"AvgNS\":87300,\"P0\":87300,\"P1\":0,\"P25\":0,\"P50\":87300,\"P75\":0,\"P99\":0,\"P100\":87300,\"Percentiles\":null,\"TimeoutCount\":0,\"ProbeCount\":1,\"WindowSeconds\":0},{\"Time\":\"2026-01-04T23:05:51Z\",\"TargetID\":1,\"MinNS\":87200,\"MaxNS\":87200,\"AvgNS\":87200,\"P0\":87200,\"P1\":0,\"P25\":0,\"P50\":87200,\"P75\":0,\"P99\":0,\"P100\":87200,\"Percentiles\":null,\"TimeoutCount\":0,\"ProbeCount\":1,\"WindowSeconds\":0},{\"Time\":\"2026-01-04T23:06:51Z\",\"TargetID\":1,\"MinNS\":87100,\"MaxNS\":87100,\"AvgNS\":87100,\"P0\":87100,\"P1\":0,\"P25\":0,\"P50\":87100,\"P75\":0,\"P99\":0,\"P100\":87100,\"Percentiles\":null,\"TimeoutCount\":0,\"ProbeCount\":1,\"WindowSeconds\":0},{\"Time\":\"2026-01-04T23:07:51Z\",\"TargetID\":1,\"MinNS\":87000,\"MaxNS\":87000,\"AvgNS\":87000,\"P0\":87000,\"P1\":0,\"P25\":0,\"P50\":87000,\"P75\":0,\"P99\":0,\"P100\":87000,\"Percentiles\":null,\"TimeoutCount\":0,\"ProbeCount\":1,\"WindowSeconds\":0},{\"Time\":\"2026-01-04T23:08:51Z\",\"TargetID\":1,\"MinNS\":86900,\"MaxNS\":86900,\"AvgNS\":86900,\"P0\":86900,\"P1\":0,\"P25\":0,\"P50\":86900,\"P75\":0,\"P99\":0,\"P100\":86900,\"Percentiles\":null,\"TimeoutCount\":0,\"ProbeCount\":1,\"WindowSeconds\":0},{\"Time\":\"2026-01-04T23:09:51Z\",\"TargetID\":1,\"MinNS\":86800,\"MaxNS\":86800,\"AvgNS\":86800,\"P0\":86800,\"P1\":0,\"P25\":0,\"P50\":86800,\"P75\":0,\"P99\":0,\"P100\":86800,\"Percentiles\":null,\"TimeoutCount\":0,\"ProbeCount\":1,\"WindowSeconds\":0},{\"Time\":\"2026-01-04T23:10:51Z\",\"TargetID\":1,\"MinNS\":86700,\"MaxNS\":86700,\"AvgNS\":86700,\"P0\":86700,\"P1\":0,\"P25\":0,\"P50\":86700,\"P75\":0,\"P99\":0,\"P100\":86700,\"Percentiles\":null,\"TimeoutCount\":0,\"ProbeCount\":1,\"WindowSeconds\":0},{\"Time\":\"2026-01-04T23:11:51Z\",\"TargetID\":1,\"MinNS\":86600,\"MaxNS\":86600,\"AvgNS\":86600,\"P0\":86600,\"P1\":0,\"P25\":0,\"P50\":86600,\"P75\":0,\"P99\":0,\"P100\":86600,\"Percentiles\":null,\"TimeoutCount\":0,\"ProbeCount\":1,\"WindowSeconds\":0},{\"Time\":\"2026-01-04T23:12:51Z\",\"TargetID\":1,\"MinNS\":86500,\"MaxNS\":86500,\"AvgNS\":86500,\"P0\":86500,\"P1\":0,\"P25\":0,\"P50\":86500,\"P75\":0,\"P99\":0,\"P100\":86500,\"Percentiles\":null,\"TimeoutCount\":0,\"ProbeCount\":1,\"WindowSeconds\":0},{\"Time\":\"2026-01-04T23:13:51Z\",\"TargetID\":1,\"MinNS\":86400,\"MaxNS\":86400,\"AvgNS\":86400,\"P0\":86400,\"P1\":0,\"P25\":0,\"P50\":86400,\"P75\":0,\"P99\":0,\"P100\":86400,\"Percentiles\":null,\"TimeoutCount\":0,\"ProbeCount\":1,\"WindowSeconds\":0},{\"Time\":\"2026-01-04T23:14:51Z\",\"TargetID\":1,\"MinNS\":86300,\"MaxNS\":86300,\"AvgNS\":86300,\"P0\":86300,\"P1\":0,\"P25\":0,\"P50\":86300,\"P75\":0,\"P99\":0,\"P100\":86300,\"Percentiles\":null,\"TimeoutCount\":0,\"ProbeCount\":1,\"WindowSeconds\":0},{\"Time\":\"2026-01-04T23:15:51Z\",\"TargetID\":1,\"MinNS\":86200,\"MaxNS\":86200,\"AvgNS\":86200,\"P0\":86200,\"P1\":0,\"P25\":0,\"P50\":86200,\"P75\":0,\"P99\":0,\"P100\":86200,\"Percentiles\":null,\"TimeoutCount\":0,\"ProbeCount\":1,\"WindowSeconds\":0},{\"Time\":\"2026-01-04T23:16:51Z\",\"TargetID\":1,\"MinNS\":86100,\"MaxNS\":86100,\"AvgNS\":86100,\"P0\":86100,\"P1\":0,\"P25\":0,\"P50\":86100,\"P75\":0,\"P99\":0,\"P100\":86100,\"Percentiles\":null,\"TimeoutCount\":0,\"ProbeCount\":1,\"WindowSeconds\":0},{\"Time\":\"2026-01-04T23:17:51Z\",\"TargetID\":1,\"MinNS\":86000,\"MaxNS\":86000,\"AvgNS\":86000,\"P0\":86000,\"P1\":0,\"P25\":0,\"P50\":86000,\"P75\":0,\"P99\":0,\"P100\":86000,\"Percentiles\":null,\"TimeoutCount\":0,\"ProbeCount\":1,\"WindowSeconds\":0},{\"Time\":\"2026-01-04T23:18:51Z\",\"TargetID\":1,\"MinNS\":85900,\"MaxNS\":85900,\"AvgNS\":85900,\"P0\":85900,\"P1\":0,\"P25\":0,\"P50\":85900,\"P75\":0,\"P99\":0,\"P100\":85900,\"Percentiles\":null,\"TimeoutCount\":0,\"ProbeCount\":1,\"WindowSeconds\":0},{\"Time\":\"2026-01-04T23:19:51Z\",\"TargetID\":1,\"MinNS\":85800,\"MaxNS\":85800,\"AvgNS\":85800,\"P0\":85800,\"P1\":0,\"P25\":0,\"P50\":85800,\"P75\":0,\"P99\":0,\"P100\":85800,\"Percentiles\":null,\"TimeoutCount\":0,\"ProbeCount\":1,\"WindowSeconds\":0},{\"Time\":\"2026-01-04T23:20:51Z\",\"TargetID\":1,\"MinNS\":85700,\"MaxNS\":85700,\"AvgNS\":85700,\"P0\":85700,\"P1\":0,\"P25\":0,\"P50\":85700,\"P75\":0,\"P99\":0,\"P100\":85700,\"Percentiles\":null,\"TimeoutCount\":0,\"ProbeCount\":1,\"WindowSeconds\":0},{\"Time\":\"2026-01-04T23:21:51Z\",\"TargetID\":1,\"MinNS\":85600,\"MaxNS\":85600,\"AvgNS\":85600,\"P0\":85600,\"P1\":0,\"P25\":0,\"P50\":85600,\"P75\":0,\"P99\":0,\"P100\":85600,\"Percentiles\":null,\"TimeoutCount\":0,\"ProbeCount\":1,\"WindowSeconds\":0},{\"Time\":\"2026-01-04T23:22:51Z\",\"TargetID\":1,\"MinNS\":85500,\"MaxNS\":85500,\"AvgNS\":85500,\"P0\":85500,\"P1\":0,\"P25\":0,\"P50\":85500,\"P75\":0,\"P99\":0,\"P100\":85500,\"Percentiles\":null,\"TimeoutCount\":0,\"ProbeCount\":1,\"WindowSeconds\":0},{\"Time\":\"2026-01-04T23:23:51Z\",\"TargetID\":1,\"MinNS\":85400,\"MaxNS\":85400,\"AvgNS\":85400,\"P0\":85400,\"P1\":0,\"P25\":0,\"P50\":85400,\"P75\":0,\"P99\":0,\"P100\":85400,\"Percentiles\":null,\"TimeoutCount\":0,\"ProbeCount\":1,\"WindowSeconds\":0},{\"Time\":\"2026-01-04T23:24:51Z\",\"TargetID\":1,\"MinNS\":85300,\"MaxNS\":85300,\"AvgNS\":85300,\"P0\":85300,\"P1\":0,\"P25\":0,\"P50\":85300,\"P75\":0,\"P99\":0,\"P100\":85300,\"Percentiles\":null,\"TimeoutCount\":0,\"ProbeCount\":1,\"WindowSeconds\":0},{\"Time\":\"2026-01-04T23:25:51Z\",\"TargetID\":1,\"MinNS\":85200,\"MaxNS\":85200,\"AvgNS\":85200,\"P0\":85200,\"P1\":0,\"P25\":0,\"P50\":85200,\"P75\":0,\"P99\":0,\"P100\":85200,\"Percentiles\":null,\"TimeoutCount\":0,\"ProbeCount\":1,\"WindowSeconds\":0},{\"Time\":\"2026-01-04T23:26:51Z\",\"TargetID\":1,\"MinNS\":85100,\"MaxNS\":85100,\"AvgNS\":85100,\"P0\":85100,\"P1\":0,\"P25\":0,\"P50\":85100,\"P75\":0,\"P99\":0,\"P100\":85100,\"Percentiles\":null,\"TimeoutCount\":0,\"ProbeCount\":1,\"WindowSeconds\":0},{\"Time\":\"2026-01-04T23:27:51Z\",\"TargetID\":1,\"MinNS\":85000,\"MaxNS\":85000,\"AvgNS\":85000,\"P0\":85000,\"P1\":0,\"P25\":0,\"P50\":85000,\"P75\":0,\"P99\":0,\"P100\":85000,\"Percentiles\":null,\"TimeoutCount\":0,\"ProbeCount\":1,\"WindowSeconds\":0},{\"Time\":\"2026-01-04T23:28:51Z\",\"TargetID\":1,\"MinNS\":84900,\"MaxNS\":84900,\"AvgNS\":84900,\"P0\":84900,\"P1\":0,\"P25\":0,\"P50\":84900,\"P75\":0,\"P99\":0,\"P100\":84900,\"Percentiles\":null,\"TimeoutCount\":0,\"ProbeCount\":1,\"WindowSeconds\":0},{\"Time\":\"2026-01-04T23:29:51Z\",\"TargetID\":1,\"MinNS\":84800,\"MaxNS\":84800,\"AvgNS\":84800,\"P0\":84800,\"P1\":0,\"P25\":0,\"P50\":84800,\"P75\":0,\"P99\":0,\"P100\":84800,\"Percentiles\":null,\"TimeoutCount\":0,\"ProbeCount\":1,\"WindowSeconds\":0},{\"Time\":\"2026-01-04T23:30:51Z\",\"TargetID\":1,\"MinNS\":84700,\"MaxNS\":84700,\"AvgNS\":84700,\"P0\":84700,\"P1\":0,\"P25\":0,\"P50\":84700,\"P75\":0,\"P99\":0,\"P100\":84700,\"Percentiles\":null,\"TimeoutCount\":0,\"ProbeCount\":1,\"WindowSeconds\":0},{\"Time\":\"2026-01-04T23:31:51Z\",\"TargetID\":1,\"MinNS\":84600,\"MaxNS\":84600,\"AvgNS\":84600,\"P0\":84600,\"P1\":0,\"P25\":0,\"P50\":84600,\"P75\":0,\"P99\":0,\"P100\":84600,\"Percentiles\":null,\"TimeoutCount\":0,\"ProbeCount\":1,\"WindowSeconds\":0},{\"Time\":\"2026-01-04T23:32:51Z\",\"TargetID\":1,\"MinNS\":84500,\"MaxNS\":84500,\"AvgNS\":84500,\"P0\":84500,\"P1\":0,\"P25\":0,\"P50\":84500,\"P75\":0,\"P99\":0,\"P100\":84500,\"Percentiles\":null,\"TimeoutCount\":0,\"ProbeCount\":1,\"WindowSeconds\":0},{\"Time\":\"2026-01-04T23:33:51Z\",\"TargetID\":1,\"MinNS\":84400,\"MaxNS\":84400,\"AvgNS\":84400,\"P0\":84400,\"P1\":0,\"P25\":0,\"P50\":84400,\"P75\":0,\"P99\":0,\"P100\":84400,\"Percentiles\":null,\"TimeoutCount\":0,\"ProbeCount\":1,\"WindowSeconds\":0},{\"Time\":\"2026-01-04T23:34:51Z\",\"TargetID\":1,\"MinNS\":84300,\"MaxNS\":84300,\"AvgNS\":84300,\"P0\":84300,\"P1\":0,\"P25\":0,\"P50\":84300,\"P75\":0,\"P99\":0,\"P100\":84300,\"Percentiles\":null,\"TimeoutCount\":0,\"ProbeCount\":1,\"WindowSeconds\":0},{\"Time\":\"2026-01-04T23:35:51Z\",\"TargetID\":1,\"MinNS\":84200,\"MaxNS\":84200,\"AvgNS\":84200,\"P0\":84200,\"P1\":0,\"P25\":0,\"P50\":84200,\"P75\":0,\"P99\":0,\"P100\":84200,\"Percentiles\":null,\"TimeoutCount\":0,\"ProbeCount\":1,\"WindowSeconds\":0},{\"Time\":\"2026-01-04T23:36:51Z\",\"TargetID\":1,\"MinNS\":84100,\"MaxNS\":84100,\"AvgNS\":84100,\"P0\":84100,\"P1\":0,\"P25\":0,\"P50\":84100,\"P75\":0,\"P99\":0,\"P100\":84100,\"Percentiles\":null,\"TimeoutCount\":0,\"ProbeCount\":1,\"WindowSeconds\":0},{\"Time\":\"2026-01-04T23:37:51Z\",\"TargetID\":1,\"MinNS\":84000,\"MaxNS\":84000,\"AvgNS\":84000,\"P0\":84000,\"P1\":0,\"P25\":0,\"P50\":84000,\"P75\":0,\"P99\":0,\"P100\":84000,\"Percentiles\":null,\"TimeoutCount\":0,\"ProbeCount\":1,\"WindowSeconds\":0},{\"Time\":\"2026-01-04T23:38:51Z\",\"TargetID\":1,\"MinNS\":83900,\"MaxNS\":83900,\"AvgNS\":83900,\"P0\":83900,\"P1\":0,\"P25\":0,\"P50\":83900,\"P75\":0,\"P99\":0,\"P100\":83900,\"Percentiles\":null,\"TimeoutCount\":0,\"ProbeCount\":1,\"WindowSeconds\":0},{\"Time\":\"2026-01-04T23:39:51Z\",\"TargetID\":1,\"MinNS\":83800,\"MaxNS\":83800,\"AvgNS\":83800,\"P0\":83800,\"P1\":0,\"P25\":0,\"P50\":83800,\"P75\":0,\"P99\":0,\"P100\":83800,\"Percentiles\":null,\"TimeoutCount\":0,\"ProbeCount\":1,\"WindowSeconds\":0},{\"Time\":\"2026-01-04T23:40:51Z\",\"TargetID\":1,\"MinNS\":83700,\"MaxNS\":83700,\"AvgNS\":83700,\"P0\":83700,\"P1\":0,\"P25\":0,\"P50\":83700,\"P75\":0,\"P99\":0,\"P100\":83700,\"Percentiles\":null,\"TimeoutCount\":0,\"ProbeCount\":1,\"WindowSeconds\":0},{\"Time\":\"2026-01-04T23:41:51Z\",\"TargetID\":1,\"MinNS\":83600,\"MaxNS\":83600,\"AvgNS\":83600,\"P0\":83600,\"P1\":0,\"P25\":0,\"P50\":83600,\"P75\":0,\"P99\":0,\"P100\":83600,\"Percentiles\":null,\"TimeoutCount\":0,\"ProbeCount\":1,\"WindowSeconds\":0},{\"Time\":\"2026-01-04T23:42:51Z\",\"TargetID\":1,\"MinNS\":83500,\"MaxNS\":83500,\"AvgNS\":83500,\"P0\":83500,\"P1\":0,\"P25\":0,\"P50\":83500,\"P75\":0,\"P99\":0,\"P100\":83500,\"Percentiles\":null,\"TimeoutCount\":0,\"ProbeCount\":1,\"WindowSeconds\":0},{\"Time\":\"2026-01-04T23:43:51Z\",\"TargetID\":1,\"MinNS\":83400,\"MaxNS\":83400,\"AvgNS\":83400,\"P0\":83400,\"P1\":0,\"P25\":0,\"P50\":83400,\"P75\":0,\"P99\":0,\"P100\":83400,\"Percentiles\":null,\"TimeoutCount\":0,\"ProbeCount\":1,\"WindowSeconds\":0},{\"Time\":\"2026-01-04T23:44:51Z\",\"TargetID\":1,\"MinNS\":83300,\"MaxNS\":83300,\"AvgNS\":83300,\"P0\":83300,\"P1\":0,\"P25\":0,\"P50\":83300,\"P75\":0,\"P99\":0,\"P100\":83300,\"Percentiles\":null,\"TimeoutCount\":0,\"ProbeCount\":1,\"WindowSeconds\":0},{\"Time\":\"2026-01-04T23:45:51Z\",\"TargetID\":1,\"MinNS\":83200,\"MaxNS\":83200,\"AvgNS\":83200,\"P0\":83200,\"P1\":0,\"P25\":0,\"P50\":83200,\"P75\":0,\"P99\":0,\"P100\":83200,\"Percentiles\":null,\"TimeoutCount\":0,\"ProbeCount\":1,\"WindowSeconds\":0},{\"Time\":\"2026-01-04T23:46:51Z\",\"TargetID\":1,\"MinNS\":83100,\"MaxNS\":83100,\"AvgNS\":83100,\"P0\":83100,\"P1\":0,\"P25\":0,\"P50\":83100,\"P75\":0,\"P99\":0,\"P100\":83100,\"Percentiles\":null,\"TimeoutCount\":0,\"ProbeCount\":1,\"WindowSeconds\":0},{\"Time\":\"2026-01-04T23:47:51Z\",\"TargetID\":1,\"MinNS\":83000,\"MaxNS\":83000,\"AvgNS\":83000,\"P0\":83000,\"P1\":0,\"P25\":0,\"P50\":83000,\"P75\":0,\"P99\":0,\"P100\":83000,\"Percentiles\":null,\"TimeoutCount\":0,\"ProbeCount\":1,\"WindowSeconds\":0},{\"Time\":\"2026-01-04T23:48:51Z\",\"TargetID\":1,\"MinNS\":82900,\"MaxNS\":82900,\"AvgNS\":82900,\"P0\":82900,\"P1\":0,\"P25\":0,\"P50\":82900,\"P75\":0,\"P99\":0,\"P100\":82900,\"Percentiles\":null,\"TimeoutCount\":0,\"ProbeCount\":1,\"WindowSeconds\":0},{\"Time\":\"2026-01-04T23:49:51Z\",\"TargetID\":1,\"MinNS\":82800,\"MaxNS\":82800,\"AvgNS\":82800,\"P0\":82800,\"P1\":0,\"P25\":0,\"P50\":82800,\"P75\":0,\"P99\":0,\"P100\":82800,\"Percentiles\":null,\"TimeoutCount\":0,\"ProbeCount\":1,\"WindowSeconds\":0},{\"Time\":\"2026-01-04T23:50:51Z\",\"TargetID\":1,\"MinNS\":82700,\"MaxNS\":82700,\"AvgNS\":82700,\"P0\":82700,\"P1\":0,\"P25\":0,\"P50\":82700,\"P75\":0,\"P99\":0,\"P100\":82700,\"Percentiles\":null,\"TimeoutCount\":0,\"ProbeCount\":1,\"WindowSeconds\":0},{\"Time\":\"2026-01-04T23:51:51Z\",\"TargetID\":1,\"MinNS\":82600,\"MaxNS\":82600,\"AvgNS\":82600,\"P0\":82600,\"P1\":0,\"P25\":0,\"P50\":82600,\"P75\":0,\"P99\":0,\"P100\":82600,\"Percentiles\":null,\"TimeoutCount\":0,\"ProbeCount\":1,\"WindowSeconds\":0},{\"Time\":\"2026-01-04T23:52:51Z\",\"TargetID\":1,\"MinNS\":82500,\"MaxNS\":82500,\"AvgNS\":82500,\"P0\":82500,\"P1\":0,\"P25\":0,\"P50\":82500,\"P75\":0,\"P99\":0,\"P100\":82500,\"Percentiles\":null,\"TimeoutCount\":0,\"ProbeCount\":1,\"WindowSeconds\":0},{\"Time\":\"2026-01-04T23:53:51Z\",\"TargetID\":1,\"MinNS\":82400,\"MaxNS\":82400,\"AvgNS\":82400,\"P0\":82400,\"P1\":0,\"P25\":0,\"P50\":82400,\"P75\":0,\"P99\":0,\"P100\":82400,\"Percentiles\":null,\"TimeoutCount\":0,\"ProbeCount\":1,\"WindowSeconds\":0},{\"Time\":\"2026-01-04T23:54:51Z\",\"TargetID\":1,\"MinNS\":82300,\"MaxNS\":82300,\"AvgNS\":82300,\"P0\":82300,\"P1\":0,\"P25\":0,\"P50\":82300,\"P75\":0,\"P99\":0,\"P100\":82300,\"Percentiles\":null,\"TimeoutCount\":0,\"ProbeCount\":1,\"WindowSeconds\":0},{\"Time\":\"2026-01-04T23:55:51Z\",\"TargetID\":1,\"MinNS\":82200,\"MaxNS\":82200,\"AvgNS\":82200,\"P0\":82200,\"P1\":0,\"P25\":0,\"P50\":82200,\"P75\":0,\"P99\":0,\"P100\":82200,\"Percentiles\":null,\"TimeoutCount\":0,\"ProbeCount\":1,\"WindowSeconds\":0},{\"Time\":\"2026-01-04T23:56:51Z\",\"TargetID\":1,\"MinNS\":82100,\"MaxNS\":82100,\"AvgNS\":82100,\"P0\":82100,\"P1\":0,\"P25\":0,\"P50\":82100,\"P75\":0,\"P99\":0,\"P100\":82100,\"Percentiles\":null,\"TimeoutCount\":0,\"ProbeCount\":1,\"WindowSeconds\":0},{\"Time\":\"2026-01-04T23:57:51Z\",\"TargetID\":1,\"MinNS\":82000,\"MaxNS\":82000,\"AvgNS\":82000,\"P0\":82000,\"P1\":0,\"P25\":0,\"P50\":82000,\"P75\":0,\"P99\":0,\"P100\":82000,\"Percentiles\":null,\"TimeoutCount\":0,\"ProbeCount\":1,\"WindowSeconds\":0},{\"Time\":\"2026-01-04T23:58:51Z\",\"TargetID\":1,\"MinNS\":81900,\"MaxNS\":81900,\"AvgNS\":81900,\"P0\":81900,\"P1\":0,\"P25\":0,\"P50\":81900,\"P75\":0,\"P99\":0,\"P100\":81900,\"Percentiles\":null,\"TimeoutCount\":0,\"ProbeCount\":1,\"WindowSeconds\":0},{\"Time\":\"2026-01-04T23:59:51Z\",\"TargetID\":1,\"MinNS\":81800,\"MaxNS\":81800,\"AvgNS\":81800,\"P0\":81800,\"P1\":0,\"P25\":0,\"P50\":81800,\"P75\":0,\"P99\":0,\"P100\":81800,\"Percentiles\":null,\"TimeoutCount\":0,\"ProbeCount\":1,\"WindowSeconds\":0},{\"Time\":\"2026-01-05T00:00:51Z\",\"TargetID\":1,\"MinNS\":81700,\"MaxNS\":81700,\"AvgNS\":81700,\"P0\":81700,\"P1\":0,\"P25\":0,\"P50\":81700,\"P75\":0,\"P99\":0,\"P100\":81700,\"Percentiles\":null,\"TimeoutCount\":0,\"ProbeCount\":1,\"WindowSeconds\":0},{\"Time\":\"2026-01-05T00:01:51Z\",\"TargetID\":1,\"MinNS\":81600,\"MaxNS\":81600,\"AvgNS\":81600,\"P0\":81600,\"P1\":0,\"P25\":0,\"P50\":81600,\"P75\":0,\"P99\":0,\"P100\":81600,\"Percentiles\":null,\"TimeoutCount\":0,\"ProbeCount\":1,\"WindowSeconds\":0},{\"Time\":\"2026-01-05T00:02:51Z\",\"TargetID\":1,\"MinNS\":81500,\"MaxNS\":81500,\"AvgNS\":81500,\"P0\":81500,\"P1\":0,\"P25\":0,\"P50\":81500,\"P75\":0,\"P99\":0,\"P100\":81500,\"Percentiles\":null,\"TimeoutCount\":0,\"ProbeCount\":1,\"WindowSeconds\":0},{\"Time\":\"2026-01-05T00:03:51Z\",\"TargetID\":1,\"MinNS\":81400,\"MaxNS\":81400,\"AvgNS\":81400,\"P0\":81400,\"P1\":0,\"P25\":0,\"P50\":81400,\"P75\":0,\"P99\":0,\"P100\":81400,\"Percentiles\":null,\"TimeoutCount\":0,\"ProbeCount\":1,\"WindowSeconds\":0},{\"Time\":\"2026-01-05T00:04:51Z\",\"TargetID\":1,\"MinNS\":81300,\"MaxNS\":81300,\"AvgNS\":81300,\"P0\":81300,\"P1\":0,\"P25\":0,\"P50\":81300,\"P75\":0,\"P99\":0,\"P100\":81300,\"Percentiles\":null,\"TimeoutCount\":0,\"ProbeCount\":1,\"WindowSeconds\":0},{\"Time\":\"2026-01-05T00:05:51Z\",\"TargetID\":1,\"MinNS\":81200,\"MaxNS\":81200,\"AvgNS\":81200,\"P0\":81200,\"P1\":0,\"P25\":0,\"P50\":81200,\"P75\":0,\"P99\":0,\"P100\":81200,\"Percentiles\":null,\"TimeoutCount\":0,\"ProbeCount\":1,\"WindowSeconds\":0},{\"Time\":\"2026-01-05T00:06:51Z\",\"TargetID\":1,\"MinNS\":81100,\"MaxNS\":81100,\"AvgNS\":81100,\"P0\":81100,\"P1\":0,\"P25\":0,\"P50\":81100,\"P75\":0,\"P99\":0,\"P100\":81100,\"Percentiles\":null,\"TimeoutCount\":0,\"ProbeCount\":1,\"WindowSeconds\":0},{\"Time\":\"2026-01-05T00:07:51Z\",\"TargetID\":1,\"MinNS\":81000,\"MaxNS\":81000,\"AvgNS\":81000,\"P0\":81000,\"P1\":0,\"P25\":0,\"P50\":81000,\"P75\":0,\"P99\":0,\"P100\":81000,\"Percentiles\":null,\"TimeoutCount\":0,\"ProbeCount\":1,\"WindowSeconds\":0},{\"Time\":\"2026-01-05T00:08:51Z\",\"TargetID\":1,\"MinNS\":80900,\"MaxNS\":80900,\"AvgNS\":80900,\"P0\":80900,\"P1\":0,\"P25\":0,\"P50\":80900,\"P75\":0,\"P99\":0,\"P100\":80900,\"Percentiles\":null,\"TimeoutCount\":0,\"ProbeCount\":1,\"WindowSeconds\":0},{\"Time\":\"2026-01-05T00:09:51Z\",\"TargetID\":1,\"MinNS\":80800,\"MaxNS\":80800,\"AvgNS\":80800,\"P0\":80800,\"P1\":0,\"P25\":0,\"P50\":80800,\"P75\":0,\"P99\":0,\"P100\":80800,\"Percentiles\":null,\"TimeoutCount\":0,\"ProbeCount\":1,\"WindowSeconds\":0},{\"Time\":\"2026-01-05T00:10:51Z\",\"TargetID\":1,\"MinNS\":80700,\"MaxNS\":80700,\"AvgNS\":80700,\"P0\":80700,\"P1\":0,\"P25\":0,\"P50\":80700,\"P75\":0,\"P99\":0,\"P100\":80700,\"Percentiles\":null,\"TimeoutCount\":0,\"ProbeCount\":1,\"WindowSeconds\":0},{\"Time\":\"2026-01-05T00:11:51Z\",\"TargetID\":1,\"MinNS\":80600,\"MaxNS\":80600,\"AvgNS\":80600,\"P0\":80600,\"P1\":0,\"P25\":0,\"P50\":80600,\"P75\":0,\"P99\":0,\"P100\":80600,\"Percentiles\":null,\"TimeoutCount\":0,\"ProbeCount\":1,\"WindowSeconds\":0},{\"Time\":\"2026-01-05T00:12:51Z\",\"TargetID\":1,\"MinNS\":80500,\"MaxNS\":80500,\"AvgNS\":80500,\"P0\":80500,\"P1\":0,\"P25\":0,\"P50\":80500,\"P75\":0,\"P99\":0,\"P100\":80500,\"Percentiles\":null,\"TimeoutCount\":0,\"ProbeCount\":1,\"WindowSeconds\":0},{\"Time\":\"2026-01-05T00:13:51Z\",\"TargetID\":1,\"MinNS\":80400,\"MaxNS\":80400,\"AvgNS\":80400,\"P0\":80400,\"P1\":0,\"P25\":0,\"P50\":80400,\"P75\":0,\"P99\":0,\"P100\":80400,\"Percentiles\":null,\"TimeoutCount\":0,\"ProbeCount\":1,\"WindowSeconds\":0},{\"Time\":\"2026-01-05T00:14:51Z\",\"TargetID\":1,\"MinNS\":80300,\"MaxNS\":80300,\"AvgNS\":80300,\"P0\":80300,\"P1\":0,\"P25\":0,\"P50\":80300,\"P75\":0,\"P99\":0,\"P100\":80300,\"Percentiles\":null,\"TimeoutCount\":0,\"ProbeCount\":1,\"WindowSeconds\":0},{\"Time\":\"2026-01-05T00:15:51Z\",\"TargetID\":1,\"MinNS\":80200,\"MaxNS\":80200,\"AvgNS\":80200,\"P0\":80200,\"P1\":0,\"P25\":0,\"P50\":80200,\"P75\":0,\"P99\":0,\"P100\":80200,\"Percentiles\":null,\"TimeoutCount\":0,\"ProbeCount\":1,\"WindowSeconds\":0},{\"Time\":\"2026-01-05T00:16:51Z\",\"TargetID\":1,\"MinNS\":80100,\"MaxNS\":80100,\"AvgNS\":80100,\"P0\":80100,\"P1\":0,\"P25\":0,\"P50\":80100,\"P75\":0,\"P99\":0,\"P100\":80100,\"Percentiles\":null,\"TimeoutCount\":0,\"ProbeCount\":1,\"WindowSeconds\":0},{\"Time\":\"2026-01-05T00:17:51Z\",\"TargetID\":1,\"MinNS\":80000,\"MaxNS\":80000,\"AvgNS\":80000,\"P0\":80000,\"P1\":0,\"P25\":0,\"P50\":80000,\"P75\":0,\"P99\":0,\"P100\":80000,\"Percentiles\":null,\"TimeoutCount\":0,\"ProbeCount\":1,\"WindowSeconds\":0},{\"Time\":\"2026-01-05T00:18:51Z\",\"TargetID\":1,\"MinNS\":79900,\"MaxNS\":79900,\"AvgNS\":79900,\"P0\":79900,\"P1\":0,\"P25\":0,\"P50\":79900,\"P75\":0,\"P99\":0,\"P100\":79900,\"Percentiles\":null,\"TimeoutCount\":0,\"ProbeCount\":1,\"WindowSeconds\":0},{\"Time\":\"2026-01-05T00:19:51Z\",\"TargetID\":1,\"MinNS\":79800,\"MaxNS\":79800,\"AvgNS\":79800,\"P0\":79800,\"P1\":0,\"P25\":0,\"P50\":79800,\"P75\":0,\"P99\":0,\"P100\":79800,\"Percentiles\":null,\"TimeoutCount\":0,\"ProbeCount\":1,\"WindowSeconds\":0},{\"Time\":\"2026-01-05T00:20:51Z\",\"TargetID\":1,\"MinNS\":79700,\"MaxNS\":79700,\"AvgNS\":79700,\"P0\":79700,\"P1\":0,\"P25\":0,\"P50\":79700,\"P75\":0,\"P99\":0,\"P100\":79700,\"Percentiles\":null,\"TimeoutCount\":0,\"ProbeCount\":1,\"WindowSeconds\":0},{\"Time\":\"2026-01-05T00:21:51Z\",\"TargetID\":1,\"MinNS\":79600,\"MaxNS\":79600,\"AvgNS\":79600,\"P0\":79600,\"P1\":0,\"P25\":0,\"P50\":79600,\"P75\":0,\"P99\":0,\"P100\":79600,\"Percentiles\":null,\"TimeoutCount\":0,\"ProbeCount\":1,\"WindowSeconds\":0},{\"Time\":\"2026-01-05T00:22:51Z\",\"TargetID\":1,\"MinNS\":79500,\"MaxNS\":79500,\"AvgNS\":79500,\"P0\":79500,\"P1\":0,\"P25\":0,\"P50\":79500,\"P75\":0,\"P99\":0,\"P100\":79500,\"Percentiles\":null,\"TimeoutCount\":0,\"ProbeCount\":1,\"WindowSeconds\":0},{\"Time\":\"2026-01-05T00:23:51Z\",\"TargetID\":1,\"MinNS\":79400,\"MaxNS\":79400,\"AvgNS\":79400,\"P0\":79400,\"P1\":0,\"P25\":0,\"P50\":79400,\"P75\":0,\"P99\":0,\"P100\":79400,\"Percentiles\":null,\"TimeoutCount\":0,\"ProbeCount\":1,\"WindowSeconds\":0},{\"Time\":\"2026-01-05T00:24:51Z\",\"TargetID\":1,\"MinNS\":79300,\"MaxNS\":79300,\"AvgNS\":79300,\"P0\":79300,\"P1\":0,\"P25\":0,\"P50\":79300,\"P75\":0,\"P99\":0,\"P100\":79300,\"Percentiles\":null,\"TimeoutCount\":0,\"ProbeCount\":1,\"WindowSeconds\":0},{\"Time\":\"2026-01-05T00:25:51Z\",\"TargetID\":1,\"MinNS\":79200,\"MaxNS\":79200,\"AvgNS\":79200,\"P0\":79200,\"P1\":0,\"P25\":0,\"P50\":79200,\"P75\":0,\"P99\":0,\"P100\":79200,\"Percentiles\":null,\"TimeoutCount\":0,\"ProbeCount\":1,\"WindowSeconds\":0},{\"Time\":\"2026-01-05T00:26:51Z\",\"TargetID\":1,\"MinNS\":79100,\"MaxNS\":79100,\"AvgNS\":79100,\"P0\":79100,\"P1\":0,\"P25\":0,\"P50\":79100,\"P75\":0,\"P99\":0,\"P100\":79100,\"Percentiles\":null,\"TimeoutCount\":0,\"ProbeCount\":1,\"WindowSeconds\":0},{\"Time\":\"2026-01-05T00:27:51Z\",\"TargetID\":1,\"MinNS\":79000,\"MaxNS\":79000,\"AvgNS\":79000,\"P0\":79000,\"P1\":0,\"P25\":0,\"P50\":79000,\"P75\":0,\"P99\":0,\"P100\":79000,\"Percentiles\":null,\"TimeoutCount\":0,\"ProbeCount\":1,\"WindowSeconds\":0},{\"Time\":\"2026-01-05T00:28:51Z\",\"TargetID\":1,\"MinNS\":78900,\"MaxNS\":78900,\"AvgNS\":78900,\"P0\":78900,\"P1\":0,\"P25\":0,\"P50\":78900,\"P75\":0,\"P99\":0,\"P100\":78900,\"Percentiles\":null,\"TimeoutCount\":0,\"ProbeCount\":1,\"WindowSeconds\":0},{\"Time\":\"2026-01-05T00:29:51Z\",\"TargetID\":1,\"MinNS\":78800,\"MaxNS\":78800,\"AvgNS\":78800,\"P0\":78800,\"P1\":0,\"P25\":0,\"P50\":78800,\"P75\":0,\"P99\":0,\"P100\":78800,\"Percentiles\":null,\"TimeoutCount\":0,\"ProbeCount\":1,\"WindowSeconds\":0},{\"Time\":\"2026-01-05T00:30:51Z\",\"TargetID\":1,\"MinNS\":78700,\"MaxNS\":78700,\"AvgNS\":78700,\"P0\":78700,\"P1\":0,\"P25\":0,\"P50\":78700,\"P75\":0,\"P99\":0,\"P100\":78700,\"Percentiles\":null,\"TimeoutCount\":0,\"ProbeCount\":1,\"WindowSeconds\":0},{\"Time\":\"2026-01-05T00:31:51Z\",\"TargetID\":1,\"MinNS\":78600,\"MaxNS\":78600,\"AvgNS\":78600,\"P0\":78600,\"P1\":0,\"P25\":0,\"P50\":78600,\"P75\":0,\"P99\":0,\"P100\":78600,\"Percentiles\":null,\"TimeoutCount\":0,\"ProbeCount\":1,\"WindowSeconds\":0},{\"Time\":\"2026-01-05T00:32:51Z\",\"TargetID\":1,\"MinNS\":78500,\"MaxNS\":78500,\"AvgNS\":78500,\"P0\":78500,\"P1\":0,\"P25\":0,\"P50\":78500,\"P75\":0,\"P99\":0,\"P100\":78500,\"Percentiles\":null,\"TimeoutCount\":0,\"ProbeCount\":1,\"WindowSeconds\":0},{\"Time\":\"2026-01-05T00:33:51Z\",\"TargetID\":1,\"MinNS\":78400,\"MaxNS\":78400,\"AvgNS\":78400,\"P0\":78400,\"P1\":0,\"P25\":0,\"P50\":78400,\"P75\":0,\"P99\":0,\"P100\":78400,\"Percentiles\":null,\"TimeoutCount\":0,\"ProbeCount\":1,\"WindowSeconds\":0},{\"Time\":\"2026-01-05T00:34:51Z\",\"TargetID\":1,\"MinNS\":78300,\"MaxNS\":78300,\"AvgNS\":78300,\"P0\":78300,\"P1\":0,\"P25\":0,\"P50\":78300,\"P75\":0,\"P99\":0,\"P100\":78300,\"Percentiles\":null,\"TimeoutCount\":0,\"ProbeCount\":1,\"WindowSeconds\":0},{\"Time\":\"2026-01-05T00:35:51Z\",\"TargetID\":1,\"MinNS\":78200,\"MaxNS\":78200,\"AvgNS\":78200,\"P0\":78200,\"P1\":0,\"P25\":0,\"P50\":78200,\"P75\":0,\"P99\":0,\"P100\":78200,\"Percentiles\":null,\"TimeoutCount\":0,\"ProbeCount\":1,\"WindowSeconds\":0},{\"Time\":\"2026-01-05T00:36:51Z\",\"TargetID\":1,\"MinNS\":78100,\"MaxNS\":78100,\"AvgNS\":78100,\"P0\":78100,\"P1\":0,\"P25\":0,\"P50\":78100,\"P75\":0,\"P99\":0,\"P100\":78100,\"Percentiles\":null,\"TimeoutCount\":0,\"ProbeCount\":1,\"WindowSeconds\":0},{\"Time\":\"2026-01-05T00:37:51Z\",\"TargetID\":1,\"MinNS\":78000,\"MaxNS\":78000,\"AvgNS\":78000,\"P0\":78000,\"P1\":0,\"P25\":0,\"P50\":78000,\"P75\":0,\"P99\":0,\"P100\":78000,\"Percentiles\":null,\"TimeoutCount\":0,\"ProbeCount\":1,\"WindowSeconds\":0},{\"Time\":\"2026-01-05T00:38:51Z\",\"TargetID\":1,\"MinNS\":77900,\"MaxNS\":77900,\"AvgNS\":77900,\"P0\":77900,\"P1\":0,\"P25\":0,\"P50\":77900,\"P75\":0,\"P99\":0,\"P100\":77900,\"Percentiles\":null,\"TimeoutCount\":0,\"ProbeCount\":1,\"WindowSeconds\":0},{\"Time\":\"2026-01-05T00:39:51Z\",\"TargetID\":1,\"MinNS\":77800,\"MaxNS\":77800,\"AvgNS\":77800,\"P0\":77800,\"P1\":0,\"P25\":0,\"P50\":77800,\"P75\":0,\"P99\":0,\"P100\":77800,\"Percentiles\":null,\"TimeoutCount\":0,\"ProbeCount\":1,\"WindowSeconds\":0},{\"Time\":\"2026-01-05T00:40:51Z\",\"TargetID\":1,\"MinNS\":77700,\"MaxNS\":77700,\"AvgNS\":77700,\"P0\":77700,\"P1\":0,\"P25\":0,\"P50\":77700,\"P75\":0,\"P99\":0,\"P100\":77700,\"Percentiles\":null,\"TimeoutCount\":0,\"ProbeCount\":1,\"WindowSeconds\":0},{\"Time\":\"2026-01-05T00:41:51Z\",\"TargetID\":1,\"MinNS\":77600,\"MaxNS\":77600,\"AvgNS\":77600,\"P0\":77600,\"P1\":0,\"P25\":0,\"P50\":77600,\"P75\":0,\"P99\":0,\"P100\":77600,\"Percentiles\":null,\"TimeoutCount\":0,\"ProbeCount\":1,\"WindowSeconds\":0},{\"Time\":\"2026-01-05T00:42:51Z\",\"TargetID\":1,\"MinNS\":77500,\"MaxNS\":77500,\"AvgNS\":77500,\"P0\":77500,\"P1\":0,\"P25\":0,\"P50\":77500,\"P75\":0,\"P99\":0,\"P100\":77500,\"Percentiles\":null,\"TimeoutCount\":0,\"ProbeCount\":1,\"WindowSeconds\":0},{\"Time\":\"2026-01-05T00:43:51Z\",\"TargetID\":1,\"MinNS\":77400,\"MaxNS\":77400,\"AvgNS\":77400,\"P0\":77400,\"P1\":0,\"P25\":0,\"P50\":77400,\"P75\":0,\"P99\":0,\"P100\":77400,\"Percentiles\":null,\"TimeoutCount\":0,\"ProbeCount\":1,\"WindowSeconds\":0},{\"Time\":\"2026-01-05T00:44:51Z\",\"TargetID\":1,\"MinNS\":77300,\"MaxNS\":77300,\"AvgNS\":77300,\"P0\":77300,\"P1\":0,\"P25\":0,\"P50\":77300,\"P75\":0,\"P99\":0,\"P100\":77300,\"Percentiles\":null,\"TimeoutCount\":0,\"ProbeCount\":1,\"WindowSeconds\":0},{\"Time\":\"2026-01-05T00:45:51Z\",\"TargetID\":1,\"MinNS\":77200,\"MaxNS\":77200,\"AvgNS\":77200,\"P0\":77200,\"P1\":0,\"P25\":0,\"P50\":77200,\"P75\":0,\"P99\":0,\"P100\":77200,\"Percentiles\":null,\"TimeoutCount\":0,\"ProbeCount\":1,\"WindowSeconds\":0},{\"Time\":\"2026-01-05T00:46:51Z\",\"TargetID\":1,\"MinNS\":77100,\"MaxNS\":77100,\"AvgNS\":77100,\"P0\":77100,\"P1\":0,\"P25\":0,\"P50\":77100,\"P75\":0,\"P99\":0,\"P100\":77100,\"Percentiles\":null,\"TimeoutCount\":0,\"ProbeCount\":1,\"WindowSeconds\":0},{\"Time\":\"2026-01-05T00:47:51Z\",\"TargetID\":1,\"MinNS\":77000,\"MaxNS\":77000,\"AvgNS\":77000,\"P0\":77000,\"P1\":0,\"P25\":0,\"P50\":77000,\"P75\":0,\"P99\":0,\"P100\":77000,\"Percentiles\":null,\"TimeoutCount\":0,\"ProbeCount\":1,\"WindowSeconds\":0},{\"Time\":\"2026-01-05T00:48:51Z\",\"TargetID\":1,\"MinNS\":76900,\"MaxNS\":76900,\"AvgNS\":76900,\"P0\":76900,\"P1\":0,\"P25\":0,\"P50\":76900,\"P75\":0,\"P99\":0,\"P100\":76900,\"Percentiles\":null,\"TimeoutCount\":0,\"ProbeCount\":1,\"WindowSeconds\":0},{\"Time\":\"2026-01-05T00:49:51Z\",\"TargetID\":1,\"MinNS\":76800,\"MaxNS\":76800,\"AvgNS\":76800,\"P0\":76800,\"P1\":0,\"P25\":0,\"P50\":76800,\"P75\":0,\"P99\":0,\"P100\":76800,\"Percentiles\":null,\"TimeoutCount\":0,\"ProbeCount\":1,\"WindowSeconds\":0},{\"Time\":\"2026-01-05T00:50:51Z\",\"TargetID\":1,\"MinNS\":76700,\"MaxNS\":76700,\"AvgNS\":76700,\"P0\":76700,\"P1\":0,\"P25\":0,\"P50\":76700,\"P75\":0,\"P99\":0,\"P100\":76700,\"Percentiles\":null,\"TimeoutCount\":0,\"ProbeCount\":1,\"WindowSeconds\":0},{\"Time\":\"2026-01-05T00:51:51Z\",\"TargetID\":1,\"MinNS\":76600,\"MaxNS\":76600,\"AvgNS\":76600,\"P0\":76600,\"P1\":0,\"P25\":0,\"P50\":76600,\"P75\":0,\"P99\":0,\"P100\":76600,\"Percentiles\":null,\"TimeoutCount\":0,\"ProbeCount\":1,\"WindowSeconds\":0},{\"Time\":\"2026-01-05T00:52:51Z\",\"TargetID\":1,\"MinNS\":76500,\"MaxNS\":76500,\"AvgNS\":76500,\"P0\":76500,\"P1\":0,\"P25\":0,\"P50\":76500,\"P75\":0,\"P99\":0,\"P100\":76500,\"Percentiles\":null,\"TimeoutCount\":0,\"ProbeCount\":1,\"WindowSeconds\":0},{\"Time\":\"2026-01-05T00:53:51Z\",\"TargetID\":1,\"MinNS\":76400,\"MaxNS\":76400,\"AvgNS\":76400,\"P0\":76400,\"P1\":0,\"P25\":0,\"P50\":76400,\"P75\":0,\"P99\":0,\"P100\":76400,\"Percentiles\":null,\"TimeoutCount\":0,\"ProbeCount\":1,\"WindowSeconds\":0},{\"Time\":\"2026-01-05T00:54:51Z\",\"TargetID\":1,\"MinNS\":76300,\"MaxNS\":76300,\"AvgNS\":76300,\"P0\":76300,\"P1\":0,\"P25\":0,\"P50\":76300,\"P75\":0,\"P99\":0,\"P100\":76300,\"Percentiles\":null,\"TimeoutCount\":0,\"ProbeCount\":1,\"WindowSeconds\":0},{\"Time\":\"2026-01-05T00:55:51Z\",\"TargetID\":1,\"MinNS\":76200,\"MaxNS\":76200,\"AvgNS\":76200,\"P0\":76200,\"P1\":0,\"P25\":0,\"P50\":76200,\"P75\":0,\"P99\":0,\"P100\":76200,\"Percentiles\":null,\"TimeoutCount\":0,\"ProbeCount\":1,\"WindowSeconds\":0},{\"Time\":\"2026-01-05T00:56:51Z\",\"TargetID\":1,\"MinNS\":76100,\"MaxNS\":76100,\"AvgNS\":76100,\"P0\":76100,\"P1\":0,\"P25\":0,\"P50\":76100,\"P75\":0,\"P99\":0,\"P100\":76100,\"Percentiles\":null,\"TimeoutCount\":0,\"ProbeCount\":1,\"WindowSeconds\":0},{\"Time\":\"2026-01-05T00:57:51Z\",\"TargetID\":1,\"MinNS\":76000,\"MaxNS\":76000,\"AvgNS\":76000,\"P0\":76000,\"P1\":0,\"P25\":0,\"P50\":76000,\"P75\":0,\"P99\":0,\"P100\":76000,\"Percentiles\":null,\"TimeoutCount\":0,\"ProbeCount\":1,\"WindowSeconds\":0},{\"Time\":\"2026-01-05T00:58:51Z\",\"TargetID\":1,\"MinNS\":75900,\"MaxNS\":75900,\"AvgNS\":75900,\"P0\":75900,\"P1\":0,\"P25\":0,\"P50\":75900,\"P75\":0,\"P99\":0,\"P100\":75900,\"Percentiles\":null,\"TimeoutCount\":0,\"ProbeCount\":1,\"WindowSeconds\":0},{\"Time\":\"2026-01-05T00:59:51Z\",\"TargetID\":1,\"MinNS\":75800,\"MaxNS\":75800,\"AvgNS\":75800,\"P0\":75800,\"P1\":0,\"P25\":0,\"P50\":75800,\"P75\":0,\"P99\":0,\"P100\":75800,\"Percentiles\":null,\"TimeoutCount\":0,\"ProbeCount\":1,\"WindowSeconds\":0},{\"Time\":\"2026-01-05T01:00:51Z\",\"TargetID\":1,\"MinNS\":75700,\"MaxNS\":75700,\"AvgNS\":75700,\"P0\":75700,\"P1\":0,\"P25\":0,\"P50\":75700,\"P75\":0,\"P99\":0,\"P100\":75700,\"Percentiles\":null,\"TimeoutCount\":0,\"ProbeCount\":1,\"WindowSeconds\":0},{\"Time\":\"2026-01-05T01:01:51Z\",\"TargetID\":1,\"MinNS\":75600,\"MaxNS\":75600,\"AvgNS\":75600,\"P0\":75600,\"P1\":0,\"P25\":0,\"P50\":75600,\"P75\":0,\"P99\":0,\"P100\":75600,\"Percentiles\":null,\"TimeoutCount\":0,\"ProbeCount\":1,\"WindowSeconds\":0},{\"Time\":\"2026-01-05T01:02:51Z\",\"TargetID\":1,\"MinNS\":75500,\"MaxNS\":75500,\"AvgNS\":75500,\"P0\":75500,\"P1\":0,\"P25\":0,\"P50\":75500,\"P75\":0,\"P99\":0,\"P100\":75500,\"Percentiles\":null,\"TimeoutCount\":0,\"ProbeCount\":1,\"WindowSeconds\":0},{\"Time\":\"2026-01-05T01:03:51Z\",\"TargetID\":1,\"MinNS\":75400,\"MaxNS\":75400,\"AvgNS\":75400,\"P0\":75400,\"P1\":0,\"P25\":0,\"P50\":75400,\"P75\":0,\"P99\":0,\"P100\":75400,\"Percentiles\":null,\"TimeoutCount\":0,\"ProbeCount\":1,\"WindowSeconds\":0},{\"Time\":\"2026-01-05T01:04:51Z\",\"TargetID\":1,\"MinNS\":75300,\"MaxNS\":75300,\"AvgNS\":75300,\"P0\":75300,\"P1\":0,\"P25\":0,\"P50\":75300,\"P75\":0,\"P99\":0,\"P100\":75300,\"Percentiles\":null,\"TimeoutCount\":0,\"ProbeCount\":1,\"WindowSeconds\":0},{\"Time\":\"2026-01-05T01:05:51Z\",\"TargetID\":1,\"MinNS\":75200,\"MaxNS\":75200,\"AvgNS\":75200,\"P0\":75200,\"P1\":0,\"P25\":0,\"P50\":75200,\"P75\":0,\"P99\":0,\"P100\":75200,\"Percentiles\":null,\"TimeoutCount\":0,\"ProbeCount\":1,\"WindowSeconds\":0},{\"Time\":\"2026-01-05T01:06:51Z\",\"TargetID\":1,\"MinNS\":75100,\"MaxNS\":75100,\"AvgNS\":75100,\"P0\":75100,\"P1\":0,\"P25\":0,\"P50\":75100,\"P75\":0,\"P99\":0,\"P100\":75100,\"Percentiles\":null,\"TimeoutCount\":0,\"ProbeCount\":1,\"WindowSeconds\":0},{\"Time\":\"2026-01-05T01:07:51Z\",\"TargetID\":1,\"MinNS\":75000,\"MaxNS\":75000,\"AvgNS\":75000,\"P0\":75000,\"P1\":0,\"P25\":0,\"P50\":75000,\"P75\":0,\"P99\":0,\"P100\":75000,\"Percentiles\":null,\"TimeoutCount\":0,\"ProbeCount\":1,\"WindowSeconds\":0},{\"Time\":\"2026-01-05T01:08:51Z\",\"TargetID\":1,\"MinNS\":74900,\"MaxNS\":74900,\"AvgNS\":74900,\"P0\":74900,\"P1\":0,\"P25\":0,\"P50\":74900,\"P75\":0,\"P99\":0,\"P100\":74900,\"Percentiles\":null,\"TimeoutCount\":0,\"ProbeCount\":1,\"WindowSeconds\":0},{\"Time\":\"2026-01-05T01:09:51Z\",\"TargetID\":1,\"MinNS\":74800,\"MaxNS\":74800,\"AvgNS\":74800,\"P0\":74800,\"P1\":0,\"P25\":0,\"P50\":74800,\"P75\":0,\"P99\":0,\"P100\":74800,\"Percentiles\":null,\"TimeoutCount\":0,\"ProbeCount\":1,\"WindowSeconds\":0},{\"Time\":\"2026-01-05T01:10:51Z\",\"TargetID\":1,\"MinNS\":74700,\"MaxNS\":74700,\"AvgNS\":74700,\"P0\":74700,\"P1\":0,\"P25\":0,\"P50\":74700,\"P75\":0,\"P99\":0,\"P100\":74700,\"Percentiles\":null,\"TimeoutCount\":0,\"ProbeCount\":1,\"WindowSeconds\":0},{\"Time\":\"2026-01-05T01:11:51Z\",\"TargetID\":1,\"MinNS\":74600,\"MaxNS\":74600,\"AvgNS\":74600,\"P0\":74600,\"P1\":0,\"P25\":0,\"P50\":74600,\"P75\":0,\"P99\":0,\"P100\":74600,\"Percentiles\":null,\"TimeoutCount\":0,\"ProbeCount\":1,\"WindowSeconds\":0},{\"Time\":\"2026-01-05T01:12:51Z\",\"TargetID\":1,\"MinNS\":74500,\"MaxNS\":74500,\"AvgNS\":74500,\"P0\":74500,\"P1\":0,\"P25\":0,\"P50\":74500,\"P75\":0,\"P99\":0,\"P100\":74500,\"Percentiles\":null,\"TimeoutCount\":0,\"ProbeCount\":1,\"WindowSeconds\":0},{\"Time\":\"2026-01-05T01:13:51Z\",\"TargetID\":1,\"MinNS\":74400,\"MaxNS\":74400,\"AvgNS\":74400,\"P0\":74400,\"P1\":0,\"P25\":0,\"P50\":74400,\"P75\":0,\"P99\":0,\"P100\":74400,\"Percentiles\":null,\"TimeoutCount\":0,\"ProbeCount\":1,\"WindowSeconds\":0},{\"Time\":\"2026-01-05T01:14:51Z\",\"TargetID\":1,\"MinNS\":74300,\"MaxNS\":74300,\"AvgNS\":74300,\"P0\":74300,\"P1\":0,\"P25\":0,\"P50\":74300,\"P75\":0,\"P99\":0,\"P100\":74300,\"Percentiles\":null,\"TimeoutCount\":0,\"ProbeCount\":1,\"WindowSeconds\":0},{\"Time\":\"2026-01-05T01:15:51Z\",\"TargetID\":1,\"MinNS\":74200,\"MaxNS\":74200,\"AvgNS\":74200,\"P0\":74200,\"P1\":0,\"P25\":0,\"P50\":74200,\"P75\":0,\"P99\":0,\"P100\":74200,\"Percentiles\":null,\"TimeoutCount\":0,\"ProbeCount\":1,\"WindowSeconds\":0},{\"Time\":\"2026-01-05T01:16:51Z\",\"TargetID\":1,\"MinNS\":74100,\"MaxNS\":74100,\"AvgNS\":74100,\"P0\":74100,\"P1\":0,\"P25\":0,\"P50\":74100,\"P75\":0,\"P99\":0,\"P100\":74100,\"Percentiles\":null,\"TimeoutCount\":0,\"ProbeCount\":1,\"WindowSeconds\":0},{\"Time\":\"2026-01-05T01:17:51Z\",\"TargetID\":1,\"MinNS\":74000,\"MaxNS\":74000,\"AvgNS\":74000,\"P0\":74000,\"P1\":0,\"P25\":0,\"P50\":74000,\"P75\":0,\"P99\":0,\"P100\":74000,\"Percentiles\":null,\"TimeoutCount\":0,\"ProbeCount\":1,\"WindowSeconds\":0},{\"Time\":\"2026-01-05T01:18:51Z\",\"TargetID\":1,\"MinNS\":73900,\"MaxNS\":73900,\"AvgNS\":73900,\"P0\":73900,\"P1\":0,\"P25\":0,\"P50\":73900,\"P75\":0,\"P99\":0,\"P100\":73900,\"Percentiles\":null,\"TimeoutCount\":0,\"ProbeCount\":1,\"WindowSeconds\":0},{\"Time\":\"2026-01-05T01:19:51Z\",\"TargetID\":1,\"MinNS\":73800,\"MaxNS\":73800,\"AvgNS\":73800,\"P0\":73800,\"P1\":0,\"P25\":0,\"P50\":73800,\"P75\":0,\"P99\":0,\"P100\":73800,\"Percentiles\":null,\"TimeoutCount\":0,\"ProbeCount\":1,\"WindowSeconds\":0},{\"Time\":\"2026-01-05T01:20:51Z\",\"TargetID\":1,\"MinNS\":73700,\"MaxNS\":73700,\"AvgNS\":73700,\"P0\":73700,\"P1\":0,\"P25\":0,\"P50\":73700,\"P75\":0,\"P99\":0,\"P100\":73700,\"Percentiles\":null,\"TimeoutCount\":0,\"ProbeCount\":1,\"WindowSeconds\":0},{\"Time\":\"2026-01-05T01:21:51Z\",\"TargetID\":1,\"MinNS\":73600,\"MaxNS\":73600,\"AvgNS\":73600,\"P0\":73600,\"P1\":0,\"P25\":0,\"P50\":73600,\"P75\":0,\"P99\":0,\"P100\":73600,\"Percentiles\":null,\"TimeoutCount\":0,\"ProbeCount\":1,\"WindowSeconds\":0},{\"Time\":\"2026-01-05T01:22:51Z\",\"TargetID\":1,\"MinNS\":73500,\"MaxNS\":73500,\"AvgNS\":73500,\"P0\":73500,\"P1\":0,\"P25\":0,\"P50\":73500,\"P75\":0,\"P99\":0,\"P100\":73500,\"Percentiles\":null,\"TimeoutCount\":0,\"ProbeCount\":1,\"WindowSeconds\":0},{\"Time\":\"2026-01-05T01:23:51Z\",\"TargetID\":1,\"MinNS\":73400,\"MaxNS\":73400,\"AvgNS\":73400,\"P0\":73400,\"P1\":0,\"P25\":0,\"P50\":73400,\"P75\":0,\"P99\":0,\"P100\":73400,\"Percentiles\":null,\"TimeoutCount\":0,\"ProbeCount\":1,\"WindowSeconds\":0},{\"Time\":\"2026-01-05T01:24:51Z\",\"TargetID\":1,\"MinNS\":73300,\"MaxNS\":73300,\"AvgNS\":73300,\"P0\":73300,\"P1\":0,\"P25\":0,\"P50\":73300,\"P75\":0,\"P99\":0,\"P100\":73300,\"Percentiles\":null,\"TimeoutCount\":0,\"ProbeCount\":1,\"WindowSeconds\":0},{\"Time\":\"2026-01-05T01:25:51Z\",\"TargetID\":1,\"MinNS\":73200,\"MaxNS\":73200,\"AvgNS\":73200,\"P0\":73200,\"P1\":0,\"P25\":0,\"P50\":73200,\"P75\":0,\"P99\":0,\"P100\":73200,\"Percentiles\":null,\"TimeoutCount\":0,\"ProbeCount\":1,\"WindowSeconds\":0},{\"Time\":\"2026-01-05T01:26:51Z\",\"TargetID\":1,\"MinNS\":73100,\"MaxNS\":73100,\"AvgNS\":73100,\"P0\":73100,\"P1\":0,\"P25\":0,\"P50\":73100,\"P75\":0,\"P99\":0,\"P100\":73100,\"Percentiles\":null,\"TimeoutCount\":0,\"ProbeCount\":1,\"WindowSeconds\":0},{\"Time\":\"2026-01-05T01:27:51Z\",\"TargetID\":1,\"MinNS\":73000,\"MaxNS\":73000,\"AvgNS\":73000,\"P0\":73000,\"P1\":0,\"P25\":0,\"P50\":73000,\"P75\":0,\"P99\":0,\"P100\":73000,\"Percentiles\":null,\"TimeoutCount\":0,\"ProbeCount\":1,\"WindowSeconds\":0},{\"Time\":\"2026-01-05T01:28:51Z\",\"TargetID\":1,\"MinNS\":72900,\"MaxNS\":72900,\"AvgNS\":72900,\"P0\":72900,\"P1\":0,\"P25\":0,\"P50\":72900,\"P75\":0,\"P99\":0,\"P100\":72900,\"Percentiles\":null,\"TimeoutCount\":0,\"ProbeCount\":1,\"WindowSeconds\":0},{\"Time\":\"2026-01-05T01:29:51Z\",\"TargetID\":1,\"MinNS\":72800,\"MaxNS\":72800,\"AvgNS\":72800,\"P0\":72800,\"P1\":0,\"P25\":0,\"P50\":72800,\"P75\":0,\"P99\":0,\"P100\":72800,\"Percentiles\":null,\"TimeoutCount\":0,\"ProbeCount\":1,\"WindowSeconds\":0},{\"Time\":\"2026-01-05T01:30:51Z\",\"TargetID\":1,\"MinNS\":72700,\"MaxNS\":72700,\"AvgNS\":72700,\"P0\":72700,\"P1\":0,\"P25\":0,\"P50\":72700,\"P75\":0,\"P99\":0,\"P100\":72700,\"Percentiles\":null,\"TimeoutCount\":0,\"ProbeCount\":1,\"WindowSeconds\":0},{\"Time\":\"2026-01-05T01:31:51Z\",\"TargetID\":1,\"MinNS\":72600,\"MaxNS\":72600,\"AvgNS\":72600,\"P0\":72600,\"P1\":0,\"P25\":0,\"P50\":72600,\"P75\":0,\"P99\":0,\"P100\":72600,\"Percentiles\":null,\"TimeoutCount\":0,\"ProbeCount\":1,\"WindowSeconds\":0},{\"Time\":\"2026-01-05T01:32:51Z\",\"TargetID\":1,\"MinNS\":72500,\"MaxNS\":72500,\"AvgNS\":72500,\"P0\":72500,\"P1\":0,\"P25\":0,\"P50\":72500,\"P75\":0,\"P99\":0,\"P100\":72500,\"Percentiles\":null,\"TimeoutCount\":0,\"ProbeCount\":1,\"WindowSeconds\":0},{\"Time\":\"2026-01-05T01:33:51Z\",\"TargetID\":1,\"MinNS\":72400,\"MaxNS\":72400,\"AvgNS\":72400,\"P0\":72400,\"P1\":0,\"P25\":0,\"P50\":72400,\"P75\":0,\"P99\":0,\"P100\":72400,\"Percentiles\":null,\"TimeoutCount\":0,\"ProbeCount\":1,\"WindowSeconds\":0},{\"Time\":\"2026-01-05T01:34:51Z\",\"TargetID\":1,\"MinNS\":72300,\"MaxNS\":72300,\"AvgNS\":72300,\"P0\":72300,\"P1\":0,\"P25\":0,\"P50\":72300,\"P75\":0,\"P99\":0,\"P100\":72300,\"Percentiles\":null,\"TimeoutCount\":0,\"ProbeCount\":1,\"WindowSeconds\":0},{\"Time\":\"2026-01-05T01:35:51Z\",\"TargetID\":1,\"MinNS\":72200,\"MaxNS\":72200,\"AvgNS\":72200,\"P0\":72200,\"P1\":0,\"P25\":0,\"P50\":72200,\"P75\":0,\"P99\":0,\"P100\":72200,\"Percentiles\":null,\"TimeoutCount\":0,\"ProbeCount\":1,\"WindowSeconds\":0},{\"Time\":\"2026-01-05T01:36:51Z\",\"TargetID\":1,\"MinNS\":72100,\"MaxNS\":72100,\"AvgNS\":72100,\"P0\":72100,\"P1\":0,\"P25\":0,\"P50\":72100,\"P75\":0,\"P99\":0,\"P100\":72100,\"Percentiles\":null,\"TimeoutCount\":0,\"ProbeCount\":1,\"WindowSeconds\":0},{\"Time\":\"2026-01-05T01:37:51Z\",\"TargetID\":1,\"MinNS\":72000,\"MaxNS\":72000,\"AvgNS\":72000,\"P0\":72000,\"P1\":0,\"P25\":0,\"P50\":72000,\"P75\":0,\"P99\":0,\"P100\":72000,\"Percentiles\":null,\"TimeoutCount\":0,\"ProbeCount\":1,\"WindowSeconds\":0},{\"Time\":\"2026-01-05T01:38:51Z\",\"TargetID\":1,\"MinNS\":71900,\"MaxNS\":71900,\"AvgNS\":71900,\"P0\":71900,\"P1\":0,\"P25\":0,\"P50\":71900,\"P75\":0,\"P99\":0,\"P100\":71900,\"Percentiles\":null,\"TimeoutCount\":0,\"ProbeCount\":1,\"WindowSeconds\":0},{\"Time\":\"2026-01-05T01:39:51Z\",\"TargetID\":1,\"MinNS\":71800,\"MaxNS\":71800,\"AvgNS\":71800,\"P0\":71800,\"P1\":0,\"P25\":0,\"P50\":71800,\"P75\":0,\"P99\":0,\"P100\":71800,\"Percentiles\":null,\"TimeoutCount\":0,\"ProbeCount\":1,\"WindowSeconds\":0},{\"Time\":\"2026-01-05T01:40:51Z\",\"TargetID\":1,\"MinNS\":71700,\"MaxNS\":71700,\"AvgNS\":71700,\"P0\":71700,\"P1\":0,\"P25\":0,\"P50\":71700,\"P75\":0,\"P99\":0,\"P100\":71700,\"Percentiles\":null,\"TimeoutCount\":0,\"ProbeCount\":1,\"WindowSeconds\":0},{\"Time\":\"2026-01-05T01:41:51Z\",\"TargetID\":1,\"MinNS\":71600,\"MaxNS\":71600,\"AvgNS\":71600,\"P0\":71600,\"P1\":0,\"P25\":0,\"P50\":71600,\"P75\":0,\"P99\":0,\"P100\":71600,\"Percentiles\":null,\"TimeoutCount\":0,\"ProbeCount\":1,\"WindowSeconds\":0},{\"Time\":\"2026-01-05T01:42:51Z\",\"TargetID\":1,\"MinNS\":71500,\"MaxNS\":71500,\"AvgNS\":71500,\"P0\":71500,\"P1\":0,\"P25\":0,\"P50\":71500,\"P75\":0,\"P99\":0,\"P100\":71500,\"Percentiles\":null,\"TimeoutCount\":0,\"ProbeCount\":1,\"WindowSeconds\":0},{\"Time\":\"2026-01-05T01:43:51Z\",\"TargetID\":1,\"MinNS\":71400,\"MaxNS\":71400,\"AvgNS\":71400,\"P0\":71400,\"P1\":0,\"P25\":0,\"P50\":71400,\"P75\":0,\"P99\":0,\"P100\":71400,\"Percentiles\":null,\"TimeoutCount\":0,\"ProbeCount\":1,\"WindowSeconds\":0},{\"Time\":\"2026-01-05T01:44:51Z\",\"TargetID\":1,\"MinNS\":71300,\"MaxNS\":71300,\"AvgNS\":71300,\"P0\":71300,\"P1\":0,\"P25\":0,\"P50\":71300,\"P75\":0,\"P99\":0,\"P100\":71300,\"Percentiles\":null,\"TimeoutCount\":0,\"ProbeCount\":1,\"WindowSeconds\":0},{\"Time\":\"2026-01-05T01:45:51Z\",\"TargetID\":1,\"MinNS\":71200,\"MaxNS\":71200,\"AvgNS\":71200,\"P0\":71200,\"P1\":0,\"P25\":0,\"P50\":71200,\"P75\":0,\"P99\":0,\"P100\":71200,\"Percentiles\":null,\"TimeoutCount\":0,\"ProbeCount\":1,\"WindowSeconds\":0},{\"Time\":\"2026-01-05T01:46:51Z\",\"TargetID\":1,\"MinNS\":71100,\"MaxNS\":71100,\"AvgNS\":71100,\"P0\":71100,\"P1\":0,\"P25\":0,\"P50\":71100,\"P75\":0,\"P99\":0,\"P100\":71100,\"Percentiles\":null,\"TimeoutCount\":0,\"ProbeCount\":1,\"WindowSeconds\":0},{\"Time\":\"2026-01-05T01:47:51Z\",\"TargetID\":1,\"MinNS\":71000,\"MaxNS\":71000,\"AvgNS\":71000,\"P0\":71000,\"P1\":0,\"P25\":0,\"P50\":71000,\"P75\":0,\"P99\":0,\"P100\":71000,\"Percentiles\":null,\"TimeoutCount\":0,\"ProbeCount\":1,\"WindowSeconds\":0},{\"Time\":\"2026-01-05T01:48:51Z\",\"TargetID\":1,\"MinNS\":70900,\"MaxNS\":70900,\"AvgNS\":70900,\"P0\":70900,\"P1\":0,\"P25\":0,\"P50\":70900,\"P75\":0,\"P99\":0,\"P100\":70900,\"Percentiles\":null,\"TimeoutCount\":0,\"ProbeCount\":1,\"WindowSeconds\":0},{\"Time\":\"2026-01-05T01:49:51Z\",\"TargetID\":1,\"MinNS\":70800,\"MaxNS\":70800,\"AvgNS\":70800,\"P0\":70800,\"P1\":0,\"P25\":0,\"P50\":70800,\"P75\":0,\"P99\":0,\"P100\":70800,\"Percentiles\":null,\"TimeoutCount\":0,\"ProbeCount\":1,\"WindowSeconds\":0},{\"Time\":\"2026-01-05T01:50:51Z\",\"TargetID\":1,\"MinNS\":70700,\"MaxNS\":70700,\"AvgNS\":70700,\"P0\":70700,\"P1\":0,\"P25\":0,\"P50\":70700,\"P75\":0,\"P99\":0,\"P100\":70700,\"Percentiles\":null,\"TimeoutCount\":0,\"ProbeCount\":1,\"WindowSeconds\":0},{\"Time\":\"2026-01-05T01:51:51Z\",\"TargetID\":1,\"MinNS\":70600,\"MaxNS\":70600,\"AvgNS\":70600,\"P0\":70600,\"P1\":0,\"P25\":0,\"P50\":70600,\"P75\":0,\"P99\":0,\"P100\":70600,\"Percentiles\":null,\"TimeoutCount\":0,\"ProbeCount\":1,\"WindowSeconds\":0},{\"Time\":\"2026-01-05T01:52:51Z\",\"TargetID\":1,\"MinNS\":70500,\"MaxNS\":70500,\"AvgNS\":70500,\"P0\":70500,\"P1\":0,\"P25\":0,\"P50\":70500,\"P75\":0,\"P99\":0,\"P100\":70500,\"Percentiles\":null,\"TimeoutCount\":0,\"ProbeCount\":1,\"WindowSeconds\":0},{\"Time\":\"2026-01-05T01:53:51Z\",\"TargetID\":1,\"MinNS\":70400,\"MaxNS\":70400,\"AvgNS\":70400,\"P0\":70400,\"P1\":0,\"P25\":0,\"P50\":70400,\"P75\":0,\"P99\":0,\"P100\":70400,\"Percentiles\":null,\"TimeoutCount\":0,\"ProbeCount\":1,\"WindowSeconds\":0},{\"Time\":\"2026-01-05T01:54:51Z\",\"TargetID\":1,\"MinNS\":70300,\"MaxNS\":70300,\"AvgNS\":70300,\"P0\":70300,\"P1\":0,\"P25\":0,\"P50\":70300,\"P75\":0,\"P99\":0,\"P100\":70300,\"Percentiles\":null,\"TimeoutCount\":0,\"ProbeCount\":1,\"WindowSeconds\":0},{\"Time\":\"2026-01-05T01:55:51Z\",\"TargetID\":1,\"MinNS\":70200,\"MaxNS\":70200,\"AvgNS\":70200,\"P0\":70200,\"P1\":0,\"P25\":0,\"P50\":70200,\"P75\":0,\"P99\":0,\"P100\":70200,\"Percentiles\":null,\"TimeoutCount\":0,\"ProbeCount\":1,\"WindowSeconds\":0},{\"Time\":\"2026-01-05T01:56:51Z\",\"TargetID\":1,\"MinNS\":70100,\"MaxNS\":70100,\"AvgNS\":70100,\"P0\":70100,\"P1\":0,\"P25\":0,\"P50\":70100,\"P75\":0,\"P99\":0,\"P100\":70100,\"Percentiles\":null,\"TimeoutCount\":0,\"ProbeCount\":1,\"WindowSeconds\":0},{\"Time\":\"2026-01-05T01:57:51Z\",\"TargetID\":1,\"MinNS\":70000,\"MaxNS\":70000,\"AvgNS\":70000,\"P0\":70000,\"P1\":0,\"P25\":0,\"P50\":70000,\"P75\":0,\"P99\":0,\"P100\":70000,\"Percentiles\":null,\"TimeoutCount\":0,\"ProbeCount\":1,\"WindowSeconds\":0},{\"Time\":\"2026-01-05T01:58:51Z\",\"TargetID\":1,\"MinNS\":69900,\"MaxNS\":69900,\"AvgNS\":69900,\"P0\":69900,\"P1\":0,\"P25\":0,\"P50\":69900,\"P75\":0,\"P99\":0,\"P100\":69900,\"Percentiles\":null,\"TimeoutCount\":0,\"ProbeCount\":1,\"WindowSeconds\":0},{\"Time\":\"2026-01-05T01:59:51Z\",\"TargetID\":1,\"MinNS\":69800,\"MaxNS\":69800,\"AvgNS\":69800,\"P0\":69800,\"P1\":0,\"P25\":0,\"P50\":69800,\"P75\":0,\"P99\":0,\"P100\":69800,\"Percentiles\":null,\"TimeoutCount\":0,\"ProbeCount\":1,\"WindowSeconds\":0},{\"Time\":\"2026-01-05T02:00:51Z\",\"TargetID\":1,\"MinNS\":69700,\"MaxNS\":69700,\"AvgNS\":69700,\"P0\":69700,\"P1\":0,\"P25\":0,\"P50\":69700,\"P75\":0,\"P99\":0,\"P100\":69700,\"Percentiles\":null,\"TimeoutCount\":0,\"ProbeCount\":1,\"WindowSeconds\":0},{\"Time\":\"2026-01-05T02:01:51Z\",\"TargetID\":1,\"MinNS\":69600,\"MaxNS\":69600,\"AvgNS\":69600,\"P0\":69600,\"P1\":0,\"P25\":0,\"P50\":69600,\"P75\":0,\"P99\":0,\"P100\":69600,\"Percentiles\":null,\"TimeoutCount\":0,\"ProbeCount\":1,\"WindowSeconds\":0},{\"Time\":\"2026-01-05T02:02:51Z\",\"TargetID\":1,\"MinNS\":69500,\"MaxNS\":69500,\"AvgNS\":69500,\"P0\":69500,\"P1\":0,\"P25\":0,\"P50\":69500,\"P75\":0,\"P99\":0,\"P100\":69500,\"Percentiles\":null,\"TimeoutCount\":0,\"ProbeCount\":1,\"WindowSeconds\":0},{\"Time\":\"2026-01-05T02:03:51Z\",\"TargetID\":1,\"MinNS\":69400,\"MaxNS\":69400,\"AvgNS\":69400,\"P0\":69400,\"P1\":0,\"P25\":0,\"P50\":69400,\"P75\":0,\"P99\":0,\"P100\":69400,\"Percentiles\":null,\"TimeoutCount\":0,\"ProbeCount\":1,\"WindowSeconds\":0},{\"Time\":\"2026-01-05T02:04:51Z\",\"TargetID\":1,\"MinNS\":69300,\"MaxNS\":69300,\"AvgNS\":69300,\"P0\":69300,\"P1\":0,\"P25\":0,\"P50\":69300,\"P75\":0,\"P99\":0,\"P100\":69300,\"Percentiles\":null,\"TimeoutCount\":0,\"ProbeCount\":1,\"WindowSeconds\":0},{\"Time\":\"2026-01-05T02:05:51Z\",\"TargetID\":1,\"MinNS\":69200,\"MaxNS\":69200,\"AvgNS\":69200,\"P0\":69200,\"P1\":0,\"P25\":0,\"P50\":69200,\"P75\":0,\"P99\":0,\"P100\":69200,\"Percentiles\":null,\"TimeoutCount\":0,\"ProbeCount\":1,\"WindowSeconds\":0},{\"Time\":\"2026-01-05T02:06:51Z\",\"TargetID\":1,\"MinNS\":69100,\"MaxNS\":69100,\"AvgNS\":69100,\"P0\":69100,\"P1\":0,\"P25\":0,\"P50\":69100,\"P75\":0,\"P99\":0,\"P100\":69100,\"Percentiles\":null,\"TimeoutCount\":0,\"ProbeCount\":1,\"WindowSeconds\":0},{\"Time\":\"2026-01-05T02:07:51Z\",\"TargetID\":1,\"MinNS\":69000,\"MaxNS\":69000,\"AvgNS\":69000,\"P0\":69000,\"P1\":0,\"P25\":0,\"P50\":69000,\"P75\":0,\"P99\":0,\"P100\":69000,\"Percentiles\":null,\"TimeoutCount\":0,\"ProbeCount\":1,\"WindowSeconds\":0},{\"Time\":\"2026-01-05T02:08:51Z\",\"TargetID\":1,\"MinNS\":68900,\"MaxNS\":68900,\"AvgNS\":68900,\"P0\":68900,\"P1\":0,\"P25\":0,\"P50\":68900,\"P75\":0,\"P99\":0,\"P100\":68900,\"Percentiles\":null,\"TimeoutCount\":0,\"ProbeCount\":1,\"WindowSeconds\":0},{\"Time\":\"2026-01-05T02:09:51Z\",\"TargetID\":1,\"MinNS\":68800,\"MaxNS\":68800,\"AvgNS\":68800,\"P0\":68800,\"P1\":0,\"P25\":0,\"P50\":68800,\"P75\":0,\"P99\":0,\"P100\":68800,\"Percentiles\":null,\"TimeoutCount\":0,\"ProbeCount\":1,\"WindowSeconds\":0},{\"Time\":\"2026-01-05T02:10:51Z\",\"TargetID\":1,\"MinNS\":68700,\"MaxNS\":68700,\"AvgNS\":68700,\"P0\":68700,\"P1\":0,\"P25\":0,\"P50\":68700,\"P75\":0,\"P99\":0,\"P100\":68700,\"Percentiles\":null,\"TimeoutCount\":0,\"ProbeCount\":1,\"WindowSeconds\":0},{\"Time\":\"2026-01-05T02:11:51Z\",\"TargetID\":1,\"MinNS\":68600,\"MaxNS\":68600,\"AvgNS\":68600,\"P0\":68600,\"P1\":0,\"P25\":0,\"P50\":68600,\"P75\":0,\"P99\":0,\"P100\":68600,\"Percentiles\":null,\"TimeoutCount\":0,\"ProbeCount\":1,\"WindowSeconds\":0},{\"Time\":\"2026-01-05T02:12:51Z\",\"TargetID\":1,\"MinNS\":68500,\"MaxNS\":68500,\"AvgNS\":68500,\"P0\":68500,\"P1\":0,\"P25\":0,\"P50\":68500,\"P75\":0,\"P99\":0,\"P100\":68500,\"Percentiles\":null,\"TimeoutCount\":0,\"ProbeCount\":1,\"WindowSeconds\":0},{\"Time\":\"2026-01-05T02:13:51Z\",\"TargetID\":1,\"MinNS\":68400,\"MaxNS\":68400,\"AvgNS\":68400,\"P0\":68400,\"P1\":0,\"P25\":0,\"P50\":68400,\"P75\":0,\"P99\":0,\"P100\":68400,\"Percentiles\":null,\"TimeoutCount\":0,\"ProbeCount\":1,\"WindowSeconds\":0},{\"Time\":\"2026-01-05T02:14:51Z\",\"TargetID\":1,\"MinNS\":68300,\"MaxNS\":68300,\"AvgNS\":68300,\"P0\":68300,\"P1\":0,\"P25\":0,\"P50\":68300,\"P75\":0,\"P99\":0,\"P100\":68300,\"Percentiles\":null,\"TimeoutCount\":0,\"ProbeCount\":1,\"WindowSeconds\":0},{\"Time\":\"2026-01-05T02:15:51Z\",\"TargetID\":1,\"MinNS\":68200,\"MaxNS\":68200,\"AvgNS\":68200,\"P0\":68200,\"P1\":0,\"P25\":0,\"P50\":68200,\"P75\":0,\"P99\":0,\"P100\":68200,\"Percentiles\":null,\"TimeoutCount\":0,\"ProbeCount\":1,\"WindowSeconds\":0},{\"Time\":\"2026-01-05T02:16:51Z\",\"TargetID\":1,\"MinNS\":68100,\"MaxNS\":68100,\"AvgNS\":68100,\"P0\":68100,\"P1\":0,\"P25\":0,\"P50\":68100,\"P75\":0,\"P99\":0,\"P100\":68100,\"Percentiles\":null,\"TimeoutCount\":0,\"ProbeCount\":1,\"WindowSeconds\":0},{\"Time\":\"2026-01-05T02:17:51Z\",\"TargetID\":1,\"MinNS\":68000,\"MaxNS\":68000,\"AvgNS\":68000,\"P0\":68000,\"P1\":0,\"P25\":0,\"P50\":68000,\"P75\":0,\"P99\":0,\"P100\":68000,\"Percentiles\":null,\"TimeoutCount\":0,\"ProbeCount\":1,\"WindowSeconds\":0},{\"Time\":\"2026-01-05T02:18:51Z\",\"TargetID\":1,\"MinNS\":67900,\"MaxNS\":67900,\"AvgNS\":67900,\"P0\":67900,\"P1\":0,\"P25\":0,\"P50\":67900,\"P75\":0,\"P99\":0,\"P100\":67900,\"Percentiles\":null,\"TimeoutCount\":0,\"ProbeCount\":1,\"WindowSeconds\":0},{\"Time\":\"2026-01-05T02:19:51Z\",\"TargetID\":1,\"MinNS\":67800,\"MaxNS\":67800,\"AvgNS\":67800,\"P0\":67800,\"P1\":0,\"P25\":0,\"P50\":67800,\"P75\":0,\"P99\":0,\"P100\":67800,\"Percentiles\":null,\"TimeoutCount\":0,\"ProbeCount\":1,\"WindowSeconds\":0},{\"Time\":\"2026-01-05T02:20:51Z\",\"TargetID\":1,\"MinNS\":67700,\"MaxNS\":67700,\"AvgNS\":67700,\"P0\":67700,\"P1\":0,\"P25\":0,\"P50\":67700,\"P75\":0,\"P99\":0,\"P100\":67700,\"Percentiles\":null,\"TimeoutCount\":0,\"ProbeCount\":1,\"WindowSeconds\":0},{\"Time\":\"2026-01-05T02:21:51Z\",\"TargetID\":1,\"MinNS\":67600,\"MaxNS\":67600,\"AvgNS\":67600,\"P0\":67600,\"P1\":0,\"P25\":0,\"P50\":67600,\"P75\":0,\"P99\":0,\"P100\":67600,\"Percentiles\":null,\"TimeoutCount\":0,\"ProbeCount\":1,\"WindowSeconds\":0},{\"Time\":\"2026-01-05T02:22:51Z\",\"TargetID\":1,\"MinNS\":67500,\"MaxNS\":67500,\"AvgNS\":67500,\"P0\":67500,\"P1\":0,\"P25\":0,\"P50\":67500,\"P75\":0,\"P99\":0,\"P100\":67500,\"Percentiles\":null,\"TimeoutCount\":0,\"ProbeCount\":1,\"WindowSeconds\":0},{\"Time\":\"2026-01-05T02:23:51Z\",\"TargetID\":1,\"MinNS\":67400,\"MaxNS\":67400,\"AvgNS\":67400,\"P0\":67400,\"P1\":0,\"P25\":0,\"P50\":67400,\"P75\":0,\"P99\":0,\"P100\":67400,\"Percentiles\":null,\"TimeoutCount\":0,\"ProbeCount\":1,\"WindowSeconds\":0},{\"Time\":\"2026-01-05T02:24:51Z\",\"TargetID\":1,\"MinNS\":67300,\"MaxNS\":67300,\"AvgNS\":67300,\"P0\":67300,\"P1\":0,\"P25\":0,\"P50\":67300,\"P75\":0,\"P99\":0,\"P100\":67300,\"Percentiles\":null,\"TimeoutCount\":0,\"ProbeCount\":1,\"WindowSeconds\":0},{\"Time\":\"2026-01-05T02:25:51Z\",\"TargetID\":1,\"MinNS\":67200,\"MaxNS\":67200,\"AvgNS\":67200,\"P0\":67200,\"P1\":0,\"P25\":0,\"P50\":67200,\"P75\":0,\"P99\":0,\"P100\":67200,\"Percentiles\":null,\"TimeoutCount\":0,\"ProbeCount\":1,\"WindowSeconds\":0},{\"Time\":\"2026-01-05T02:26:51Z\",\"TargetID\":1,\"MinNS\":67100,\"MaxNS\":67100,\"AvgNS\":67100,\"P0\":67100,\"P1\":0,\"P25\":0,\"P50\":67100,\"P75\":0,\"P99\":0,\"P100\":67100,\"Percentiles\":null,\"TimeoutCount\":0,\"ProbeCount\":1,\"WindowSeconds\":0},{\"Time\":\"2026-01-05T02:27:51Z\",\"TargetID\":1,\"MinNS\":67000,\"MaxNS\":67000,\"AvgNS\":67000,\"P0\":67000,\"P1\":0,\"P25\":0,\"P50\":67000,\"P75\":0,\"P99\":0,\"P100\":67000,\"Percentiles\":null,\"TimeoutCount\":0,\"ProbeCount\":1,\"WindowSeconds\":0},{\"Time\":\"2026-01-05T02:28:51Z\",\"TargetID\":1,\"MinNS\":66900,\"MaxNS\":66900,\"AvgNS\":66900,\"P0\":66900,\"P1\":0,\"P25\":0,\"P50\":66900,\"P75\":0,\"P99\":0,\"P100\":66900,\"Percentiles\":null,\"TimeoutCount\":0,\"ProbeCount\":1,\"WindowSeconds\":0},{\"Time\":\"2026-01-05T02:29:51Z\",\"TargetID\":1,\"MinNS\":66800,\"MaxNS\":66800,\"AvgNS\":66800,\"P0\":66800,\"P1\":0,\"P25\":0,\"P50\":66800,\"P75\":0,\"P99\":0,\"P100\":66800,\"Percentiles\":null,\"TimeoutCount\":0,\"ProbeCount\":1,\"WindowSeconds\":0},{\"Time\":\"2026-01-05T02:30:51Z\",\"TargetID\":1,\"MinNS\":66700,\"MaxNS\":66700,\"AvgNS\":66700,\"P0\":66700,\"P1\":0,\"P25\":0,\"P50\":66700,\"P75\":0,\"P99\":0,\"P100\":66700,\"Percentiles\":null,\"TimeoutCount\":0,\"ProbeCount\":1,\"WindowSeconds\":0},{\"Time\":\"2026-01-05T02:31:51Z\",\"TargetID\":1,\"MinNS\":66600,\"MaxNS\":66600,\"AvgNS\":66600,\"P0\":66600,\"P1\":0,\"P25\":0,\"P50\":66600,\"P75\":0,\"P99\":0,\"P100\":66600,\"Percentiles\":null,\"TimeoutCount\":0,\"ProbeCount\":1,\"WindowSeconds\":0},{\"Time\":\"2026-01-05T02:32:51Z\",\"TargetID\":1,\"MinNS\":66500,\"MaxNS\":66500,\"AvgNS\":66500,\"P0\":66500,\"P1\":0,\"P25\":0,\"P50\":66500,\"P75\":0,\"P99\":0,\"P100\":66500,\"Percentiles\":null,\"TimeoutCount\":0,\"ProbeCount\":1,\"WindowSeconds\":0},{\"Time\":\"2026-01-05T02:33:51Z\",\"TargetID\":1,\"MinNS\":66400,\"MaxNS\":66400,\"AvgNS\":66400,\"P0\":66400,\"P1\":0,\"P25\":0,\"P50\":66400,\"P75\":0,\"P99\":0,\"P100\":66400,\"Percentiles\":null,\"TimeoutCount\":0,\"ProbeCount\":1,\"WindowSeconds\":0},{\"Time\":\"2026-01-05T02:34:51Z\",\"TargetID\":1,\"MinNS\":66300,\"MaxNS\":66300,\"AvgNS\":66300,\"P0\":66300,\"P1\":0,\"P25\":0,\"P50\":66300,\"P75\":0,\"P99\":0,\"P100\":66300,\"Percentiles\":null,\"TimeoutCount\":0,\"ProbeCount\":1,\"WindowSeconds\":0},{\"Time\":\"2026-01-05T02:35:51Z\",\"TargetID\":1,\"MinNS\":66200,\"MaxNS\":66200,\"AvgNS\":66200,\"P0\":66200,\"P1\":0,\"P25\":0,\"P50\":66200,\"P75\":0,\"P99\":0,\"P100\":66200,\"Percentiles\":null,\"TimeoutCount\":0,\"ProbeCount\":1,\"WindowSeconds\":0},{\"Time\":\"2026-01-05T02:36:51Z\",\"TargetID\":1,\"MinNS\":66100,\"MaxNS\":66100,\"AvgNS\":66100,\"P0\":66100,\"P1\":0,\"P25\":0,\"P50\":66100,\"P75\":0,\"P99\":0,\"P100\":66100,\"Percentiles\":null,\"TimeoutCount\":0,\"ProbeCount\":1,\"WindowSeconds\":0},{\"Time\":\"2026-01-05T02:37:51Z\",\"TargetID\":1,\"MinNS\":66000,\"MaxNS\":66000,\"AvgNS\":66000,\"P0\":66000,\"P1\":0,\"P25\":0,\"P50\":66000,\"P75\":0,\"P99\":0,\"P100\":66000,\"Percentiles\":null,\"TimeoutCount\":0,\"ProbeCount\":1,\"WindowSeconds\":0},{\"Time\":\"2026-01-05T02:38:51Z\",\"TargetID\":1,\"MinNS\":65900,\"MaxNS\":65900,\"AvgNS\":65900,\"P0\":65900,\"P1\":0,\"P25\":0,\"P50\":65900,\"P75\":0,\"P99\":0,\"P100\":65900,\"Percentiles\":null,\"TimeoutCount\":0,\"ProbeCount\":1,\"WindowSeconds\":0},{\"Time\":\"2026-01-05T02:39:51Z\",\"TargetID\":1,\"MinNS\":65800,\"MaxNS\":65800,\"AvgNS\":65800,\"P0\":65800,\"P1\":0,\"P25\":0,\"P50\":65800,\"P75\":0,\"P99\":0,\"P100\":65800,\"Percentiles\":null,\"TimeoutCount\":0,\"ProbeCount\":1,\"WindowSeconds\":0},{\"Time\":\"2026-01-05T02:40:51Z\",\"TargetID\":1,\"MinNS\":65700,\"MaxNS\":65700,\"AvgNS\":65700,\"P0\":65700,\"P1\":0,\"P25\":0,\"P50\":65700,\"P75\":0,\"P99\":0,\"P100\":65700,\"Percentiles\":null,\"TimeoutCount\":0,\"ProbeCount\":1,\"WindowSeconds\":0},{\"Time\":\"2026-01-05T02:41:51Z\",\"TargetID\":1,\"MinNS\":65600,\"MaxNS\":65600,\"AvgNS\":65600,\"P0\":65600,\"P1\":0,\"P25\":0,\"P50\":65600,\"P75\":0,\"P99\":0,\"P100\":65600,\"Percentiles\":null,\"TimeoutCount\":0,\"ProbeCount\":1,\"WindowSeconds\":0},{\"Time\":\"2026-01-05T02:42:51Z\",\"TargetID\":1,\"MinNS\":65500,\"MaxNS\":65500,\"AvgNS\":65500,\"P0\":65500,\"P1\":0,\"P25\":0,\"P50\":65500,\"P75\":0,\"P99\":0,\"P100\":65500,\"Percentiles\":null,\"TimeoutCount\":0,\"ProbeCount\":1,\"WindowSeconds\":0},{\"Time\":\"2026-01-05T02:43:51Z\",\"TargetID\":1,\"MinNS\":65400,\"MaxNS\":65400,\"AvgNS\":65400,\"P0\":65400,\"P1\":0,\"P25\":0,\"P50\":65400,\"P75\":0,\"P99\":0,\"P100\":65400,\"Percentiles\":null,\"TimeoutCount\":0,\"ProbeCount\":1,\"WindowSeconds\":0},{\"Time\":\"2026-01-05T02:44:51Z\",\"TargetID\":1,\"MinNS\":65300,\"MaxNS\":65300,\"AvgNS\":65300,\"P0\":65300,\"P1\":0,\"P25\":0,\"P50\":65300,\"P75\":0,\"P99\":0,\"P100\":65300,\"Percentiles\":null,\"TimeoutCount\":0,\"ProbeCount\":1,\"WindowSeconds\":0},{\"Time\":\"2026-01-05T02:45:51Z\",\"TargetID\":1,\"MinNS\":65200,\"MaxNS\":65200,\"AvgNS\":65200,\"P0\":65200,\"P1\":0,\"P25\":0,\"P50\":65200,\"P75\":0,\"P99\":0,\"P100\":65200,\"Percentiles\":null,\"TimeoutCount\":0,\"ProbeCount\":1,\"WindowSeconds\":0},{\"Time\":\"2026-01-05T02:46:51Z\",\"TargetID\":1,\"MinNS\":65100,\"MaxNS\":65100,\"AvgNS\":65100,\"P0\":65100,\"P1\":0,\"P25\":0,\"P50\":65100,\"P75\":0,\"P99\":0,\"P100\":65100,\"Percentiles\":null,\"TimeoutCount\":0,\"ProbeCount\":1,\"WindowSeconds\":0},{\"Time\":\"2026-01-05T02:47:51Z\",\"TargetID\":1,\"MinNS\":65000,\"MaxNS\":65000,\"AvgNS\":65000,\"P0\":65000,\"P1\":0,\"P25\":0,\"P50\":65000,\"P75\":0,\"P99\":0,\"P100\":65000,\"Percentiles\":null,\"TimeoutCount\":0,\"ProbeCount\":1,\"WindowSeconds\":0},{\"Time\":\"2026-01-05T02:48:51Z\",\"TargetID\":1,\"MinNS\":64900,\"MaxNS\":64900,\"AvgNS\":64900,\"P0\":64900,\"P1\":0,\"P25\":0,\"P50\":64900,\"P75\":0,\"P99\":0,\"P100\":64900,\"Percentiles\":null,\"TimeoutCount\":0,\"ProbeCount\":1,\"WindowSeconds\":0},{\"Time\":\"2026-01-05T02:49:51Z\",\"TargetID\":1,\"MinNS\":64800,\"MaxNS\":64800,\"AvgNS\":64800,\"P0\":64800,\"P1\":0,\"P25\":0,\"P50\":64800,\"P75\":0,\"P99\":0,\"P100\":64800,\"Percentiles\":null,\"TimeoutCount\":0,\"ProbeCount\":1,\"WindowSeconds\":0},{\"Time\":\"2026-01-05T02:50:51Z\",\"TargetID\":1,\"MinNS\":64700,\"MaxNS\":64700,\"AvgNS\":64700,\"P0\":64700,\"P1\":0,\"P25\":0,\"P50\":64700,\"P75\":0,\"P99\":0,\"P100\":64700,\"Percentiles\":null,\"TimeoutCount\":0,\"ProbeCount\":1,\"WindowSeconds\":0},{\"Time\":\"2026-01-05T02:51:51Z\",\"TargetID\":1,\"MinNS\":64600,\"MaxNS\":64600,\"AvgNS\":64600,\"P0\":64600,\"P1\":0,\"P25\":0,\"P50\":64600,\"P75\":0,\"P99\":0,\"P100\":64600,\"Percentiles\":null,\"TimeoutCount\":0,\"ProbeCount\":1,\"WindowSeconds\":0},{\"Time\":\"2026-01-05T02:52:51Z\",\"TargetID\":1,\"MinNS\":64500,\"MaxNS\":64500,\"AvgNS\":64500,\"P0\":64500,\"P1\":0,\"P25\":0,\"P50\":64500,\"P75\":0,\"P99\":0,\"P100\":64500,\"Percentiles\":null,\"TimeoutCount\":0,\"ProbeCount\":1,\"WindowSeconds\":0},{\"Time\":\"2026-01-05T02:53:51Z\",\"TargetID\":1,\"MinNS\":64400,\"MaxNS\":64400,\"AvgNS\":64400,\"P0\":64400,\"P1\":0,\"P25\":0,\"P50\":64400,\"P75\":0,\"P99\":0,\"P100\":64400,\"Percentiles\":null,\"TimeoutCount\":0,\"ProbeCount\":1,\"WindowSeconds\":0},{\"Time\":\"2026-01-05T02:54:51Z\",\"TargetID\":1,\"MinNS\":64300,\"MaxNS\":64300,\"AvgNS\":64300,\"P0\":64300,\"P1\":0,\"P25\":0,\"P50\":64300,\"P75\":0,\"P99\":0,\"P100\":64300,\"Percentiles\":null,\"TimeoutCount\":0,\"ProbeCount\":1,\"WindowSeconds\":0},{\"Time\":\"2026-01-05T02:55:51Z\",\"TargetID\":1,\"MinNS\":64200,\"MaxNS\":64200,\"AvgNS\":64200,\"P0\":64200,\"P1\":0,\"P25\":0,\"P50\":64200,\"P75\":0,\"P99\":0,\"P100\":64200,\"Percentiles\":null,\"TimeoutCount\":0,\"ProbeCount\":1,\"WindowSeconds\":0},{\"Time\":\"2026-01-05T02:56:51Z\",\"TargetID\":1,\"MinNS\":64100,\"MaxNS\":64100,\"AvgNS\":64100,\"P0\":64100,\"P1\":0,\"P25\":0,\"P50\":64100,\"P75\":0,\"P99\":0,\"P100\":64100,\"Percentiles\":null,\"TimeoutCount\":0,\"ProbeCount\":1,\"WindowSeconds\":0},{\"Time\":\"2026-01-05T02:57:51Z\",\"TargetID\":1,\"MinNS\":64000,\"MaxNS\":64000,\"AvgNS\":64000,\"P0\":64000,\"P1\":0,\"P25\":0,\"P50\":64000,\"P75\":0,\"P99\":0,\"P100\":64000,\"Percentiles\":null,\"TimeoutCount\":0,\"ProbeCount\":1,\"WindowSeconds\":0},{\"Time\":\"2026-01-05T02:58:51Z\",\"TargetID\":1,\"MinNS\":63900,\"MaxNS\":63900,\"AvgNS\":63900,\"P0\":63900,\"P1\":0,\"P25\":0,\"P50\":63900,\"P75\":0,\"P99\":0,\"P100\":63900,\"Percentiles\":null,\"TimeoutCount\":0,\"ProbeCount\":1,\"WindowSeconds\":0},{\"Time\":\"2026-01-05T02:59:51Z\",\"TargetID\":1,\"MinNS\":63800,\"MaxNS\":63800,\"AvgNS\":63800,\"P0\":63800,\"P1\":0,\"P25\":0,\"P50\":63800,\"P75\":0,\"P99\":0,\"P100\":63800,\"Percentiles\":null,\"TimeoutCount\":0,\"ProbeCount\":1,\"WindowSeconds\":0},{\"Time\":\"2026-01-05T03:00:51Z\",\"TargetID\":1,\"MinNS\":63700,\"MaxNS\":63700,\"AvgNS\":63700,\"P0\":63700,\"P1\":0,\"P25\":0,\"P50\":63700,\"P75\":0,\"P99\":0,\"P100\":63700,\"Percentiles\":null,\"TimeoutCount\":0,\"ProbeCount\":1,\"WindowSeconds\":0},{\"Time\":\"2026-01-05T03:01:51Z\",\"TargetID\":1,\"MinNS\":63600,\"MaxNS\":63600,\"AvgNS\":63600,\"P0\":63600,\"P1\":0,\"P25\":0,\"P50\":63600,\"P75\":0,\"P99\":0,\"P100\":63600,\"Percentiles\":null,\"TimeoutCount\":0,\"ProbeCount\":1,\"WindowSeconds\":0},{\"Time\":\"2026-01-05T03:02:51Z\",\"TargetID\":1,\"MinNS\":63500,\"MaxNS\":63500,\"AvgNS\":63500,\"P0\":63500,\"P1\":0,\"P25\":0,\"P50\":63500,\"P75\":0,\"P99\":0,\"P100\":63500,\"Percentiles\":null,\"TimeoutCount\":0,\"ProbeCount\":1,\"WindowSeconds\":0},{\"Time\":\"2026-01-05T03:03:51Z\",\"TargetID\":1,\"MinNS\":63400,\"MaxNS\":63400,\"AvgNS\":63400,\"P0\":63400,\"P1\":0,\"P25\":0,\"P50\":63400,\"P75\":0,\"P99\":0,\"P100\":63400,\"Percentiles\":null,\"TimeoutCount\":0,\"ProbeCount\":1,\"WindowSeconds\":0},{\"Time\":\"2026-01-05T03:04:51Z\",\"TargetID\":1,\"MinNS\":63300,\"MaxNS\":63300,\"AvgNS\":63300,\"P0\":63300,\"P1\":0,\"P25\":0,\"P50\":63300,\"P75\":0,\"P99\":0,\"P100\":63300,\"Percentiles\":null,\"TimeoutCount\":0,\"ProbeCount\":1,\"WindowSeconds\":0},{\"Time\":\"2026-01-05T03:05:51Z\",\"TargetID\":1,\"MinNS\":63200,\"MaxNS\":63200,\"AvgNS\":63200,\"P0\":63200,\"P1\":0,\"P25\":0,\"P50\":63200,\"P75\":0,\"P99\":0,\"P100\":63200,\"Percentiles\":null,\"TimeoutCount\":0,\"ProbeCount\":1,\"WindowSeconds\":0},{\"Time\":\"2026-01-05T03:06:51Z\",\"TargetID\":1,\"MinNS\":63100,\"MaxNS\":63100,\"AvgNS\":63100,\"P0\":63100,\"P1\":0,\"P25\":0,\"P50\":63100,\"P75\":0,\"P99\":0,\"P100\":63100,\"Percentiles\":null,\"TimeoutCount\":0,\"ProbeCount\":1,\"WindowSeconds\":0},{\"Time\":\"2026-01-05T03:07:51Z\",\"TargetID\":1,\"MinNS\":63000,\"MaxNS\":63000,\"AvgNS\":63000,\"P0\":63000,\"P1\":0,\"P25\":0,\"P50\":63000,\"P75\":0,\"P99\":0,\"P100\":63000,\"Percentiles\":null,\"TimeoutCount\":0,\"ProbeCount\":1,\"WindowSeconds\":0},{\"Time\":\"2026-01-05T03:08:51Z\",\"TargetID\":1,\"MinNS\":62900,\"MaxNS\":62900,\"AvgNS\":62900,\"P0\":62900,\"P1\":0,\"P25\":0,\"P50\":62900,\"P75\":0,\"P99\":0,\"P100\":62900,\"Percentiles\":null,\"TimeoutCount\":0,\"ProbeCount\":1,\"WindowSeconds\":0},{\"Time\":\"2026-01-05T03:09:51Z\",\"TargetID\":1,\"MinNS\":62800,\"MaxNS\":62800,\"AvgNS\":62800,\"P0\":62800,\"P1\":0,\"P25\":0,\"P50\":62800,\"P75\":0,\"P99\":0,\"P100\":62800,\"Percentiles\":null,\"TimeoutCount\":0,\"ProbeCount\":1,\"WindowSeconds\":0},{\"Time\":\"2026-01-05T03:10:51Z\",\"TargetID\":1,\"MinNS\":62700,\"MaxNS\":62700,\"AvgNS\":62700,\"P0\":62700,\"P1\":0,\"P25\":0,\"P50\":62700,\"P75\":0,\"P99\":0,\"P100\":62700,\"Percentiles\":null,\"TimeoutCount\":0,\"ProbeCount\":1,\"WindowSeconds\":0},{\"Time\":\"2026-01-05T03:11:51Z\",\"TargetID\":1,\"MinNS\":62600,\"MaxNS\":62600,\"AvgNS\":62600,\"P0\":62600,\"P1\":0,\"P25\":0,\"P50\":62600,\"P75\":0,\"P99\":0,\"P100\":62600,\"Percentiles\":null,\"TimeoutCount\":0,\"ProbeCount\":1,\"WindowSeconds\":0},{\"Time\":\"2026-01-05T03:12:51Z\",\"TargetID\":1,\"MinNS\":62500,\"MaxNS\":62500,\"AvgNS\":62500,\"P0\":62500,\"P1\":0,\"P25\":0,\"P50\":62500,\"P75\":0,\"P99\":0,\"P100\":62500,\"Percentiles\":null,\"TimeoutCount\":0,\"ProbeCount\":1,\"WindowSeconds\":0},{\"Time\":\"2026-01-05T03:13:51Z\",\"TargetID\":1,\"MinNS\":62400,\"MaxNS\":62400,\"AvgNS\":62400,\"P0\":62400,\"P1\":0,\"P25\":0,\"P50\":62400,\"P75\":0,\"P99\":0,\"P100\":62400,\"Percentiles\":null,\"TimeoutCount\":0,\"ProbeCount\":1,\"WindowSeconds\":0},{\"Time\":\"2026-01-05T03:14:51Z\",\"TargetID\":1,\"MinNS\":62300,\"MaxNS\":62300,\"AvgNS\":62300,\"P0\":62300,\"P1\":0,\"P25\":0,\"P50\":62300,\"P75\":0,\"P99\":0,\"P100\":62300,\"Percentiles\":null,\"TimeoutCount\":0,\"ProbeCount\":1,\"WindowSeconds\":0},{\"Time\":\"2026-01-05T03:15:51Z\",\"TargetID\":1,\"MinNS\":62200,\"MaxNS\":62200,\"AvgNS\":62200,\"P0\":62200,\"P1\":0,\"P25\":0,\"P50\":62200,\"P75\":0,\"P99\":0,\"P100\":62200,\"Percentiles\":null,\"TimeoutCount\":0,\"ProbeCount\":1,\"WindowSeconds\":0},{\"Time\":\"2026-01-05T03:16:51Z\",\"TargetID\":1,\"MinNS\":62100,\"MaxNS\":62100,\"AvgNS\":62100,\"P0\":62100,\"P1\":0,\"P25\":0,\"P50\":62100,\"P75\":0,\"P99\":0,\"P100\":62100,\"Percentiles\":null,\"TimeoutCount\":0,\"ProbeCount\":1,\"WindowSeconds\":0},{\"Time\":\"2026-01-05T03:17:51Z\",\"TargetID\":1,\"MinNS\":62000,\"MaxNS\":62000,\"AvgNS\":62000,\"P0\":62000,\"P1\":0,\"P25\":0,\"P50\":62000,\"P75\":0,\"P99\":0,\"P100\":62000,\"Percentiles\":null,\"TimeoutCount\":0,\"ProbeCount\":1,\"WindowSeconds\":0},{\"Time\":\"2026-01-05T03:18:51Z\",\"TargetID\":1,\"MinNS\":61900,\"MaxNS\":61900,\"AvgNS\":61900,\"P0\":61900,\"P1\":0,\"P25\":0,\"P50\":61900,\"P75\":0,\"P99\":0,\"P100\":61900,\"Percentiles\":null,\"TimeoutCount\":0,\"ProbeCount\":1,\"WindowSeconds\":0},{\"Time\":\"2026-01-05T03:19:51Z\",\"TargetID\":1,\"MinNS\":61800,\"MaxNS\":61800,\"AvgNS\":61800,\"P0\":61800,\"P1\":0,\"P25\":0,\"P50\":61800,\"P75\":0,\"P99\":0,\"P100\":61800,\"Percentiles\":null,\"TimeoutCount\":0,\"ProbeCount\":1,\"WindowSeconds\":0},{\"Time\":\"2026-01-05T03:20:51Z\",\"TargetID\":1,\"MinNS\":61700,\"MaxNS\":61700,\"AvgNS\":61700,\"P0\":61700,\"P1\":0,\"P25\":0,\"P50\":61700,\"P75\":0,\"P99\":0,\"P100\":61700,\"Percentiles\":null,\"TimeoutCount\":0,\"ProbeCount\":1,\"WindowSeconds\":0},{\"Time\":\"2026-01-05T03:21:51Z\",\"TargetID\":1,\"MinNS\":61600,\"MaxNS\":61600,\"AvgNS\":61600,\"P0\":61600,\"P1\":0,\"P25\":0,\"P50\":61600,\"P75\":0,\"P99\":0,\"P100\":61600,\"Percentiles\":null,\"TimeoutCount\":0,\"ProbeCount\":1,\"WindowSeconds\":0},{\"Time\":\"2026-01-05T03:22:51Z\",\"TargetID\":1,\"MinNS\":61500,\"MaxNS\":61500,\"AvgNS\":61500,\"P0\":61500,\"P1\":0,\"P25\":0,\"P50\":61500,\"P75\":0,\"P99\":0,\"P100\":61500,\"Percentiles\":null,\"TimeoutCount\":0,\"ProbeCount\":1,\"WindowSeconds\":0},{\"Time\":\"2026-01-05T03:23:51Z\",\"TargetID\":1,\"MinNS\":61400,\"MaxNS\":61400,\"AvgNS\":61400,\"P0\":61400,\"P1\":0,\"P25\":0,\"P50\":61400,\"P75\":0,\"P99\":0,\"P100\":61400,\"Percentiles\":null,\"TimeoutCount\":0,\"ProbeCount\":1,\"WindowSeconds\":0},{\"Time\":\"2026-01-05T03:24:51Z\",\"TargetID\":1,\"MinNS\":61300,\"MaxNS\":61300,\"AvgNS\":61300,\"P0\":61300,\"P1\":0,\"P25\":0,\"P50\":61300,\"P75\":0,\"P99\":0,\"P100\":61300,\"Percentiles\":null,\"TimeoutCount\":0,\"ProbeCount\":1,\"WindowSeconds\":0},{\"Time\":\"2026-01-05T03:25:51Z\",\"TargetID\":1,\"MinNS\":61200,\"MaxNS\":61200,\"AvgNS\":61200,\"P0\":61200,\"P1\":0,\"P25\":0,\"P50\":61200,\"P75\":0,\"P99\":0,\"P100\":61200,\"Percentiles\":null,\"TimeoutCount\":0,\"ProbeCount\":1,\"WindowSeconds\":0},{\"Time\":\"2026-01-05T03:26:51Z\",\"TargetID\":1,\"MinNS\":61100,\"MaxNS\":61100,\"AvgNS\":61100,\"P0\":61100,\"P1\":0,\"P25\":0,\"P50\":61100,\"P75\":0,\"P99\":0,\"P100\":61100,\"Percentiles\":null,\"TimeoutCount\":0,\"ProbeCount\":1,\"WindowSeconds\":0},{\"Time\":\"2026-01-05T03:27:51Z\",\"TargetID\":1,\"MinNS\":61000,\"MaxNS\":61000,\"AvgNS\":61000,\"P0\":61000,\"P1\":0,\"P25\":0,\"P50\":61000,\"P75\":0,\"P99\":0,\"P100\":61000,\"Percentiles\":null,\"TimeoutCount\":0,\"ProbeCount\":1,\"WindowSeconds\":0},{\"Time\":\"2026-01-05T03:28:51Z\",\"TargetID\":1,\"MinNS\":60900,\"MaxNS\":60900,\"AvgNS\":60900,\"P0\":60900,\"P1\":0,\"P25\":0,\"P50\":60900,\"P75\":0,\"P99\":0,\"P100\":60900,\"Percentiles\":null,\"TimeoutCount\":0,\"ProbeCount\":1,\"WindowSeconds\":0},{\"Time\":\"2026-01-05T03:29:51Z\",\"TargetID\":1,\"MinNS\":60800,\"MaxNS\":60800,\"AvgNS\":60800,\"P0\":60800,\"P1\":0,\"P25\":0,\"P50\":60800,\"P75\":0,\"P99\":0,\"P100\":60800,\"Percentiles\":null,\"TimeoutCount\":0,\"ProbeCount\":1,\"WindowSeconds\":0},{\"Time\":\"2026-01-05T03:30:51Z\",\"TargetID\":1,\"MinNS\":60700,\"MaxNS\":60700,\"AvgNS\":60700,\"P0\":60700,\"P1\":0,\"P25\":0,\"P50\":60700,\"P75\":0,\"P99\":0,\"P100\":60700,\"Percentiles\":null,\"TimeoutCount\":0,\"ProbeCount\":1,\"WindowSeconds\":0},{\"Time\":\"2026-01-05T03:31:51Z\",\"TargetID\":1,\"MinNS\":60600,\"MaxNS\":60600,\"AvgNS\":60600,\"P0\":60600,\"P1\":0,\"P25\":0,\"P50\":60600,\"P75\":0,\"P99\":0,\"P100\":60600,\"Percentiles\":null,\"TimeoutCount\":0,\"ProbeCount\":1,\"WindowSeconds\":0},{\"Time\":\"2026-01-05T03:32:51Z\",\"TargetID\":1,\"MinNS\":60500,\"MaxNS\":60500,\"AvgNS\":60500,\"P0\":60500,\"P1\":0,\"P25\":0,\"P50\":60500,\"P75\":0,\"P99\":0,\"P100\":60500,\"Percentiles\":null,\"TimeoutCount\":0,\"ProbeCount\":1,\"WindowSeconds\":0},{\"Time\":\"2026-01-05T03:33:51Z\",\"TargetID\":1,\"MinNS\":60400,\"MaxNS\":60400,\"AvgNS\":60400,\"P0\":60400,\"P1\":0,\"P25\":0,\"P50\":60400,\"P75\":0,\"P99\":0,\"P100\":60400,\"Percentiles\":null,\"TimeoutCount\":0,\"ProbeCount\":1,\"WindowSeconds\":0},{\"Time\":\"2026-01-05T03:34:51Z\",\"TargetID\":1,\"MinNS\":60300,\"MaxNS\":60300,\"AvgNS\":60300,\"P0\":60300,\"P1\":0,\"P25\":0,\"P50\":60300,\"P75\":0,\"P99\":0,\"P100\":60300,\"Percentiles\":null,\"TimeoutCount\":0,\"ProbeCount\":1,\"WindowSeconds\":0},{\"Time\":\"2026-01-05T03:35:51Z\",\"TargetID\":1,\"MinNS\":60200,\"MaxNS\":60200,\"AvgNS\":60200,\"P0\":60200,\"P1\":0,\"P25\":0,\"P50\":60200,\"P75\":0,\"P99\":0,\"P100\":60200,\"Percentiles\":null,\"TimeoutCount\":0,\"ProbeCount\":1,\"WindowSeconds\":0},{\"Time\":\"2026-01-05T03:36:51Z\",\"TargetID\":1,\"MinNS\":60100,\"MaxNS\":60100,\"AvgNS\":60100,\"P0\":60100,\"P1\":0,\"P25\":0,\"P50\":60100,\"P75\":0,\"P99\":0,\"P100\":60100,\"Percentiles\":null,\"TimeoutCount\":0,\"ProbeCount\":1,\"WindowSeconds\":0},{\"Time\":\"2026-01-05T03:37:51Z\",\"TargetID\":1,\"MinNS\":60000,\"MaxNS\":60000,\"AvgNS\":60000,\"P0\":60000,\"P1\":0,\"P25\":0,\"P50\":60000,\"P75\":0,\"P99\":0,\"P100\":60000,\"Percentiles\":null,\"TimeoutCount\":0,\"ProbeCount\":1,\"WindowSeconds\":0},{\"Time\":\"2026-01-05T03:38:51Z\",\"TargetID\":1,\"MinNS\":59900,\"MaxNS\":59900,\"AvgNS\":59900,\"P0\":59900,\"P1\":0,\"P25\":0,\"P50\":59900,\"P75\":0,\"P99\":0,\"P100\":59900,\"Percentiles\":null,\"TimeoutCount\":0,\"ProbeCount\":1,\"WindowSeconds\":0},{\"Time\":\"2026-01-05T03:39:51Z\",\"TargetID\":1,\"MinNS\":59800,\"MaxNS\":59800,\"AvgNS\":59800,\"P0\":59800,\"P1\":0,\"P25\":0,\"P50\":59800,\"P75\":0,\"P99\":0,\"P100\":59800,\"Percentiles\":null,\"TimeoutCount\":0,\"ProbeCount\":1,\"WindowSeconds\":0},{\"Time\":\"2026-01-05T03:40:51Z\",\"TargetID\":1,\"MinNS\":59700,\"MaxNS\":59700,\"AvgNS\":59700,\"P0\":59700,\"P1\":0,\"P25\":0,\"P50\":59700,\"P75\":0,\"P99\":0,\"P100\":59700,\"Percentiles\":null,\"TimeoutCount\":0,\"ProbeCount\":1,\"WindowSeconds\":0},{\"Time\":\"2026-01-05T03:41:51Z\",\"TargetID\":1,\"MinNS\":59600,\"MaxNS\":59600,\"AvgNS\":59600,\"P0\":59600,\"P1\":0,\"P25\":0,\"P50\":59600,\"P75\":0,\"P99\":0,\"P100\":59600,\"Percentiles\":null,\"TimeoutCount\":0,\"ProbeCount\":1,\"WindowSeconds\":0},{\"Time\":\"2026-01-05T03:42:51Z\",\"TargetID\":1,\"MinNS\":59500,\"MaxNS\":59500,\"AvgNS\":59500,\"P0\":59500,\"P1\":0,\"P25\":0,\"P50\":59500,\"P75\":0,\"P99\":0,\"P100\":59500,\"Percentiles\":null,\"TimeoutCount\":0,\"ProbeCount\":1,\"WindowSeconds\":0},{\"Time\":\"2026-01-05T03:43:51Z\",\"TargetID\":1,\"MinNS\":59400,\"MaxNS\":59400,\"AvgNS\":59400,\"P0\":59400,\"P1\":0,\"P25\":0,\"P50\":59400,\"P75\":0,\"P99\":0,\"P100\":59400,\"Percentiles\":null,\"TimeoutCount\":0,\"ProbeCount\":1,\"WindowSeconds\":0},{\"Time\":\"2026-01-05T03:44:51Z\",\"TargetID\":1,\"MinNS\":59300,\"MaxNS\":59300,\"AvgNS\":59300,\"P0\":59300,\"P1\":0,\"P25\":0,\"P50\":59300,\"P75\":0,\"P99\":0,\"P100\":59300,\"Percentiles\":null,\"TimeoutCount\":0,\"ProbeCount\":1,\"WindowSeconds\":0},{\"Time\":\"2026-01-05T03:45:51Z\",\"TargetID\":1,\"MinNS\":59200,\"MaxNS\":59200,\"AvgNS\":59200,\"P0\":59200,\"P1\":0,\"P25\":0,\"P50\":59200,\"P75\":0,\"P99\":0,\"P100\":59200,\"Percentiles\":null,\"TimeoutCount\":0,\"ProbeCount\":1,\"WindowSeconds\":0},{\"Time\":\"2026-01-05T03:46:51Z\",\"TargetID\":1,\"MinNS\":59100,\"MaxNS\":59100,\"AvgNS\":59100,\"P0\":59100,\"P1\":0,\"P25\":0,\"P50\":59100,\"P75\":0,\"P99\":0,\"P100\":59100,\"Percentiles\":null,\"TimeoutCount\":0,\"ProbeCount\":1,\"WindowSeconds\":0},{\"Time\":\"2026-01-05T03:47:51Z\",\"TargetID\":1,\"MinNS\":59000,\"MaxNS\":59000,\"AvgNS\":59000,\"P0\":59000,\"P1\":0,\"P25\":0,\"P50\":59000,\"P75\":0,\"P99\":0,\"P100\":59000,\"Percentiles\":null,\"TimeoutCount\":0,\"ProbeCount\":1,\"WindowSeconds\":0},{\"Time\":\"2026-01-05T03:48:51Z\",\"TargetID\":1,\"MinNS\":58900,\"MaxNS\":58900,\"AvgNS\":58900,\"P0\":58900,\"P1\":0,\"P25\":0,\"P50\":58900,\"P75\":0,\"P99\":0,\"P100\":58900,\"Percentiles\":null,\"TimeoutCount\":0,\"ProbeCount\":1,\"WindowSeconds\":0},{\"Time\":\"2026-01-05T03:49:51Z\",\"TargetID\":1,\"MinNS\":58800,\"MaxNS\":58800,\"AvgNS\":58800,\"P0\":58800,\"P1\":0,\"P25\":0,\"P50\":58800,\"P75\":0,\"P99\":0,\"P100\":58800,\"Percentiles\":null,\"TimeoutCount\":0,\"ProbeCount\":1,\"WindowSeconds\":0},{\"Time\":\"2026-01-05T03:50:51Z\",\"TargetID\":1,\"MinNS\":58700,\"MaxNS\":58700,\"AvgNS\":58700,\"P0\":58700,\"P1\":0,\"P25\":0,\"P50\":58700,\"P75\":0,\"P99\":0,\"P100\":58700,\"Percentiles\":null,\"TimeoutCount\":0,\"ProbeCount\":1,\"WindowSeconds\":0},{\"Time\":\"2026-01-05T03:51:51Z\",\"TargetID\":1,\"MinNS\":58600,\"MaxNS\":58600,\"AvgNS\":58600,\"P0\":58600,\"P1\":0,\"P25\":0,\"P50\":58600,\"P75\":0,\"P99\":0,\"P100\":58600,\"Percentiles\":null,\"TimeoutCount\":0,\"ProbeCount\":1,\"WindowSeconds\":0},{\"Time\":\"2026-01-05T03:52:51Z\",\"TargetID\":1,\"MinNS\":58500,\"MaxNS\":58500,\"AvgNS\":58500,\"P0\":58500,\"P1\":0,\"P25\":0,\"P50\":58500,\"P75\":0,\"P99\":0,\"P100\":58500,\"Percentiles\":null,\"TimeoutCount\":0,\"ProbeCount\":1,\"WindowSeconds\":0},{\"Time\":\"2026-01-05T03:53:51Z\",\"TargetID\":1,\"MinNS\":58400,\"MaxNS\":58400,\"AvgNS\":58400,\"P0\":58400,\"P1\":0,\"P25\":0,\"P50\":58400,\"P75\":0,\"P99\":0,\"P100\":58400,\"Percentiles\":null,\"TimeoutCount\":0,\"ProbeCount\":1,\"WindowSeconds\":0},{\"Time\":\"2026-01-05T03:54:51Z\",\"TargetID\":1,\"MinNS\":58300,\"MaxNS\":58300,\"AvgNS\":58300,\"P0\":58300,\"P1\":0,\"P25\":0,\"P50\":58300,\"P75\":0,\"P99\":0,\"P100\":58300,\"Percentiles\":null,\"TimeoutCount\":0,\"ProbeCount\":1,\"WindowSeconds\":0},{\"Time\":\"2026-01-05T03:55:51Z\",\"TargetID\":1,\"MinNS\":58200,\"MaxNS\":58200,\"AvgNS\":58200,\"P0\":58200,\"P1\":0,\"P25\":0,\"P50\":58200,\"P75\":0,\"P99\":0,\"P100\":58200,\"Percentiles\":null,\"TimeoutCount\":0,\"ProbeCount\":1,\"WindowSeconds\":0},{\"Time\":\"2026-01-05T03:56:51Z\",\"TargetID\":1,\"MinNS\":58100,\"MaxNS\":58100,\"AvgNS\":58100,\"P0\":58100,\"P1\":0,\"P25\":0,\"P50\":58100,\"P75\":0,\"P99\":0,\"P100\":58100,\"Percentiles\":null,\"TimeoutCount\":0,\"ProbeCount\":1,\"WindowSeconds\":0},{\"Time\":\"2026-01-05T03:57:51Z\",\"TargetID\":1,\"MinNS\":58000,\"MaxNS\":58000,\"AvgNS\":58000,\"P0\":58000,\"P1\":0,\"P25\":0,\"P50\":58000,\"P75\":0,\"P99\":0,\"P100\":58000,\"Percentiles\":null,\"TimeoutCount\":0,\"ProbeCount\":1,\"WindowSeconds\":0},{\"Time\":\"2026-01-05T03:58:51Z\",\"TargetID\":1,\"MinNS\":57900,\"MaxNS\":57900,\"AvgNS\":57900,\"P0\":57900,\"P1\":0,\"P25\":0,\"P50\":57900,\"P75\":0,\"P99\":0,\"P100\":57900,\"Percentiles\":null,\"TimeoutCount\":0,\"ProbeCount\":1,\"WindowSeconds\":0},{\"Time\":\"2026-01-05T03:59:51Z\",\"TargetID\":1,\"MinNS\":57800,\"MaxNS\":57800,\"AvgNS\":57800,\"P0\":57800,\"P1\":0,\"P25\":0,\"P50\":57800,\"P75\":0,\"P99\":0,\"P100\":57800,\"Percentiles\":null,\"TimeoutCount\":0,\"ProbeCount\":1,\"WindowSeconds\":0},{\"Time\":\"2026-01-05T04:00:51Z\",\"TargetID\":1,\"MinNS\":57700,\"MaxNS\":57700,\"AvgNS\":57700,\"P0\":57700,\"P1\":0,\"P25\":0,\"P50\":57700,\"P75\":0,\"P99\":0,\"P100\":57700,\"Percentiles\":null,\"TimeoutCount\":0,\"ProbeCount\":1,\"WindowSeconds\":0},{\"Time\":\"2026-01-05T04:01:51Z\",\"TargetID\":1,\"MinNS\":57600,\"MaxNS\":57600,\"AvgNS\":57600,\"P0\":57600,\"P1\":0,\"P25\":0,\"P50\":57600,\"P75\":0,\"P99\":0,\"P100\":57600,\"Percentiles\":null,\"TimeoutCount\":0,\"ProbeCount\":1,\"WindowSeconds\":0},{\"Time\":\"2026-01-05T04:02:51Z\",\"TargetID\":1,\"MinNS\":57500,\"MaxNS\":57500,\"AvgNS\":57500,\"P0\":57500,\"P1\":0,\"P25\":0,\"P50\":57500,\"P75\":0,\"P99\":0,\"P100\":57500,\"Percentiles\":null,\"TimeoutCount\":0,\"ProbeCount\":1,\"WindowSeconds\":0},{\"Time\":\"2026-01-05T04:03:51Z\",\"TargetID\":1,\"MinNS\":57400,\"MaxNS\":57400,\"AvgNS\":57400,\"P0\":57400,\"P1\":0,\"P25\":0,\"P50\":57400,\"P75\":0,\"P99\":0,\"P100\":57400,\"Percentiles\":null,\"TimeoutCount\":0,\"ProbeCount\":1,\"WindowSeconds\":0},{\"Time\":\"2026-01-05T04:04:51Z\",\"TargetID\":1,\"MinNS\":57300,\"MaxNS\":57300,\"AvgNS\":57300,\"P0\":57300,\"P1\":0,\"P25\":0,\"P50\":57300,\"P75\":0,\"P99\":0,\"P100\":57300,\"Percentiles\":null,\"TimeoutCount\":0,\"ProbeCount\":1,\"WindowSeconds\":0},{\"Time\":\"2026-01-05T04:05:51Z\",\"TargetID\":1,\"MinNS\":57200,\"MaxNS\":57200,\"AvgNS\":57200,\"P0\":57200,\"P1\":0,\"P25\":0,\"P50\":57200,\"P75\":0,\"P99\":0,\"P100\":57200,\"Percentiles\":null,\"TimeoutCount\":0,\"ProbeCount\":1,\"WindowSeconds\":0},{\"Time\":\"2026-01-05T04:06:51Z\",\"TargetID\":1,\"MinNS\":57100,\"MaxNS\":57100,\"AvgNS\":57100,\"P0\":57100,\"P1\":0,\"P25\":0,\"P50\":57100,\"P75\":0,\"P99\":0,\"P100\":57100,\"Percentiles\":null,\"TimeoutCount\":0,\"ProbeCount\":1,\"WindowSeconds\":0},{\"Time\":\"2026-01-05T04:07:51Z\",\"TargetID\":1,\"MinNS\":57000,\"MaxNS\":57000,\"AvgNS\":57000,\"P0\":57000,\"P1\":0,\"P25\":0,\"P50\":57000,\"P75\":0,\"P99\":0,\"P100\":57000,\"Percentiles\":null,\"TimeoutCount\":0,\"ProbeCount\":1,\"WindowSeconds\":0},{\"Time\":\"2026-01-05T04:08:51Z\",\"TargetID\":1,\"MinNS\":56900,\"MaxNS\":56900,\"AvgNS\":56900,\"P0\":56900,\"P1\":0,\"P25\":0,\"P50\":56900,\"P75\":0,\"P99\":0,\"P100\":56900,\"Percentiles\":null,\"TimeoutCount\":0,\"ProbeCount\":1,\"WindowSeconds\":0},{\"Time\":\"2026-01-05T04:09:51Z\",\"TargetID\":1,\"MinNS\":56800,\"MaxNS\":56800,\"AvgNS\":56800,\"P0\":56800,\"P1\":0,\"P25\":0,\"P50\":56800,\"P75\":0,\"P99\":0,\"P100\":56800,\"Percentiles\":null,\"TimeoutCount\":0,\"ProbeCount\":1,\"WindowSeconds\":0},{\"Time\":\"2026-01-05T04:10:51Z\",\"TargetID\":1,\"MinNS\":56700,\"MaxNS\":56700,\"AvgNS\":56700,\"P0\":56700,\"P1\":0,\"P25\":0,\"P50\":56700,\"P75\":0,\"P99\":0,\"P100\":56700,\"Percentiles\":null,\"TimeoutCount\":0,\"ProbeCount\":1,\"WindowSeconds\":0},{\"Time\":\"2026-01-05T04:11:51Z\",\"TargetID\":1,\"MinNS\":56600,\"MaxNS\":56600,\"AvgNS\":56600,\"P0\":56600,\"P1\":0,\"P25\":0,\"P50\":56600,\"P75\":0,\"P99\":0,\"P100\":56600,\"Percentiles\":null,\"TimeoutCount\":0,\"ProbeCount\":1,\"WindowSeconds\":0},{\"Time\":\"2026-01-05T04:12:51Z\",\"TargetID\":1,\"MinNS\":56500,\"MaxNS\":56500,\"AvgNS\":56500,\"P0\":56500,\"P1\":0,\"P25\":0,\"P50\":56500,\"P75\":0,\"P99\":0,\"P100\":56500,\"Percentiles\":null,\"TimeoutCount\":0,\"ProbeCount\":1,\"WindowSeconds\":0},{\"Time\":\"2026-01-05T04:13:51Z\",\"TargetID\":1,\"MinNS\":56400,\"MaxNS\":56400,\"AvgNS\":56400,\"P0\":56400,\"P1\":0,\"P25\":0,\"P50\":56400,\"P75\":0,\"P99\":0,\"P100\":56400,\"Percentiles\":null,\"TimeoutCount\":0,\"ProbeCount\":1,\"WindowSeconds\":0},{\"Time\":\"2026-01-05T04:14:51Z\",\"TargetID\":1,\"MinNS\":56300,\"MaxNS\":56300,\"AvgNS\":56300,\"P0\":56300,\"P1\":0,\"P25\":0,\"P50\":56300,\"P75\":0,\"P99\":0,\"P100\":56300,\"Percentiles\":null,\"TimeoutCount\":0,\"ProbeCount\":1,\"WindowSeconds\":0},{\"Time\":\"2026-01-05T04:15:51Z\",\"TargetID\":1,\"MinNS\":56200,\"MaxNS\":56200,\"AvgNS\":56200,\"P0\":56200,\"P1\":0,\"P25\":0,\"P50\":56200,\"P75\":0,\"P99\":0,\"P100\":56200,\"Percentiles\":null,\"TimeoutCount\":0,\"ProbeCount\":1,\"WindowSeconds\":0},{\"Time\":\"2026-01-05T04:16:51Z\",\"TargetID\":1,\"MinNS\":56100,\"MaxNS\":56100,\"AvgNS\":56100,\"P0\":56100,\"P1\":0,\"P25\":0,\"P50\":56100,\"P75\":0,\"P99\":0,\"P100\":56100,\"Percentiles\":null,\"TimeoutCount\":0,\"ProbeCount\":1,\"WindowSeconds\":0},{\"Time\":\"2026-01-05T04:17:51Z\",\"TargetID\":1,\"MinNS\":56000,\"MaxNS\":56000,\"AvgNS\":56000,\"P0\":56000,\"P1\":0,\"P25\":0,\"P50\":56000,\"P75\":0,\"P99\":0,\"P100\":56000,\"Percentiles\":null,\"TimeoutCount\":0,\"ProbeCount\":1,\"WindowSeconds\":0},{\"Time\":\"2026-01-05T04:18:51Z\",\"TargetID\":1,\"MinNS\":55900,\"MaxNS\":55900,\"AvgNS\":55900,\"P0\":55900,\"P1\":0,\"P25\":0,\"P50\":55900,\"P75\":0,\"P99\":0,\"P100\":55900,\"Percentiles\":null,\"TimeoutCount\":0,\"ProbeCount\":1,\"WindowSeconds\":0},{\"Time\":\"2026-01-05T04:19:51Z\",\"TargetID\":1,\"MinNS\":55800,\"MaxNS\":55800,\"AvgNS\":55800,\"P0\":55800,\"P1\":0,\"P25\":0,\"P50\":55800,\"P75\":0,\"P99\":0,\"P100\":55800,\"Percentiles\":null,\"TimeoutCount\":0,\"ProbeCount\":1,\"WindowSeconds\":0},{\"Time\":\"2026-01-05T04:20:51Z\",\"TargetID\":1,\"MinNS\":55700,\"MaxNS\":55700,\"AvgNS\":55700,\"P0\":55700,\"P1\":0,\"P25\":0,\"P50\":55700,\"P75\":0,\"P99\":0,\"P100\":55700,\"Percentiles\":null,\"TimeoutCount\":0,\"ProbeCount\":1,\"WindowSeconds\":0},{\"Time\":\"2026-01-05T04:21:51Z\",\"TargetID\":1,\"MinNS\":55600,\"MaxNS\":55600,\"AvgNS\":55600,\"P0\":55600,\"P1\":0,\"P25\":0,\"P50\":55600,\"P75\":0,\"P99\":0,\"P100\":55600,\"Percentiles\":null,\"TimeoutCount\":0,\"ProbeCount\":1,\"WindowSeconds\":0},{\"Time\":\"2026-01-05T04:22:51Z\",\"TargetID\":1,\"MinNS\":55500,\"MaxNS\":55500,\"AvgNS\":55500,\"P0\":55500,\"P1\":0,\"P25\":0,\"P50\":55500,\"P75\":0,\"P99\":0,\"P100\":55500,\"Percentiles\":null,\"TimeoutCount\":0,\"ProbeCount\":1,\"WindowSeconds\":0},{\"Time\":\"2026-01-05T04:23:51Z\",\"TargetID\":1,\"MinNS\":55400,\"MaxNS\":55400,\"AvgNS\":55400,\"P0\":55400,\"P1\":0,\"P25\":0,\"P50\":55400,\"P75\":0,\"P99\":0,\"P100\":55400,\"Percentiles\":null,\"TimeoutCount\":0,\"ProbeCount\":1,\"WindowSeconds\":0},{\"Time\":\"2026-01-05T04:24:51Z\",\"TargetID\":1,\"MinNS\":55300,\"MaxNS\":55300,\"AvgNS\":55300,\"P0\":55300,\"P1\":0,\"P25\":0,\"P50\":55300,\"P75\":0,\"P99\":0,\"P100\":55300,\"Percentiles\":null,\"TimeoutCount\":0,\"ProbeCount\":1,\"WindowSeconds\":0},{\"Time\":\"2026-01-05T04:25:51Z\",\"TargetID\":1,\"MinNS\":55200,\"MaxNS\":55200,\"AvgNS\":55200,\"P0\":55200,\"P1\":0,\"P25\":0,\"P50\":55200,\"P75\":0,\"P99\":0,\"P100\":55200,\"Percentiles\":null,\"TimeoutCount\":0,\"ProbeCount\":1,\"WindowSeconds\":0},{\"Time\":\"2026-01-05T04:26:51Z\",\"TargetID\":1,\"MinNS\":55100,\"MaxNS\":55100,\"AvgNS\":55100,\"P0\":55100,\"P1\":0,\"P25\":0,\"P50\":55100,\"P75\":0,\"P99\":0,\"P100\":55100,\"Percentiles\":null,\"TimeoutCount\":0,\"ProbeCount\":1,\"WindowSeconds\":0},{\"Time\":\"2026-01-05T04:27:51Z\",\"TargetID\":1,\"MinNS\":55000,\"MaxNS\":55000,\"AvgNS\":55000,\"P0\":55000,\"P1\":0,\"P25\":0,\"P50\":55000,\"P75\":0,\"P99\":0,\"P100\":55000,\"Percentiles\":null,\"TimeoutCount\":0,\"ProbeCount\":1,\"WindowSeconds\":0},{\"Time\":\"2026-01-05T04:28:51Z\",\"TargetID\":1,\"MinNS\":54900,\"MaxNS\":54900,\"AvgNS\":54900,\"P0\":54900,\"P1\":0,\"P25\":0,\"P50\":54900,\"P75\":0,\"P99\":0,\"P100\":54900,\"Percentiles\":null,\"TimeoutCount\":0,\"ProbeCount\":1,\"WindowSeconds\":0},{\"Time\":\"2026-01-05T04:29:51Z\",\"TargetID\":1,\"MinNS\":54800,\"MaxNS\":54800,\"AvgNS\":54800,\"P0\":54800,\"P1\":0,\"P25\":0,\"P50\":54800,\"P75\":0,\"P99\":0,\"P100\":54800,\"Percentiles\":null,\"TimeoutCount\":0,\"ProbeCount\":1,\"WindowSeconds\":0},{\"Time\":\"2026-01-05T04:30:51Z\",\"TargetID\":1,\"MinNS\":54700,\"MaxNS\":54700,\"AvgNS\":54700,\"P0\":54700,\"P1\":0,\"P25\":0,\"P50\":54700,\"P75\":0,\"P99\":0,\"P100\":54700,\"Percentiles\":null,\"TimeoutCount\":0,\"ProbeCount\":1,\"WindowSeconds\":0},{\"Time\":\"2026-01-05T04:31:51Z\",\"TargetID\":1,\"MinNS\":54600,\"MaxNS\":54600,\"AvgNS\":54600,\"P0\":54600,\"P1\":0,\"P25\":0,\"P50\":54600,\"P75\":0,\"P99\":0,\"P100\":54600,\"Percentiles\":null,\"TimeoutCount\":0,\"ProbeCount\":1,\"WindowSeconds\":0},{\"Time\":\"2026-01-05T04:32:51Z\",\"TargetID\":1,\"MinNS\":54500,\"MaxNS\":54500,\"AvgNS\":54500,\"P0\":54500,\"P1\":0,\"P25\":0,\"P50\":54500,\"P75\":0,\"P99\":0,\"P100\":54500,\"Percentiles\":null,\"TimeoutCount\":0,\"ProbeCount\":1,\"WindowSeconds\":0},{\"Time\":\"2026-01-05T04:33:51Z\",\"TargetID\":1,\"MinNS\":54400,\"MaxNS\":54400,\"AvgNS\":54400,\"P0\":54400,\"P1\":0,\"P25\":0,\"P50\":54400,\"P75\":0,\"P99\":0,\"P100\":54400,\"Percentiles\":null,\"TimeoutCount\":0,\"ProbeCount\":1,\"WindowSeconds\":0},{\"Time\":\"2026-01-05T04:34:51Z\",\"TargetID\":1,\"MinNS\":54300,\"MaxNS\":54300,\"AvgNS\":54300,\"P0\":54300,\"P1\":0,\"P25\":0,\"P50\":54300,\"P75\":0,\"P99\":0,\"P100\":54300,\"Percentiles\":null,\"TimeoutCount\":0,\"ProbeCount\":1,\"WindowSeconds\":0},{\"Time\":\"2026-01-05T04:35:51Z\",\"TargetID\":1,\"MinNS\":54200,\"MaxNS\":54200,\"AvgNS\":54200,\"P0\":54200,\"P1\":0,\"P25\":0,\"P50\":54200,\"P75\":0,\"P99\":0,\"P100\":54200,\"Percentiles\":null,\"TimeoutCount\":0,\"ProbeCount\":1,\"WindowSeconds\":0},{\"Time\":\"2026-01-05T04:36:51Z\",\"TargetID\":1,\"MinNS\":54100,\"MaxNS\":54100,\"AvgNS\":54100,\"P0\":54100,\"P1\":0,\"P25\":0,\"P50\":54100,\"P75\":0,\"P99\":0,\"P100\":54100,\"Percentiles\":null,\"TimeoutCount\":0,\"ProbeCount\":1,\"WindowSeconds\":0},{\"Time\":\"2026-01-05T04:37:51Z\",\"TargetID\":1,\"MinNS\":54000,\"MaxNS\":54000,\"AvgNS\":54000,\"P0\":54000,\"P1\":0,\"P25\":0,\"P50\":54000,\"P75\":0,\"P99\":0,\"P100\":54000,\"Percentiles\":null,\"TimeoutCount\":0,\"ProbeCount\":1,\"WindowSeconds\":0},{\"Time\":\"2026-01-05T04:38:51Z\",\"TargetID\":1,\"MinNS\":53900,\"MaxNS\":53900,\"AvgNS\":53900,\"P0\":53900,\"P1\":0,\"P25\":0,\"P50\":53900,\"P75\":0,\"P99\":0,\"P100\":53900,\"Percentiles\":null,\"TimeoutCount\":0,\"ProbeCount\":1,\"WindowSeconds\":0},{\"Time\":\"2026-01-05T04:39:51Z\",\"TargetID\":1,\"MinNS\":53800,\"MaxNS\":53800,\"AvgNS\":53800,\"P0\":53800,\"P1\":0,\"P25\":0,\"P50\":53800,\"P75\":0,\"P99\":0,\"P100\":53800,\"Percentiles\":null,\"TimeoutCount\":0,\"ProbeCount\":1,\"WindowSeconds\":0},{\"Time\":\"2026-01-05T04:40:51Z\",\"TargetID\":1,\"MinNS\":53700,\"MaxNS\":53700,\"AvgNS\":53700,\"P0\":53700,\"P1\":0,\"P25\":0,\"P50\":53700,\"P75\":0,\"P99\":0,\"P100\":53700,\"Percentiles\":null,\"TimeoutCount\":0,\"ProbeCount\":1,\"WindowSeconds\":0},{\"Time\":\"2026-01-05T04:41:51Z\",\"TargetID\":1,\"MinNS\":53600,\"MaxNS\":53600,\"AvgNS\":53600,\"P0\":53600,\"P1\":0,\"P25\":0,\"P50\":53600,\"P75\":0,\"P99\":0,\"P100\":53600,\"Percentiles\":null,\"TimeoutCount\":0,\"ProbeCount\":1,\"WindowSeconds\":0},{\"Time\":\"2026-01-05T04:42:51Z\",\"TargetID\":1,\"MinNS\":53500,\"MaxNS\":53500,\"AvgNS\":53500,\"P0\":53500,\"P1\":0,\"P25\":0,\"P50\":53500,\"P75\":0,\"P99\":0,\"P100\":53500,\"Percentiles\":null,\"TimeoutCount\":0,\"ProbeCount\":1,\"WindowSeconds\":0},{\"Time\":\"2026-01-05T04:43:51Z\",\"TargetID\":1,\"MinNS\":53400,\"MaxNS\":53400,\"AvgNS\":53400,\"P0\":53400,\"P1\":0,\"P25\":0,\"P50\":53400,\"P75\":0,\"P99\":0,\"P100\":53400,\"Percentiles\":null,\"TimeoutCount\":0,\"ProbeCount\":1,\"WindowSeconds\":0},{\"Time\":\"2026-01-05T04:44:51Z\",\"TargetID\":1,\"MinNS\":53300,\"MaxNS\":53300,\"AvgNS\":53300,\"P0\":53300,\"P1\":0,\"P25\":0,\"P50\":53300,\"P75\":0,\"P99\":0,\"P100\":53300,\"Percentiles\":null,\"TimeoutCount\":0,\"ProbeCount\":1,\"WindowSeconds\":0},{\"Time\":\"2026-01-05T04:45:51Z\",\"TargetID\":1,\"MinNS\":53200,\"MaxNS\":53200,\"AvgNS\":53200,\"P0\":53200,\"P1\":0,\"P25\":0,\"P50\":53200,\"P75\":0,\"P99\":0,\"P100\":53200,\"Percentiles\":null,\"TimeoutCount\":0,\"ProbeCount\":1,\"WindowSeconds\":0},{\"Time\":\"2026-01-05T04:46:51Z\",\"TargetID\":1,\"MinNS\":53100,\"MaxNS\":53100,\"AvgNS\":53100,\"P0\":53100,\"P1\":0,\"P25\":0,\"P50\":53100,\"P75\":0,\"P99\":0,\"P100\":53100,\"Percentiles\":null,\"TimeoutCount\":0,\"ProbeCount\":1,\"WindowSeconds\":0},{\"Time\":\"2026-01-05T04:47:51Z\",\"TargetID\":1,\"MinNS\":53000,\"MaxNS\":53000,\"AvgNS\":53000,\"P0\":53000,\"P1\":0,\"P25\":0,\"P50\":53000,\"P75\":0,\"P99\":0,\"P100\":53000,\"Percentiles\":null,\"TimeoutCount\":0,\"ProbeCount\":1,\"WindowSeconds\":0},{\"Time\":\"2026-01-05T04:48:51Z\",\"TargetID\":1,\"MinNS\":52900,\"MaxNS\":52900,\"AvgNS\":52900,\"P0\":52900,\"P1\":0,\"P25\":0,\"P50\":52900,\"P75\":0,\"P99\":0,\"P100\":52900,\"Percentiles\":null,\"TimeoutCount\":0,\"ProbeCount\":1,\"WindowSeconds\":0},{\"Time\":\"2026-01-05T04:49:51Z\",\"TargetID\":1,\"MinNS\":52800,\"MaxNS\":52800,\"AvgNS\":52800,\"P0\":52800,\"P1\":0,\"P25\":0,\"P50\":52800,\"P75\":0,\"P99\":0,\"P100\":52800,\"Percentiles\":null,\"TimeoutCount\":0,\"ProbeCount\":1,\"WindowSeconds\":0},{\"Time\":\"2026-01-05T04:50:51Z\",\"TargetID\":1,\"MinNS\":52700,\"MaxNS\":52700,\"AvgNS\":52700,\"P0\":52700,\"P1\":0,\"P25\":0,\"P50\":52700,\"P75\":0,\"P99\":0,\"P100\":52700,\"Percentiles\":null,\"TimeoutCount\":0,\"ProbeCount\":1,\"WindowSeconds\":0},{\"Time\":\"2026-01-05T04:51:51Z\",\"TargetID\":1,\"MinNS\":52600,\"MaxNS\":52600,\"AvgNS\":52600,\"P0\":52600,\"P1\":0,\"P25\":0,\"P50\":52600,\"P75\":0,\"P99\":0,\"P100\":52600,\"Percentiles\":null,\"TimeoutCount\":0,\"ProbeCount\":1,\"WindowSeconds\":0},{\"Time\":\"2026-01-05T04:52:51Z\",\"TargetID\":1,\"MinNS\":52500,\"MaxNS\":52500,\"AvgNS\":52500,\"P0\":52500,\"P1\":0,\"P25\":0,\"P50\":52500,\"P75\":0,\"P99\":0,\"P100\":52500,\"Percentiles\":null,\"TimeoutCount\":0,\"ProbeCount\":1,\"WindowSeconds\":0},{\"Time\":\"2026-01-05T04:53:51Z\",\"TargetID\":1,\"MinNS\":52400,\"MaxNS\":52400,\"AvgNS\":52400,\"P0\":52400,\"P1\":0,\"P25\":0,\"P50\":52400,\"P75\":0,\"P99\":0,\"P100\":52400,\"Percentiles\":null,\"TimeoutCount\":0,\"ProbeCount\":1,\"WindowSeconds\":0},{\"Time\":\"2026-01-05T04:54:51Z\",\"TargetID\":1,\"MinNS\":52300,\"MaxNS\":52300,\"AvgNS\":52300,\"P0\":52300,\"P1\":0,\"P25\":0,\"P50\":52300,\"P75\":0,\"P99\":0,\"P100\":52300,\"Percentiles\":null,\"TimeoutCount\":0,\"ProbeCount\":1,\"WindowSeconds\":0},{\"Time\":\"2026-01-05T04:55:51Z\",\"TargetID\":1,\"MinNS\":52200,\"MaxNS\":52200,\"AvgNS\":52200,\"P0\":52200,\"P1\":0,\"P25\":0,\"P50\":52200,\"P75\":0,\"P99\":0,\"P100\":52200,\"Percentiles\":null,\"TimeoutCount\":0,\"ProbeCount\":1,\"WindowSeconds\":0},{\"Time\":\"2026-01-05T04:56:51Z\",\"TargetID\":1,\"MinNS\":52100,\"MaxNS\":52100,\"AvgNS\":52100,\"P0\":52100,\"P1\":0,\"P25\":0,\"P50\":52100,\"P75\":0,\"P99\":0,\"P100\":52100,\"Percentiles\":null,\"TimeoutCount\":0,\"ProbeCount\":1,\"WindowSeconds\":0},{\"Time\":\"2026-01-05T04:57:51Z\",\"TargetID\":1,\"MinNS\":52000,\"MaxNS\":52000,\"AvgNS\":52000,\"P0\":52000,\"P1\":0,\"P25\":0,\"P50\":52000,\"P75\":0,\"P99\":0,\"P100\":52000,\"Percentiles\":null,\"TimeoutCount\":0,\"ProbeCount\":1,\"WindowSeconds\":0},{\"Time\":\"2026-01-05T04:58:51Z\",\"TargetID\":1,\"MinNS\":51900,\"MaxNS\":51900,\"AvgNS\":51900,\"P0\":51900,\"P1\":0,\"P25\":0,\"P50\":51900,\"P75\":0,\"P99\":0,\"P100\":51900,\"Percentiles\":null,\"TimeoutCount\":0,\"ProbeCount\":1,\"WindowSeconds\":0},{\"Time\":\"2026-01-05T04:59:51Z\",\"TargetID\":1,\"MinNS\":51800,\"MaxNS\":51800,\"AvgNS\":51800,\"P0\":51800,\"P1\":0,\"P25\":0,\"P50\":51800,\"P75\":0,\"P99\":0,\"P100\":51800,\"Percentiles\":null,\"TimeoutCount\":0,\"ProbeCount\":1,\"WindowSeconds\":0},{\"Time\":\"2026-01-05T05:00:51Z\",\"TargetID\":1,\"MinNS\":51700,\"MaxNS\":51700,\"AvgNS\":51700,\"P0\":51700,\"P1\":0,\"P25\":0,\"P50\":51700,\"P75\":0,\"P99\":0,\"P100\":51700,\"Percentiles\":null,\"TimeoutCount\":0,\"ProbeCount\":1,\"WindowSeconds\":0},{\"Time\":\"2026-01-05T05:01:51Z\",\"TargetID\":1,\"MinNS\":51600,\"MaxNS\":51600,\"AvgNS\":51600,\"P0\":51600,\"P1\":0,\"P25\":0,\"P50\":51600,\"P75\":0,\"P99\":0,\"P100\":51600,\"Percentiles\":null,\"TimeoutCount\":0,\"ProbeCount\":1,\"WindowSeconds\":0},{\"Time\":\"2026-01-05T05:02:51Z\",\"TargetID\":1,\"MinNS\":51500,\"MaxNS\":51500,\"AvgNS\":51500,\"P0\":51500,\"P1\":0,\"P25\":0,\"P50\":51500,\"P75\":0,\"P99\":0,\"P100\":51500,\"Percentiles\":null,\"TimeoutCount\":0,\"ProbeCount\":1,\"WindowSeconds\":0},{\"Time\":\"2026-01-05T05:03:51Z\",\"TargetID\":1,\"MinNS\":51400,\"MaxNS\":51400,\"AvgNS\":51400,\"P0\":51400,\"P1\":0,\"P25\":0,\"P50\":51400,\"P75\":0,\"P99\":0,\"P100\":51400,\"Percentiles\":null,\"TimeoutCount\":0,\"ProbeCount\":1,\"WindowSeconds\":0},{\"Time\":\"2026-01-05T05:04:51Z\",\"TargetID\":1,\"MinNS\":51300,\"MaxNS\":51300,\"AvgNS\":51300,\"P0\":51300,\"P1\":0,\"P25\":0,\"P50\":51300,\"P75\":0,\"P99\":0,\"P100\":51300,\"Percentiles\":null,\"TimeoutCount\":0,\"ProbeCount\":1,\"WindowSeconds\":0},{\"Time\":\"2026-01-05T05:05:51Z\",\"TargetID\":1,\"MinNS\":51200,\"MaxNS\":51200,\"AvgNS\":51200,\"P0\":51200,\"P1\":0,\"P25\":0,\"P50\":51200,\"P75\":0,\"P99\":0,\"P100\":51200,\"Percentiles\":null,\"TimeoutCount\":0,\"ProbeCount\":1,\"WindowSeconds\":0},{\"Time\":\"2026-01-05T05:06:51Z\",\"TargetID\":1,\"MinNS\":51100,\"MaxNS\":51100,\"AvgNS\":51100,\"P0\":51100,\"P1\":0,\"P25\":0,\"P50\":51100,\"P75\":0,\"P99\":0,\"P100\":51100,\"Percentiles\":null,\"TimeoutCount\":0,\"ProbeCount\":1,\"WindowSeconds\":0},{\"Time\":\"2026-01-05T05:07:51Z\",\"TargetID\":1,\"MinNS\":51000,\"MaxNS\":51000,\"AvgNS\":51000,\"P0\":51000,\"P1\":0,\"P25\":0,\"P50\":51000,\"P75\":0,\"P99\":0,\"P100\":51000,\"Percentiles\":null,\"TimeoutCount\":0,\"ProbeCount\":1,\"WindowSeconds\":0},{\"Time\":\"2026-01-05T05:08:51Z\",\"TargetID\":1,\"MinNS\":50900,\"MaxNS\":50900,\"AvgNS\":50900,\"P0\":50900,\"P1\":0,\"P25\":0,\"P50\":50900,\"P75\":0,\"P99\":0,\"P100\":50900,\"Percentiles\":null,\"TimeoutCount\":0,\"ProbeCount\":1,\"WindowSeconds\":0},{\"Time\":\"2026-01-05T05:09:51Z\",\"TargetID\":1,\"MinNS\":50800,\"MaxNS\":50800,\"AvgNS\":50800,\"P0\":50800,\"P1\":0,\"P25\":0,\"P50\":50800,\"P75\":0,\"P99\":0,\"P100\":50800,\"Percentiles\":null,\"TimeoutCount\":0,\"ProbeCount\":1,\"WindowSeconds\":0},{\"Time\":\"2026-01-05T05:10:51Z\",\"TargetID\":1,\"MinNS\":50700,\"MaxNS\":50700,\"AvgNS\":50700,\"P0\":50700,\"P1\":0,\"P25\":0,\"P50\":50700,\"P75\":0,\"P99\":0,\"P100\":50700,\"Percentiles\":null,\"TimeoutCount\":0,\"ProbeCount\":1,\"WindowSeconds\":0},{\"Time\":\"2026-01-05T05:11:51Z\",\"TargetID\":1,\"MinNS\":50600,\"MaxNS\":50600,\"AvgNS\":50600,\"P0\":50600,\"P1\":0,\"P25\":0,\"P50\":50600,\"P75\":0,\"P99\":0,\"P100\":50600,\"Percentiles\":null,\"TimeoutCount\":0,\"ProbeCount\":1,\"WindowSeconds\":0},{\"Time\":\"2026-01-05T05:12:51Z\",\"TargetID\":1,\"MinNS\":50500,\"MaxNS\":50500,\"AvgNS\":50500,\"P0\":50500,\"P1\":0,\"P25\":0,\"P50\":50500,\"P75\":0,\"P99\":0,\"P100\":50500,\"Percentiles\":null,\"TimeoutCount\":0,\"ProbeCount\":1,\"WindowSeconds\":0},{\"Time\":\"2026-01-05T05:13:51Z\",\"TargetID\":1,\"MinNS\":50400,\"MaxNS\":50400,\"AvgNS\":50400,\"P0\":50400,\"P1\":0,\"P25\":0,\"P50\":50400,\"P75\":0,\"P99\":0,\"P100\":50400,\"Percentiles\":null,\"TimeoutCount\":0,\"ProbeCount\":1,\"WindowSeconds\":0},{\"Time\":\"2026-01-05T05:14:51Z\",\"TargetID\":1,\"MinNS\":50300,\"MaxNS\":50300,\"AvgNS\":50300,\"P0\":50300,\"P1\":0,\"P25\":0,\"P50\":50300,\"P75\":0,\"P99\":0,\"P100\":50300,\"Percentiles\":null,\"TimeoutCount\":0,\"ProbeCount\":1,\"WindowSeconds\":0},{\"Time\":\"2026-01-05T05:15:51Z\",\"TargetID\":1,\"MinNS\":50200,\"MaxNS\":50200,\"AvgNS\":50200,\"P0\":50200,\"P1\":0,\"P25\":0,\"P50\":50200,\"P75\":0,\"P99\":0,\"P100\":50200,\"Percentiles\":null,\"TimeoutCount\":0,\"ProbeCount\":1,\"WindowSeconds\":0},{\"Time\":\"2026-01-05T05:16:51Z\",\"TargetID\":1,\"MinNS\":50100,\"MaxNS\":50100,\"AvgNS\":50100,\"P0\":50100,\"P1\":0,\"P25\":0,\"P50\":50100,\"P75\":0,\"P99\":0,\"P100\":50100,\"Percentiles\":null,\"TimeoutCount\":0,\"ProbeCount\":1,\"WindowSeconds\":0},{\"Time\":\"2026-01-05T05:17:51Z\",\"TargetID\":1,\"MinNS\":50000,\"MaxNS\":50000,\"AvgNS\":50000,\"P0\":50000,\"P1\":0,\"P25\":0,\"P50\":50000,\"P75\":0,\"P99\":0,\"P100\":50000,\"Percentiles\":null,\"TimeoutCount\":0,\"ProbeCount\":1,\"WindowSeconds\":0},{\"Time\":\"2026-01-05T05:18:51Z\",\"TargetID\":1,\"MinNS\":49900,\"MaxNS\":49900,\"AvgNS\":49900,\"P0\":49900,\"P1\":0,\"P25\":0,\"P50\":49900,\"P75\":0,\"P99\":0,\"P100\":49900,\"Percentiles\":null,\"TimeoutCount\":0,\"ProbeCount\":1,\"WindowSeconds\":0},{\"Time\":\"2026-01-05T05:19:51Z\",\"TargetID\":1,\"MinNS\":49800,\"MaxNS\":49800,\"AvgNS\":49800,\"P0\":49800,\"P1\":0,\"P25\":0,\"P50\":49800,\"P75\":0,\"P99\":0,\"P100\":49800,\"Percentiles\":null,\"TimeoutCount\":0,\"ProbeCount\":1,\"WindowSeconds\":0},{\"Time\":\"2026-01-05T05:20:51Z\",\"TargetID\":1,\"MinNS\":49700,\"MaxNS\":49700,\"AvgNS\":49700,\"P0\":49700,\"P1\":0,\"P25\":0,\"P50\":49700,\"P75\":0,\"P99\":0,\"P100\":49700,\"Percentiles\":null,\"TimeoutCount\":0,\"ProbeCount\":1,\"WindowSeconds\":0},{\"Time\":\"2026-01-05T05:21:51Z\",\"TargetID\":1,\"MinNS\":49600,\"MaxNS\":49600,\"AvgNS\":49600,\"P0\":49600,\"P1\":0,\"P25\":0,\"P50\":49600,\"P75\":0,\"P99\":0,\"P100\":49600,\"Percentiles\":null,\"TimeoutCount\":0,\"ProbeCount\":1,\"WindowSeconds\":0},{\"Time\":\"2026-01-05T05:22:51Z\",\"TargetID\":1,\"MinNS\":49500,\"MaxNS\":49500,\"AvgNS\":49500,\"P0\":49500,\"P1\":0,\"P25\":0,\"P50\":49500,\"P75\":0,\"P99\":0,\"P100\":49500,\"Percentiles\":null,\"TimeoutCount\":0,\"ProbeCount\":1,\"WindowSeconds\":0},{\"Time\":\"2026-01-05T05:23:51Z\",\"TargetID\":1,\"MinNS\":49400,\"MaxNS\":49400,\"AvgNS\":49400,\"P0\":49400,\"P1\":0,\"P25\":0,\"P50\":49400,\"P75\":0,\"P99\":0,\"P100\":49400,\"Percentiles\":null,\"TimeoutCount\":0,\"ProbeCount\":1,\"WindowSeconds\":0},{\"Time\":\"2026-01-05T05:24:51Z\",\"TargetID\":1,\"MinNS\":49300,\"MaxNS\":49300,\"AvgNS\":49300,\"P0\":49300,\"P1\":0,\"P25\":0,\"P50\":49300,\"P75\":0,\"P99\":0,\"P100\":49300,\"Percentiles\":null,\"TimeoutCount\":0,\"ProbeCount\":1,\"WindowSeconds\":0},{\"Time\":\"2026-01-05T05:25:51Z\",\"TargetID\":1,\"MinNS\":49200,\"MaxNS\":49200,\"AvgNS\":49200,\"P0\":49200,\"P1\":0,\"P25\":0,\"P50\":49200,\"P75\":0,\"P99\":0,\"P100\":49200,\"Percentiles\":null,\"TimeoutCount\":0,\"ProbeCount\":1,\"WindowSeconds\":0},{\"Time\":\"2026-01-05T05:26:51Z\",\"TargetID\":1,\"MinNS\":49100,\"MaxNS\":49100,\"AvgNS\":49100,\"P0\":49100,\"P1\":0,\"P25\":0,\"P50\":49100,\"P75\":0,\"P99\":0,\"P100\":49100,\"Percentiles\":null,\"TimeoutCount\":0,\"ProbeCount\":1,\"WindowSeconds\":0},{\"Time\":\"2026-01-05T05:27:51Z\",\"TargetID\":1,\"MinNS\":49000,\"MaxNS\":49000,\"AvgNS\":49000,\"P0\":49000,\"P1\":0,\"P25\":0,\"P50\":49000,\"P75\":0,\"P99\":0,\"P100\":49000,\"Percentiles\":null,\"TimeoutCount\":0,\"ProbeCount\":1,\"WindowSeconds\":0},{\"Time\":\"2026-01-05T05:28:51Z\",\"TargetID\":1,\"MinNS\":48900,\"MaxNS\":48900,\"AvgNS\":48900,\"P0\":48900,\"P1\":0,\"P25\":0,\"P50\":48900,\"P75\":0,\"P99\":0,\"P100\":48900,\"Percentiles\":null,\"TimeoutCount\":0,\"ProbeCount\":1,\"WindowSeconds\":0},{\"Time\":\"2026-01-05T05:29:51Z\",\"TargetID\":1,\"MinNS\":48800,\"MaxNS\":48800,\"AvgNS\":48800,\"P0\":48800,\"P1\":0,\"P25\":0,\"P50\":48800,\"P75\":0,\"P99\":0,\"P100\":48800,\"Percentiles\":null,\"TimeoutCount\":0,\"ProbeCount\":1,\"WindowSeconds\":0},{\"Time\":\"2026-01-05T05:30:51Z\",\"TargetID\":1,\"MinNS\":48700,\"MaxNS\":48700,\"AvgNS\":48700,\"P0\":48700,\"P1\":0,\"P25\":0,\"P50\":48700,\"P75\":0,\"P99\":0,\"P100\":48700,\"Percentiles\":null,\"TimeoutCount\":0,\"ProbeCount\":1,\"WindowSeconds\":0},{\"Time\":\"2026-01-05T05:31:51Z\",\"TargetID\":1,\"MinNS\":48600,\"MaxNS\":48600,\"AvgNS\":48600,\"P0\":48600,\"P1\":0,\"P25\":0,\"P50\":48600,\"P75\":0,\"P99\":0,\"P100\":48600,\"Percentiles\":null,\"TimeoutCount\":0,\"ProbeCount\":1,\"WindowSeconds\":0},{\"Time\":\"2026-01-05T05:32:51Z\",\"TargetID\":1,\"MinNS\":48500,\"MaxNS\":48500,\"AvgNS\":48500,\"P0\":48500,\"P1\":0,\"P25\":0,\"P50\":48500,\"P75\":0,\"P99\":0,\"P100\":48500,\"Percentiles\":null,\"TimeoutCount\":0,\"ProbeCount\":1,\"WindowSeconds\":0},{\"Time\":\"2026-01-05T05:33:51Z\",\"TargetID\":1,\"MinNS\":48400,\"MaxNS\":48400,\"AvgNS\":48400,\"P0\":48400,\"P1\":0,\"P25\":0,\"P50\":48400,\"P75\":0,\"P99\":0,\"P100\":48400,\"Percentiles\":null,\"TimeoutCount\":0,\"ProbeCount\":1,\"WindowSeconds\":0},{\"Time\":\"2026-01-05T05:34:51Z\",\"TargetID\":1,\"MinNS\":48300,\"MaxNS\":48300,\"AvgNS\":48300,\"P0\":48300,\"P1\":0,\"P25\":0,\"P50\":48300,\"P75\":0,\"P99\":0,\"P100\":48300,\"Percentiles\":null,\"TimeoutCount\":0,\"ProbeCount\":1,\"WindowSeconds\":0},{\"Time\":\"2026-01-05T05:35:51Z\",\"TargetID\":1,\"MinNS\":48200,\"MaxNS\":48200,\"AvgNS\":48200,\"P0\":48200,\"P1\":0,\"P25\":0,\"P50\":48200,\"P75\":0,\"P99\":0,\"P100\":48200,\"Percentiles\":null,\"TimeoutCount\":0,\"ProbeCount\":1,\"WindowSeconds\":0},{\"Time\":\"2026-01-05T05:36:51Z\",\"TargetID\":1,\"MinNS\":48100,\"MaxNS\":48100,\"AvgNS\":48100,\"P0\":48100,\"P1\":0,\"P25\":0,\"P50\":48100,\"P75\":0,\"P99\":0,\"P100\":48100,\"Percentiles\":null,\"TimeoutCount\":0,\"ProbeCount\":1,\"WindowSeconds\":0},{\"Time\":\"2026-01-05T05:37:51Z\",\"TargetID\":1,\"MinNS\":48000,\"MaxNS\":48000,\"AvgNS\":48000,\"P0\":48000,\"P1\":0,\"P25\":0,\"P50\":48000,\"P75\":0,\"P99\":0,\"P100\":48000,\"Percentiles\":null,\"TimeoutCount\":0,\"ProbeCount\":1,\"WindowSeconds\":0},{\"Time\":\"2026-01-05T05:38:51Z\",\"TargetID\":1,\"MinNS\":47900,\"MaxNS\":47900,\"AvgNS\":47900,\"P0\":47900,\"P1\":0,\"P25\":0,\"P50\":47900,\"P75\":0,\"P99\":0,\"P100\":47900,\"Percentiles\":null,\"TimeoutCount\":0,\"ProbeCount\":1,\"WindowSeconds\":0},{\"Time\":\"2026-01-05T05:39:51Z\",\"TargetID\":1,\"MinNS\":47800,\"MaxNS\":47800,\"AvgNS\":47800,\"P0\":47800,\"P1\":0,\"P25\":0,\"P50\":47800,\"P75\":0,\"P99\":0,\"P100\":47800,\"Percentiles\":null,\"TimeoutCount\":0,\"ProbeCount\":1,\"WindowSeconds\":0},{\"Time\":\"2026-01-05T05:40:51Z\",\"TargetID\":1,\"MinNS\":47700,\"MaxNS\":47700,\"AvgNS\":47700,\"P0\":47700,\"P1\":0,\"P25\":0,\"P50\":47700,\"P75\":0,\"P99\":0,\"P100\":47700,\"Percentiles\":null,\"TimeoutCount\":0,\"ProbeCount\":1,\"WindowSeconds\":0},{\"Time\":\"2026-01-05T05:41:51Z\",\"TargetID\":1,\"MinNS\":47600,\"MaxNS\":47600,\"AvgNS\":47600,\"P0\":47600,\"P1\":0,\"P25\":0,\"P50\":47600,\"P75\":0,\"P99\":0,\"P100\":47600,\"Percentiles\":null,\"TimeoutCount\":0,\"ProbeCount\":1,\"WindowSeconds\":0},{\"Time\":\"2026-01-05T05:42:51Z\",\"TargetID\":1,\"MinNS\":47500,\"MaxNS\":47500,\"AvgNS\":47500,\"P0\":47500,\"P1\":0,\"P25\":0,\"P50\":47500,\"P75\":0,\"P99\":0,\"P100\":47500,\"Percentiles\":null,\"TimeoutCount\":0,\"ProbeCount\":1,\"WindowSeconds\":0},{\"Time\":\"2026-01-05T05:43:51Z\",\"TargetID\":1,\"MinNS\":47400,\"MaxNS\":47400,\"AvgNS\":47400,\"P0\":47400,\"P1\":0,\"P25\":0,\"P50\":47400,\"P75\":0,\"P99\":0,\"P100\":47400,\"Percentiles\":null,\"TimeoutCount\":0,\"ProbeCount\":1,\"WindowSeconds\":0},{\"Time\":\"2026-01-05T05:44:51Z\",\"TargetID\":1,\"MinNS\":47300,\"MaxNS\":47300,\"AvgNS\":47300,\"P0\":47300,\"P1\":0,\"P25\":0,\"P50\":47300,\"P75\":0,\"P99\":0,\"P100\":47300,\"Percentiles\":null,\"TimeoutCount\":0,\"ProbeCount\":1,\"WindowSeconds\":0},{\"Time\":\"2026-01-05T05:45:51Z\",\"TargetID\":1,\"MinNS\":47200,\"MaxNS\":47200,\"AvgNS\":47200,\"P0\":47200,\"P1\":0,\"P25\":0,\"P50\":47200,\"P75\":0,\"P99\":0,\"P100\":47200,\"Percentiles\":null,\"TimeoutCount\":0,\"ProbeCount\":1,\"WindowSeconds\":0},{\"Time\":\"2026-01-05T05:46:51Z\",\"TargetID\":1,\"MinNS\":47100,\"MaxNS\":47100,\"AvgNS\":47100,\"P0\":47100,\"P1\":0,\"P25\":0,\"P50\":47100,\"P75\":0,\"P99\":0,\"P100\":47100,\"Percentiles\":null,\"TimeoutCount\":0,\"ProbeCount\":1,\"WindowSeconds\":0},{\"Time\":\"2026-01-05T05:47:51Z\",\"TargetID\":1,\"MinNS\":47000,\"MaxNS\":47000,\"AvgNS\":47000,\"P0\":47000,\"P1\":0,\"P25\":0,\"P50\":47000,\"P75\":0,\"P99\":0,\"P100\":47000,\"Percentiles\":null,\"TimeoutCount\":0,\"ProbeCount\":1,\"WindowSeconds\":0},{\"Time\":\"2026-01-05T05:48:51Z\",\"TargetID\":1,\"MinNS\":46900,\"MaxNS\":46900,\"AvgNS\":46900,\"P0\":46900,\"P1\":0,\"P25\":0,\"P50\":46900,\"P75\":0,\"P99\":0,\"P100\":46900,\"Percentiles\":null,\"TimeoutCount\":0,\"ProbeCount\":1,\"WindowSeconds\":0},{\"Time\":\"2026-01-05T05:49:51Z\",\"TargetID\":1,\"MinNS\":46800,\"MaxNS\":46800,\"AvgNS\":46800,\"P0\":46800,\"P1\":0,\"P25\":0,\"P50\":46800,\"P75\":0,\"P99\":0,\"P100\":46800,\"Percentiles\":null,\"TimeoutCount\":0,\"ProbeCount\":1,\"WindowSeconds\":0},{\"Time\":\"2026-01-05T05:50:51Z\",\"TargetID\":1,\"MinNS\":46700,\"MaxNS\":46700,\"AvgNS\":46700,\"P0\":46700,\"P1\":0,\"P25\":0,\"P50\":46700,\"P75\":0,\"P99\":0,\"P100\":46700,\"Percentiles\":null,\"TimeoutCount\":0,\"ProbeCount\":1,\"WindowSeconds\":0},{\"Time\":\"2026-01-05T05:51:51Z\",\"TargetID\":1,\"MinNS\":46600,\"MaxNS\":46600,\"AvgNS\":46600,\"P0\":46600,\"P1\":0,\"P25\":0,\"P50\":46600,\"P75\":0,\"P99\":0,\"P100\":46600,\"Percentiles\":null,\"TimeoutCount\":0,\"ProbeCount\":1,\"WindowSeconds\":0},{\"Time\":\"2026-01-05T05:52:51Z\",\"TargetID\":1,\"MinNS\":46500,\"MaxNS\":46500,\"AvgNS\":46500,\"P0\":46500,\"P1\":0,\"P25\":0,\"P50\":46500,\"P75\":0,\"P99\":0,\"P100\":46500,\"Percentiles\":null,\"TimeoutCount\":0,\"ProbeCount\":1,\"WindowSeconds\":0},{\"Time\":\"2026-01-05T05:53:51Z\",\"TargetID\":1,\"MinNS\":46400,\"MaxNS\":46400,\"AvgNS\":46400,\"P0\":46400,\"P1\":0,\"P25\":0,\"P50\":46400,\"P75\":0,\"P99\":0,\"P100\":46400,\"Percentiles\":null,\"TimeoutCount\":0,\"ProbeCount\":1,\"WindowSeconds\":0},{\"Time\":\"2026-01-05T05:54:51Z\",\"TargetID\":1,\"MinNS\":46300,\"MaxNS\":46300,\"AvgNS\":46300,\"P0\":46300,\"P1\":0,\"P25\":0,\"P50\":46300,\"P75\":0,\"P99\":0,\"P100\":46300,\"Percentiles\":null,\"TimeoutCount\":0,\"ProbeCount\":1,\"WindowSeconds\":0},{\"Time\":\"2026-01-05T05:55:51Z\",\"TargetID\":1,\"MinNS\":46200,\"MaxNS\":46200,\"AvgNS\":46200,\"P0\":46200,\"P1\":0,\"P25\":0,\"P50\":46200,\"P75\":0,\"P99\":0,\"P100\":46200,\"Percentiles\":null,\"TimeoutCount\":0,\"ProbeCount\":1,\"WindowSeconds\":0},{\"Time\":\"2026-01-05T05:56:51Z\",\"TargetID\":1,\"MinNS\":46100,\"MaxNS\":46100,\"AvgNS\":46100,\"P0\":46100,\"P1\":0,\"P25\":0,\"P50\":46100,\"P75\":0,\"P99\":0,\"P100\":46100,\"Percentiles\":null,\"TimeoutCount\":0,\"ProbeCount\":1,\"WindowSeconds\":0},{\"Time\":\"2026-01-05T05:57:51Z\",\"TargetID\":1,\"MinNS\":46000,\"MaxNS\":46000,\"AvgNS\":46000,\"P0\":46000,\"P1\":0,\"P25\":0,\"P50\":46000,\"P75\":0,\"P99\":0,\"P100\":46000,\"Percentiles\":null,\"TimeoutCount\":0,\"ProbeCount\":1,\"WindowSeconds\":0},{\"Time\":\"2026-01-05T05:58:51Z\",\"TargetID\":1,\"MinNS\":45900,\"MaxNS\":45900,\"AvgNS\":45900,\"P0\":45900,\"P1\":0,\"P25\":0,\"P50\":45900,\"P75\":0,\"P99\":0,\"P100\":45900,\"Percentiles\":null,\"TimeoutCount\":0,\"ProbeCount\":1,\"WindowSeconds\":0},{\"Time\":\"2026-01-05T05:59:51Z\",\"TargetID\":1,\"MinNS\":45800,\"MaxNS\":45800,\"AvgNS\":45800,\"P0\":45800,\"P1\":0,\"P25\":0,\"P50\":45800,\"P75\":0,\"P99\":0,\"P100\":45800,\"Percentiles\":null,\"TimeoutCount\":0,\"ProbeCount\":1,\"WindowSeconds\":0},{\"Time\":\"2026-01-05T06:00:51Z\",\"TargetID\":1,\"MinNS\":45700,\"MaxNS\":45700,\"AvgNS\":45700,\"P0\":45700,\"P1\":0,\"P25\":0,\"P50\":45700,\"P75\":0,\"P99\":0,\"P100\":45700,\"Percentiles\":null,\"TimeoutCount\":0,\"ProbeCount\":1,\"WindowSeconds\":0},{\"Time\":\"2026-01-05T06:01:51Z\",\"TargetID\":1,\"MinNS\":45600,\"MaxNS\":45600,\"AvgNS\":45600,\"P0\":45600,\"P1\":0,\"P25\":0,\"P50\":45600,\"P75\":0,\"P99\":0,\"P100\":45600,\"Percentiles\":null,\"TimeoutCount\":0,\"ProbeCount\":1,\"WindowSeconds\":0},{\"Time\":\"2026-01-05T06:02:51Z\",\"TargetID\":1,\"MinNS\":45500,\"MaxNS\":45500,\"AvgNS\":45500,\"P0\":45500,\"P1\":0,\"P25\":0,\"P50\":45500,\"P75\":0,\"P99\":0,\"P100\":45500,\"Percentiles\":null,\"TimeoutCount\":0,\"ProbeCount\":1,\"WindowSeconds\":0},{\"Time\":\"2026-01-05T06:03:51Z\",\"TargetID\":1,\"MinNS\":45400,\"MaxNS\":45400,\"AvgNS\":45400,\"P0\":45400,\"P1\":0,\"P25\":0,\"P50\":45400,\"P75\":0,\"P99\":0,\"P100\":45400,\"Percentiles\":null,\"TimeoutCount\":0,\"ProbeCount\":1,\"WindowSeconds\":0},{\"Time\":\"2026-01-05T06:04:51Z\",\"TargetID\":1,\"MinNS\":45300,\"MaxNS\":45300,\"AvgNS\":45300,\"P0\":45300,\"P1\":0,\"P25\":0,\"P50\":45300,\"P75\":0,\"P99\":0,\"P100\":45300,\"Percentiles\":null,\"TimeoutCount\":0,\"ProbeCount\":1,\"WindowSeconds\":0},{\"Time\":\"2026-01-05T06:05:51Z\",\"TargetID\":1,\"MinNS\":45200,\"MaxNS\":45200,\"AvgNS\":45200,\"P0\":45200,\"P1\":0,\"P25\":0,\"P50\":45200,\"P75\":0,\"P99\":0,\"P100\":45200,\"Percentiles\":null,\"TimeoutCount\":0,\"ProbeCount\":1,\"WindowSeconds\":0},{\"Time\":\"2026-01-05T06:06:51Z\",\"TargetID\":1,\"MinNS\":45100,\"MaxNS\":45100,\"AvgNS\":45100,\"P0\":45100,\"P1\":0,\"P25\":0,\"P50\":45100,\"P75\":0,\"P99\":0,\"P100\":45100,\"Percentiles\":null,\"TimeoutCount\":0,\"ProbeCount\":1,\"WindowSeconds\":0},{\"Time\":\"2026-01-05T06:07:51Z\",\"TargetID\":1,\"MinNS\":45000,\"MaxNS\":45000,\"AvgNS\":45000,\"P0\":45000,\"P1\":0,\"P25\":0,\"P50\":45000,\"P75\":0,\"P99\":0,\"P100\":45000,\"Percentiles\":null,\"TimeoutCount\":0,\"ProbeCount\":1,\"WindowSeconds\":0},{\"Time\":\"2026-01-05T06:08:51Z\",\"TargetID\":1,\"MinNS\":44900,\"MaxNS\":44900,\"AvgNS\":44900,\"P0\":44900,\"P1\":0,\"P25\":0,\"P50\":44900,\"P75\":0,\"P99\":0,\"P100\":44900,\"Percentiles\":null,\"TimeoutCount\":0,\"ProbeCount\":1,\"WindowSeconds\":0},{\"Time\":\"2026-01-05T06:09:51Z\",\"TargetID\":1,\"MinNS\":44800,\"MaxNS\":44800,\"AvgNS\":44800,\"P0\":44800,\"P1\":0,\"P25\":0,\"P50\":44800,\"P75\":0,\"P99\":0,\"P100\":44800,\"Percentiles\":null,\"TimeoutCount\":0,\"ProbeCount\":1,\"WindowSeconds\":0},{\"Time\":\"2026-01-05T06:10:51Z\",\"TargetID\":1,\"MinNS\":44700,\"MaxNS\":44700,\"AvgNS\":44700,\"P0\":44700,\"P1\":0,\"P25\":0,\"P50\":44700,\"P75\":0,\"P99\":0,\"P100\":44700,\"Percentiles\":null,\"TimeoutCount\":0,\"ProbeCount\":1,\"WindowSeconds\":0},{\"Time\":\"2026-01-05T06:11:51Z\",\"TargetID\":1,\"MinNS\":44600,\"MaxNS\":44600,\"AvgNS\":44600,\"P0\":44600,\"P1\":0,\"P25\":0,\"P50\":44600,\"P75\":0,\"P99\":0,\"P100\":44600,\"Percentiles\":null,\"TimeoutCount\":0,\"ProbeCount\":1,\"WindowSeconds\":0},{\"Time\":\"2026-01-05T06:12:51Z\",\"TargetID\":1,\"MinNS\":44500,\"MaxNS\":44500,\"AvgNS\":44500,\"P0\":44500,\"P1\":0,\"P25\":0,\"P50\":44500,\"P75\":0,\"P99\":0,\"P100\":44500,\"Percentiles\":null,\"TimeoutCount\":0,\"ProbeCount\":1,\"WindowSeconds\":0},{\"Time\":\"2026-01-05T06:13:51Z\",\"TargetID\":1,\"MinNS\":44400,\"MaxNS\":44400,\"AvgNS\":44400,\"P0\":44400,\"P1\":0,\"P25\":0,\"P50\":44400,\"P75\":0,\"P99\":0,\"P100\":44400,\"Percentiles\":null,\"TimeoutCount\":0,\"ProbeCount\":1,\"WindowSeconds\":0},{\"Time\":\"2026-01-05T06:14:51Z\",\"TargetID\":1,\"MinNS\":44300,\"MaxNS\":44300,\"AvgNS\":44300,\"P0\":44300,\"P1\":0,\"P25\":0,\"P50\":44300,\"P75\":0,\"P99\":0,\"P100\":44300,\"Percentiles\":null,\"TimeoutCount\":0,\"ProbeCount\":1,\"WindowSeconds\":0},{\"Time\":\"2026-01-05T06:15:51Z\",\"TargetID\":1,\"MinNS\":44200,\"MaxNS\":44200,\"AvgNS\":44200,\"P0\":44200,\"P1\":0,\"P25\":0,\"P50\":44200,\"P75\":0,\"P99\":0,\"P100\":44200,\"Percentiles\":null,\"TimeoutCount\":0,\"ProbeCount\":1,\"WindowSeconds\":0},{\"Time\":\"2026-01-05T06:16:51Z\",\"TargetID\":1,\"MinNS\":44100,\"MaxNS\":44100,\"AvgNS\":44100,\"P0\":44100,\"P1\":0,\"P25\":0,\"P50\":44100,\"P75\":0,\"P99\":0,\"P100\":44100,\"Percentiles\":null,\"TimeoutCount\":0,\"ProbeCount\":1,\"WindowSeconds\":0},{\"Time\":\"2026-01-05T06:17:51Z\",\"TargetID\":1,\"MinNS\":44000,\"MaxNS\":44000,\"AvgNS\":44000,\"P0\":44000,\"P1\":0,\"P25\":0,\"P50\":44000,\"P75\":0,\"P99\":0,\"P100\":44000,\"Percentiles\":null,\"TimeoutCount\":0,\"ProbeCount\":1,\"WindowSeconds\":0},{\"Time\":\"2026-01-05T06:18:51Z\",\"TargetID\":1,\"MinNS\":43900,\"MaxNS\":43900,\"AvgNS\":43900,\"P0\":43900,\"P1\":0,\"P25\":0,\"P50\":43900,\"P75\":0,\"P99\":0,\"P100\":43900,\"Percentiles\":null,\"TimeoutCount\":0,\"ProbeCount\":1,\"WindowSeconds\":0},{\"Time\":\"2026-01-05T06:19:51Z\",\"TargetID\":1,\"MinNS\":43800,\"MaxNS\":43800,\"AvgNS\":43800,\"P0\":43800,\"P1\":0,\"P25\":0,\"P50\":43800,\"P75\":0,\"P99\":0,\"P100\":43800,\"Percentiles\":null,\"TimeoutCount\":0,\"ProbeCount\":1,\"WindowSeconds\":0},{\"Time\":\"2026-01-05T06:20:51Z\",\"TargetID\":1,\"MinNS\":43700,\"MaxNS\":43700,\"AvgNS\":43700,\"P0\":43700,\"P1\":0,\"P25\":0,\"P50\":43700,\"P75\":0,\"P99\":0,\"P100\":43700,\"Percentiles\":null,\"TimeoutCount\":0,\"ProbeCount\":1,\"WindowSeconds\":0},{\"Time\":\"2026-01-05T06:21:51Z\",\"TargetID\":1,\"MinNS\":43600,\"MaxNS\":43600,\"AvgNS\":43600,\"P0\":43600,\"P1\":0,\"P25\":0,\"P50\":43600,\"P75\":0,\"P99\":0,\"P100\":43600,\"Percentiles\":null,\"TimeoutCount\":0,\"ProbeCount\":1,\"WindowSeconds\":0},{\"Time\":\"2026-01-05T06:22:51Z\",\"TargetID\":1,\"MinNS\":43500,\"MaxNS\":43500,\"AvgNS\":43500,\"P0\":43500,\"P1\":0,\"P25\":0,\"P50\":43500,\"P75\":0,\"P99\":0,\"P100\":43500,\"Percentiles\":null,\"TimeoutCount\":0,\"ProbeCount\":1,\"WindowSeconds\":0},{\"Time\":\"2026-01-05T06:23:51Z\",\"TargetID\":1,\"MinNS\":43400,\"MaxNS\":43400,\"AvgNS\":43400,\"P0\":43400,\"P1\":0,\"P25\":0,\"P50\":43400,\"P75\":0,\"P99\":0,\"P100\":43400,\"Percentiles\":null,\"TimeoutCount\":0,\"ProbeCount\":1,\"WindowSeconds\":0},{\"Time\":\"2026-01-05T06:24:51Z\",\"TargetID\":1,\"MinNS\":43300,\"MaxNS\":43300,\"AvgNS\":43300,\"P0\":43300,\"P1\":0,\"P25\":0,\"P50\":43300,\"P75\":0,\"P99\":0,\"P100\":43300,\"Percentiles\":null,\"TimeoutCount\":0,\"ProbeCount\":1,\"WindowSeconds\":0},{\"Time\":\"2026-01-05T06:25:51Z\",\"TargetID\":1,\"MinNS\":43200,\"MaxNS\":43200,\"AvgNS\":43200,\"P0\":43200,\"P1\":0,\"P25\":0,\"P50\":43200,\"P75\":0,\"P99\":0,\"P100\":43200,\"Percentiles\":null,\"TimeoutCount\":0,\"ProbeCount\":1,\"WindowSeconds\":0},{\"Time\":\"2026-01-05T06:26:51Z\",\"TargetID\":1,\"MinNS\":43100,\"MaxNS\":43100,\"AvgNS\":43100,\"P0\":43100,\"P1\":0,\"P25\":0,\"P50\":43100,\"P75\":0,\"P99\":0,\"P100\":43100,\"Percentiles\":null,\"TimeoutCount\":0,\"ProbeCount\":1,\"WindowSeconds\":0},{\"Time\":\"2026-01-05T06:27:51Z\",\"TargetID\":1,\"MinNS\":43000,\"MaxNS\":43000,\"AvgNS\":43000,\"P0\":43000,\"P1\":0,\"P25\":0,\"P50\":43000,\"P75\":0,\"P99\":0,\"P100\":43000,\"Percentiles\":null,\"TimeoutCount\":0,\"ProbeCount\":1,\"WindowSeconds\":0},{\"Time\":\"2026-01-05T06:28:51Z\",\"TargetID\":1,\"MinNS\":42900,\"MaxNS\":42900,\"AvgNS\":42900,\"P0\":42900,\"P1\":0,\"P25\":0,\"P50\":42900,\"P75\":0,\"P99\":0,\"P100\":42900,\"Percentiles\":null,\"TimeoutCount\":0,\"ProbeCount\":1,\"WindowSeconds\":0},{\"Time\":\"2026-01-05T06:29:51Z\",\"TargetID\":1,\"MinNS\":42800,\"MaxNS\":42800,\"AvgNS\":42800,\"P0\":42800,\"P1\":0,\"P25\":0,\"P50\":42800,\"P75\":0,\"P99\":0,\"P100\":42800,\"Percentiles\":null,\"TimeoutCount\":0,\"ProbeCount\":1,\"WindowSeconds\":0},{\"Time\":\"2026-01-05T06:30:51Z\",\"TargetID\":1,\"MinNS\":42700,\"MaxNS\":42700,\"AvgNS\":42700,\"P0\":42700,\"P1\":0,\"P25\":0,\"P50\":42700,\"P75\":0,\"P99\":0,\"P100\":42700,\"Percentiles\":null,\"TimeoutCount\":0,\"ProbeCount\":1,\"WindowSeconds\":0},{\"Time\":\"2026-01-05T06:31:51Z\",\"TargetID\":1,\"MinNS\":42600,\"MaxNS\":42600,\"AvgNS\":42600,\"P0\":42600,\"P1\":0,\"P25\":0,\"P50\":42600,\"P75\":0,\"P99\":0,\"P100\":42600,\"Percentiles\":null,\"TimeoutCount\":0,\"ProbeCount\":1,\"WindowSeconds\":0},{\"Time\":\"2026-01-05T06:32:51Z\",\"TargetID\":1,\"MinNS\":42500,\"MaxNS\":42500,\"AvgNS\":42500,\"P0\":42500,\"P1\":0,\"P25\":0,\"P50\":42500,\"P75\":0,\"P99\":0,\"P100\":42500,\"Percentiles\":null,\"TimeoutCount\":0,\"ProbeCount\":1,\"WindowSeconds\":0},{\"Time\":\"2026-01-05T06:33:51Z\",\"TargetID\":1,\"MinNS\":42400,\"MaxNS\":42400,\"AvgNS\":42400,\"P0\":42400,\"P1\":0,\"P25\":0,\"P50\":42400,\"P75\":0,\"P99\":0,\"P100\":42400,\"Percentiles\":null,\"TimeoutCount\":0,\"ProbeCount\":1,\"WindowSeconds\":0},{\"Time\":\"2026-01-05T06:34:51Z\",\"TargetID\":1,\"MinNS\":42300,\"MaxNS\":42300,\"AvgNS\":42300,\"P0\":42300,\"P1\":0,\"P25\":0,\"P50\":42300,\"P75\":0,\"P99\":0,\"P100\":42300,\"Percentiles\":null,\"TimeoutCount\":0,\"ProbeCount\":1,\"WindowSeconds\":0},{\"Time\":\"2026-01-05T06:35:51Z\",\"TargetID\":1,\"MinNS\":42200,\"MaxNS\":42200,\"AvgNS\":42200,\"P0\":42200,\"P1\":0,\"P25\":0,\"P50\":42200,\"P75\":0,\"P99\":0,\"P100\":42200,\"Percentiles\":null,\"TimeoutCount\":0,\"ProbeCount\":1,\"WindowSeconds\":0},{\"Time\":\"2026-01-05T06:36:51Z\",\"TargetID\":1,\"MinNS\":42100,\"MaxNS\":42100,\"AvgNS\":42100,\"P0\":42100,\"P1\":0,\"P25\":0,\"P50\":42100,\"P75\":0,\"P99\":0,\"P100\":42100,\"Percentiles\":null,\"TimeoutCount\":0,\"ProbeCount\":1,\"WindowSeconds\":0},{\"Time\":\"2026-01-05T06:37:51Z\",\"TargetID\":1,\"MinNS\":42000,\"MaxNS\":42000,\"AvgNS\":42000,\"P0\":42000,\"P1\":0,\"P25\":0,\"P50\":42000,\"P75\":0,\"P99\":0,\"P100\":42000,\"Percentiles\":null,\"TimeoutCount\":0,\"ProbeCount\":1,\"WindowSeconds\":0},{\"Time\":\"2026-01-05T06:38:51Z\",\"TargetID\":1,\"MinNS\":41900,\"MaxNS\":41900,\"AvgNS\":41900,\"P0\":41900,\"P1\":0,\"P25\":0,\"P50\":41900,\"P75\":0,\"P99\":0,\"P100\":41900,\"Percentiles\":null,\"TimeoutCount\":0,\"ProbeCount\":1,\"WindowSeconds\":0},{\"Time\":\"2026-01-05T06:39:51Z\",\"TargetID\":1,\"MinNS\":41800,\"MaxNS\":41800,\"AvgNS\":41800,\"P0\":41800,\"P1\":0,\"P25\":0,\"P50\":41800,\"P75\":0,\"P99\":0,\"P100\":41800,\"Percentiles\":null,\"TimeoutCount\":0,\"ProbeCount\":1,\"WindowSeconds\":0},{\"Time\":\"2026-01-05T06:40:51Z\",\"TargetID\":1,\"MinNS\":41700,\"MaxNS\":41700,\"AvgNS\":41700,\"P0\":41700,\"P1\":0,\"P25\":0,\"P50\":41700,\"P75\":0,\"P99\":0,\"P100\":41700,\"Percentiles\":null,\"TimeoutCount\":0,\"ProbeCount\":1,\"WindowSeconds\":0},{\"Time\":\"2026-01-05T06:41:51Z\",\"TargetID\":1,\"MinNS\":41600,\"MaxNS\":41600,\"AvgNS\":41600,\"P0\":41600,\"P1\":0,\"P25\":0,\"P50\":41600,\"P75\":0,\"P99\":0,\"P100\":41600,\"Percentiles\":null,\"TimeoutCount\":0,\"ProbeCount\":1,\"WindowSeconds\":0},{\"Time\":\"2026-01-05T06:42:51Z\",\"TargetID\":1,\"MinNS\":41500,\"MaxNS\":41500,\"AvgNS\":41500,\"P0\":41500,\"P1\":0,\"P25\":0,\"P50\":41500,\"P75\":0,\"P99\":0,\"P100\":41500,\"Percentiles\":null,\"TimeoutCount\":0,\"ProbeCount\":1,\"WindowSeconds\":0},{\"Time\":\"2026-01-05T06:43:51Z\",\"TargetID\":1,\"MinNS\":41400,\"MaxNS\":41400,\"AvgNS\":41400,\"P0\":41400,\"P1\":0,\"P25\":0,\"P50\":41400,\"P75\":0,\"P99\":0,\"P100\":41400,\"Percentiles\":null,\"TimeoutCount\":0,\"ProbeCount\":1,\"WindowSeconds\":0},{\"Time\":\"2026-01-05T06:44:51Z\",\"TargetID\":1,\"MinNS\":41300,\"MaxNS\":41300,\"AvgNS\":41300,\"P0\":41300,\"P1\":0,\"P25\":0,\"P50\":41300,\"P75\":0,\"P99\":0,\"P100\":41300,\"Percentiles\":null,\"TimeoutCount\":0,\"ProbeCount\":1,\"WindowSeconds\":0},{\"Time\":\"2026-01-05T06:45:51Z\",\"TargetID\":1,\"MinNS\":41200,\"MaxNS\":41200,\"AvgNS\":41200,\"P0\":41200,\"P1\":0,\"P25\":0,\"P50\":41200,\"P75\":0,\"P99\":0,\"P100\":41200,\"Percentiles\":null,\"TimeoutCount\":0,\"ProbeCount\":1,\"WindowSeconds\":0},{\"Time\":\"2026-01-05T06:46:51Z\",\"TargetID\":1,\"MinNS\":41100,\"MaxNS\":41100,\"AvgNS\":41100,\"P0\":41100,\"P1\":0,\"P25\":0,\"P50\":41100,\"P75\":0,\"P99\":0,\"P100\":41100,\"Percentiles\":null,\"TimeoutCount\":0,\"ProbeCount\":1,\"WindowSeconds\":0},{\"Time\":\"2026-01-05T06:47:51Z\",\"TargetID\":1,\"MinNS\":41000,\"MaxNS\":41000,\"AvgNS\":41000,\"P0\":41000,\"P1\":0,\"P25\":0,\"P50\":41000,\"P75\":0,\"P99\":0,\"P100\":41000,\"Percentiles\":null,\"TimeoutCount\":0,\"ProbeCount\":1,\"WindowSeconds\":0},{\"Time\":\"2026-01-05T06:48:51Z\",\"TargetID\":1,\"MinNS\":40900,\"MaxNS\":40900,\"AvgNS\":40900,\"P0\":40900,\"P1\":0,\"P25\":0,\"P50\":40900,\"P75\":0,\"P99\":0,\"P100\":40900,\"Percentiles\":null,\"TimeoutCount\":0,\"ProbeCount\":1,\"WindowSeconds\":0},{\"Time\":\"2026-01-05T06:49:51Z\",\"TargetID\":1,\"MinNS\":40800,\"MaxNS\":40800,\"AvgNS\":40800,\"P0\":40800,\"P1\":0,\"P25\":0,\"P50\":40800,\"P75\":0,\"P99\":0,\"P100\":40800,\"Percentiles\":null,\"TimeoutCount\":0,\"ProbeCount\":1,\"WindowSeconds\":0},{\"Time\":\"2026-01-05T06:50:51Z\",\"TargetID\":1,\"MinNS\":40700,\"MaxNS\":40700,\"AvgNS\":40700,\"P0\":40700,\"P1\":0,\"P25\":0,\"P50\":40700,\"P75\":0,\"P99\":0,\"P100\":40700,\"Percentiles\":null,\"TimeoutCount\":0,\"ProbeCount\":1,\"WindowSeconds\":0},{\"Time\":\"2026-01-05T06:51:51Z\",\"TargetID\":1,\"MinNS\":40600,\"MaxNS\":40600,\"AvgNS\":40600,\"P0\":40600,\"P1\":0,\"P25\":0,\"P50\":40600,\"P75\":0,\"P99\":0,\"P100\":40600,\"Percentiles\":null,\"TimeoutCount\":0,\"ProbeCount\":1,\"WindowSeconds\":0},{\"Time\":\"2026-01-05T06:52:51Z\",\"TargetID\":1,\"MinNS\":40500,\"MaxNS\":40500,\"AvgNS\":40500,\"P0\":40500,\"P1\":0,\"P25\":0,\"P50\":40500,\"P75\":0,\"P99\":0,\"P100\":40500,\"Percentiles\":null,\"TimeoutCount\":0,\"ProbeCount\":1,\"WindowSeconds\":0},{\"Time\":\"2026-01-05T06:53:51Z\",\"TargetID\":1,\"MinNS\":40400,\"MaxNS\":40400,\"AvgNS\":40400,\"P0\":40400,\"P1\":0,\"P25\":0,\"P50\":40400,\"P75\":0,\"P99\":0,\"P100\":40400,\"Percentiles\":null,\"TimeoutCount\":0,\"ProbeCount\":1,\"WindowSeconds\":0},{\"Time\":\"2026-01-05T06:54:51Z\",\"TargetID\":1,\"MinNS\":40300,\"MaxNS\":40300,\"AvgNS\":40300,\"P0\":40300,\"P1\":0,\"P25\":0,\"P50\":40300,\"P75\":0,\"P99\":0,\"P100\":40300,\"Percentiles\":null,\"TimeoutCount\":0,\"ProbeCount\":1,\"WindowSeconds\":0},{\"Time\":\"2026-01-05T06:55:51Z\",\"TargetID\":1,\"MinNS\":40200,\"MaxNS\":40200,\"AvgNS\":40200,\"P0\":40200,\"P1\":0,\"P25\":0,\"P50\":40200,\"P75\":0,\"P99\":0,\"P100\":40200,\"Percentiles\":null,\"TimeoutCount\":0,\"ProbeCount\":1,\"WindowSeconds\":0},{\"Time\":\"2026-01-05T06:56:51Z\",\"TargetID\":1,\"MinNS\":40100,\"MaxNS\":40100,\"AvgNS\":40100,\"P0\":40100,\"P1\":0,\"P25\":0,\"P50\":40100,\"P75\":0,\"P99\":0,\"P100\":40100,\"Percentiles\":null,\"TimeoutCount\":0,\"ProbeCount\":1,\"WindowSeconds\":0},{\"Time\":\"2026-01-05T06:57:51Z\",\"TargetID\":1,\"MinNS\":40000,\"MaxNS\":40000,\"AvgNS\":40000,\"P0\":40000,\"P1\":0,\"P25\":0,\"P50\":40000,\"P75\":0,\"P99\":0,\"P100\":40000,\"Percentiles\":null,\"TimeoutCount\":0,\"ProbeCount\":1,\"WindowSeconds\":0},{\"Time\":\"2026-01-05T06:58:51Z\",\"TargetID\":1,\"MinNS\":39900,\"MaxNS\":39900,\"AvgNS\":39900,\"P0\":39900,\"P1\":0,\"P25\":0,\"P50\":39900,\"P75\":0,\"P99\":0,\"P100\":39900,\"Percentiles\":null,\"TimeoutCount\":0,\"ProbeCount\":1,\"WindowSeconds\":0},{\"Time\":\"2026-01-05T06:59:51Z\",\"TargetID\":1,\"MinNS\":39800,\"MaxNS\":39800,\"AvgNS\":39800,\"P0\":39800,\"P1\":0,\"P25\":0,\"P50\":39800,\"P75\":0,\"P99\":0,\"P100\":39800,\"Percentiles\":null,\"TimeoutCount\":0,\"ProbeCount\":1,\"WindowSeconds\":0},{\"Time\":\"2026-01-05T07:00:51Z\",\"TargetID\":1,\"MinNS\":39700,\"MaxNS\":39700,\"AvgNS\":39700,\"P0\":39700,\"P1\":0,\"P25\":0,\"P50\":39700,\"P75\":0,\"P99\":0,\"P100\":39700,\"Percentiles\":null,\"TimeoutCount\":0,\"ProbeCount\":1,\"WindowSeconds\":0},{\"Time\":\"2026-01-05T07:01:51Z\",\"TargetID\":1,\"MinNS\":39600,\"MaxNS\":39600,\"AvgNS\":39600,\"P0\":39600,\"P1\":0,\"P25\":0,\"P50\":39600,\"P75\":0,\"P99\":0,\"P100\":39600,\"Percentiles\":null,\"TimeoutCount\":0,\"ProbeCount\":1,\"WindowSeconds\":0},{\"Time\":\"2026-01-05T07:02:51Z\",\"TargetID\":1,\"MinNS\":39500,\"MaxNS\":39500,\"AvgNS\":39500,\"P0\":39500,\"P1\":0,\"P25\":0,\"P50\":39500,\"P75\":0,\"P99\":0,\"P100\":39500,\"Percentiles\":null,\"TimeoutCount\":0,\"ProbeCount\":1,\"WindowSeconds\":0},{\"Time\":\"2026-01-05T07:03:51Z\",\"TargetID\":1,\"MinNS\":39400,\"MaxNS\":39400,\"AvgNS\":39400,\"P0\":39400,\"P1\":0,\"P25\":0,\"P50\":39400,\"P75\":0,\"P99\":0,\"P100\":39400,\"Percentiles\":null,\"TimeoutCount\":0,\"ProbeCount\":1,\"WindowSeconds\":0},{\"Time\":\"2026-01-05T07:04:51Z\",\"TargetID\":1,\"MinNS\":39300,\"MaxNS\":39300,\"AvgNS\":39300,\"P0\":39300,\"P1\":0,\"P25\":0,\"P50\":39300,\"P75\":0,\"P99\":0,\"P100\":39300,\"Percentiles\":null,\"TimeoutCount\":0,\"ProbeCount\":1,\"WindowSeconds\":0},{\"Time\":\"2026-01-05T07:05:51Z\",\"TargetID\":1,\"MinNS\":39200,\"MaxNS\":39200,\"AvgNS\":39200,\"P0\":39200,\"P1\":0,\"P25\":0,\"P50\":39200,\"P75\":0,\"P99\":0,\"P100\":39200,\"Percentiles\":null,\"TimeoutCount\":0,\"ProbeCount\":1,\"WindowSeconds\":0},{\"Time\":\"2026-01-05T07:06:51Z\",\"TargetID\":1,\"MinNS\":39100,\"MaxNS\":39100,\"AvgNS\":39100,\"P0\":39100,\"P1\":0,\"P25\":0,\"P50\":39100,\"P75\":0,\"P99\":0,\"P100\":39100,\"Percentiles\":null,\"TimeoutCount\":0,\"ProbeCount\":1,\"WindowSeconds\":0},{\"Time\":\"2026-01-05T07:07:51Z\",\"TargetID\":1,\"MinNS\":39000,\"MaxNS\":39000,\"AvgNS\":39000,\"P0\":39000,\"P1\":0,\"P25\":0,\"P50\":39000,\"P75\":0,\"P99\":0,\"P100\":39000,\"Percentiles\":null,\"TimeoutCount\":0,\"ProbeCount\":1,\"WindowSeconds\":0},{\"Time\":\"2026-01-05T07:08:51Z\",\"TargetID\":1,\"MinNS\":38900,\"MaxNS\":38900,\"AvgNS\":38900,\"P0\":38900,\"P1\":0,\"P25\":0,\"P50\":38900,\"P75\":0,\"P99\":0,\"P100\":38900,\"Percentiles\":null,\"TimeoutCount\":0,\"ProbeCount\":1,\"WindowSeconds\":0},{\"Time\":\"2026-01-05T07:09:51Z\",\"TargetID\":1,\"MinNS\":38800,\"MaxNS\":38800,\"AvgNS\":38800,\"P0\":38800,\"P1\":0,\"P25\":0,\"P50\":38800,\"P75\":0,\"P99\":0,\"P100\":38800,\"Percentiles\":null,\"TimeoutCount\":0,\"ProbeCount\":1,\"WindowSeconds\":0},{\"Time\":\"2026-01-05T07:10:51Z\",\"TargetID\":1,\"MinNS\":38700,\"MaxNS\":38700,\"AvgNS\":38700,\"P0\":38700,\"P1\":0,\"P25\":0,\"P50\":38700,\"P75\":0,\"P99\":0,\"P100\":38700,\"Percentiles\":null,\"TimeoutCount\":0,\"ProbeCount\":1,\"WindowSeconds\":0},{\"Time\":\"2026-01-05T07:11:51Z\",\"TargetID\":1,\"MinNS\":38600,\"MaxNS\":38600,\"AvgNS\":38600,\"P0\":38600,\"P1\":0,\"P25\":0,\"P50\":38600,\"P75\":0,\"P99\":0,\"P100\":38600,\"Percentiles\":null,\"TimeoutCount\":0,\"ProbeCount\":1,\"WindowSeconds\":0},{\"Time\":\"2026-01-05T07:12:51Z\",\"TargetID\":1,\"MinNS\":38500,\"MaxNS\":38500,\"AvgNS\":38500,\"P0\":38500,\"P1\":0,\"P25\":0,\"P50\":38500,\"P75\":0,\"P99\":0,\"P100\":38500,\"Percentiles\":null,\"TimeoutCount\":0,\"ProbeCount\":1,\"WindowSeconds\":0},{\"Time\":\"2026-01-05T07:13:51Z\",\"TargetID\":1,\"MinNS\":38400,\"MaxNS\":38400,\"AvgNS\":38400,\"P0\":38400,\"P1\":0,\"P25\":0,\"P50\":38400,\"P75\":0,\"P99\":0,\"P100\":38400,\"Percentiles\":null,\"TimeoutCount\":0,\"ProbeCount\":1,\"WindowSeconds\":0},{\"Time\":\"2026-01-05T07:14:51Z\",\"TargetID\":1,\"MinNS\":38300,\"MaxNS\":38300,\"AvgNS\":38300,\"P0\":38300,\"P1\":0,\"P25\":0,\"P50\":38300,\"P75\":0,\"P99\":0,\"P100\":38300,\"Percentiles\":null,\"TimeoutCount\":0,\"ProbeCount\":1,\"WindowSeconds\":0},{\"Time\":\"2026-01-05T07:15:51Z\",\"TargetID\":1,\"MinNS\":38200,\"MaxNS\":38200,\"AvgNS\":38200,\"P0\":38200,\"P1\":0,\"P25\":0,\"P50\":38200,\"P75\":0,\"P99\":0,\"P100\":38200,\"Percentiles\":null,\"TimeoutCount\":0,\"ProbeCount\":1,\"WindowSeconds\":0},{\"Time\":\"2026-01-05T07:16:51Z\",\"TargetID\":1,\"MinNS\":38100,\"MaxNS\":38100,\"AvgNS\":38100,\"P0\":38100,\"P1\":0,\"P25\":0,\"P50\":38100,\"P75\":0,\"P99\":0,\"P100\":38100,\"Percentiles\":null,\"TimeoutCount\":0,\"ProbeCount\":1,\"WindowSeconds\":0},{\"Time\":\"2026-01-05T07:17:51Z\",\"TargetID\":1,\"MinNS\":38000,\"MaxNS\":38000,\"AvgNS\":38000,\"P0\":38000,\"P1\":0,\"P25\":0,\"P50\":38000,\"P75\":0,\"P99\":0,\"P100\":38000,\"Percentiles\":null,\"TimeoutCount\":0,\"ProbeCount\":1,\"WindowSeconds\":0},{\"Time\":\"2026-01-05T07:18:51Z\",\"TargetID\":1,\"MinNS\":37900,\"MaxNS\":37900,\"AvgNS\":37900,\"P0\":37900,\"P1\":0,\"P25\":0,\"P50\":37900,\"P75\":0,\"P99\":0,\"P100\":37900,\"Percentiles\":null,\"TimeoutCount\":0,\"ProbeCount\":1,\"WindowSeconds\":0},{\"Time\":\"2026-01-05T07:19:51Z\",\"TargetID\":1,\"MinNS\":37800,\"MaxNS\":37800,\"AvgNS\":37800,\"P0\":37800,\"P1\":0,\"P25\":0,\"P50\":37800,\"P75\":0,\"P99\":0,\"P100\":37800,\"Percentiles\":null,\"TimeoutCount\":0,\"ProbeCount\":1,\"WindowSeconds\":0},{\"Time\":\"2026-01-05T07:20:51Z\",\"TargetID\":1,\"MinNS\":37700,\"MaxNS\":37700,\"AvgNS\":37700,\"P0\":37700,\"P1\":0,\"P25\":0,\"P50\":37700,\"P75\":0,\"P99\":0,\"P100\":37700,\"Percentiles\":null,\"TimeoutCount\":0,\"ProbeCount\":1,\"WindowSeconds\":0},{\"Time\":\"2026-01-05T07:21:51Z\",\"TargetID\":1,\"MinNS\":37600,\"MaxNS\":37600,\"AvgNS\":37600,\"P0\":37600,\"P1\":0,\"P25\":0,\"P50\":37600,\"P75\":0,\"P99\":0,\"P100\":37600,\"Percentiles\":null,\"TimeoutCount\":0,\"ProbeCount\":1,\"WindowSeconds\":0},{\"Time\":\"2026-01-05T07:22:51Z\",\"TargetID\":1,\"MinNS\":37500,\"MaxNS\":37500,\"AvgNS\":37500,\"P0\":37500,\"P1\":0,\"P25\":0,\"P50\":37500,\"P75\":0,\"P99\":0,\"P100\":37500,\"Percentiles\":null,\"TimeoutCount\":0,\"ProbeCount\":1,\"WindowSeconds\":0},{\"Time\":\"2026-01-05T07:23:51Z\",\"TargetID\":1,\"MinNS\":37400,\"MaxNS\":37400,\"AvgNS\":37400,\"P0\":37400,\"P1\":0,\"P25\":0,\"P50\":37400,\"P75\":0,\"P99\":0,\"P100\":37400,\"Percentiles\":null,\"TimeoutCount\":0,\"ProbeCount\":1,\"WindowSeconds\":0},{\"Time\":\"2026-01-05T07:24:51Z\",\"TargetID\":1,\"MinNS\":37300,\"MaxNS\":37300,\"AvgNS\":37300,\"P0\":37300,\"P1\":0,\"P25\":0,\"P50\":37300,\"P75\":0,\"P99\":0,\"P100\":37300,\"Percentiles\":null,\"TimeoutCount\":0,\"ProbeCount\":1,\"WindowSeconds\":0},{\"Time\":\"2026-01-05T07:25:51Z\",\"TargetID\":1,\"MinNS\":37200,\"MaxNS\":37200,\"AvgNS\":37200,\"P0\":37200,\"P1\":0,\"P25\":0,\"P50\":37200,\"P75\":0,\"P99\":0,\"P100\":37200,\"Percentiles\":null,\"TimeoutCount\":0,\"ProbeCount\":1,\"WindowSeconds\":0},{\"Time\":\"2026-01-05T07:26:51Z\",\"TargetID\":1,\"MinNS\":37100,\"MaxNS\":37100,\"AvgNS\":37100,\"P0\":37100,\"P1\":0,\"P25\":0,\"P50\":37100,\"P75\":0,\"P99\":0,\"P100\":37100,\"Percentiles\":null,\"TimeoutCount\":0,\"ProbeCount\":1,\"WindowSeconds\":0},{\"Time\":\"2026-01-05T07:27:51Z\",\"TargetID\":1,\"MinNS\":37000,\"MaxNS\":37000,\"AvgNS\":37000,\"P0\":37000,\"P1\":0,\"P25\":0,\"P50\":37000,\"P75\":0,\"P99\":0,\"P100\":37000,\"Percentiles\":null,\"TimeoutCount\":0,\"ProbeCount\":1,\"WindowSeconds\":0},{\"Time\":\"2026-01-05T07:28:51Z\",\"TargetID\":1,\"MinNS\":36900,\"MaxNS\":36900,\"AvgNS\":36900,\"P0\":36900,\"P1\":0,\"P25\":0,\"P50\":36900,\"P75\":0,\"P99\":0,\"P100\":36900,\"Percentiles\":null,\"TimeoutCount\":0,\"ProbeCount\":1,\"WindowSeconds\":0},{\"Time\":\"2026-01-05T07:29:51Z\",\"TargetID\":1,\"MinNS\":36800,\"MaxNS\":36800,\"AvgNS\":36800,\"P0\":36800,\"P1\":0,\"P25\":0,\"P50\":36800,\"P75\":0,\"P99\":0,\"P100\":36800,\"Percentiles\":null,\"TimeoutCount\":0,\"ProbeCount\":1,\"WindowSeconds\":0},{\"Time\":\"2026-01-05T07:30:51Z\",\"TargetID\":1,\"MinNS\":36700,\"MaxNS\":36700,\"AvgNS\":36700,\"P0\":36700,\"P1\":0,\"P25\":0,\"P50\":36700,\"P75\":0,\"P99\":0,\"P100\":36700,\"Percentiles\":null,\"TimeoutCount\":0,\"ProbeCount\":1,\"WindowSeconds\":0},{\"Time\":\"2026-01-05T07:31:51Z\",\"TargetID\":1,\"MinNS\":36600,\"MaxNS\":36600,\"AvgNS\":36600,\"P0\":36600,\"P1\":0,\"P25\":0,\"P50\":36600,\"P75\":0,\"P99\":0,\"P100\":36600,\"Percentiles\":null,\"TimeoutCount\":0,\"ProbeCount\":1,\"WindowSeconds\":0},{\"Time\":\"2026-01-05T07:32:51Z\",\"TargetID\":1,\"MinNS\":36500,\"MaxNS\":36500,\"AvgNS\":36500,\"P0\":36500,\"P1\":0,\"P25\":0,\"P50\":36500,\"P75\":0,\"P99\":0,\"P100\":36500,\"Percentiles\":null,\"TimeoutCount\":0,\"ProbeCount\":1,\"WindowSeconds\":0},{\"Time\":\"2026-01-05T07:33:51Z\",\"TargetID\":1,\"MinNS\":36400,\"MaxNS\":36400,\"AvgNS\":36400,\"P0\":36400,\"P1\":0,\"P25\":0,\"P50\":36400,\"P75\":0,\"P99\":0,\"P100\":36400,\"Percentiles\":null,\"TimeoutCount\":0,\"ProbeCount\":1,\"WindowSeconds\":0},{\"Time\":\"2026-01-05T07:34:51Z\",\"TargetID\":1,\"MinNS\":36300,\"MaxNS\":36300,\"AvgNS\":36300,\"P0\":36300,\"P1\":0,\"P25\":0,\"P50\":36300,\"P75\":0,\"P99\":0,\"P100\":36300,\"Percentiles\":null,\"TimeoutCount\":0,\"ProbeCount\":1,\"WindowSeconds\":0},{\"Time\":\"2026-01-05T07:35:51Z\",\"TargetID\":1,\"MinNS\":36200,\"MaxNS\":36200,\"AvgNS\":36200,\"P0\":36200,\"P1\":0,\"P25\":0,\"P50\":36200,\"P75\":0,\"P99\":0,\"P100\":36200,\"Percentiles\":null,\"TimeoutCount\":0,\"ProbeCount\":1,\"WindowSeconds\":0},{\"Time\":\"2026-01-05T07:36:51Z\",\"TargetID\":1,\"MinNS\":36100,\"MaxNS\":36100,\"AvgNS\":36100,\"P0\":36100,\"P1\":0,\"P25\":0,\"P50\":36100,\"P75\":0,\"P99\":0,\"P100\":36100,\"Percentiles\":null,\"TimeoutCount\":0,\"ProbeCount\":1,\"WindowSeconds\":0},{\"Time\":\"2026-01-05T07:37:51Z\",\"TargetID\":1,\"MinNS\":36000,\"MaxNS\":36000,\"AvgNS\":36000,\"P0\":36000,\"P1\":0,\"P25\":0,\"P50\":36000,\"P75\":0,\"P99\":0,\"P100\":36000,\"Percentiles\":null,\"TimeoutCount\":0,\"ProbeCount\":1,\"WindowSeconds\":0},{\"Time\":\"2026-01-05T07:38:51Z\",\"TargetID\":1,\"MinNS\":35900,\"MaxNS\":35900,\"AvgNS\":35900,\"P0\":35900,\"P1\":0,\"P25\":0,\"P50\":35900,\"P75\":0,\"P99\":0,\"P100\":35900,\"Percentiles\":null,\"TimeoutCount\":0,\"ProbeCount\":1,\"WindowSeconds\":0},{\"Time\":\"2026-01-05T07:39:51Z\",\"TargetID\":1,\"MinNS\":35800,\"MaxNS\":35800,\"AvgNS\":35800,\"P0\":35800,\"P1\":0,\"P25\":0,\"P50\":35800,\"P75\":0,\"P99\":0,\"P100\":35800,\"Percentiles\":null,\"TimeoutCount\":0,\"ProbeCount\":1,\"WindowSeconds\":0},{\"Time\":\"2026-01-05T07:40:51Z\",\"TargetID\":1,\"MinNS\":35700,\"MaxNS\":35700,\"AvgNS\":35700,\"P0\":35700,\"P1\":0,\"P25\":0,\"P50\":35700,\"P75\":0,\"P99\":0,\"P100\":35700,\"Percentiles\":null,\"TimeoutCount\":0,\"ProbeCount\":1,\"WindowSeconds\":0},{\"Time\":\"2026-01-05T07:41:51Z\",\"TargetID\":1,\"MinNS\":35600,\"MaxNS\":35600,\"AvgNS\":35600,\"P0\":35600,\"P1\":0,\"P25\":0,\"P50\":35600,\"P75\":0,\"P99\":0,\"P100\":35600,\"Percentiles\":null,\"TimeoutCount\":0,\"ProbeCount\":1,\"WindowSeconds\":0},{\"Time\":\"2026-01-05T07:42:51Z\",\"TargetID\":1,\"MinNS\":35500,\"MaxNS\":35500,\"AvgNS\":35500,\"P0\":35500,\"P1\":0,\"P25\":0,\"P50\":35500,\"P75\":0,\"P99\":0,\"P100\":35500,\"Percentiles\":null,\"TimeoutCount\":0,\"ProbeCount\":1,\"WindowSeconds\":0},{\"Time\":\"2026-01-05T07:43:51Z\",\"TargetID\":1,\"MinNS\":35400,\"MaxNS\":35400,\"AvgNS\":35400,\"P0\":35400,\"P1\":0,\"P25\":0,\"P50\":35400,\"P75\":0,\"P99\":0,\"P100\":35400,\"Percentiles\":null,\"TimeoutCount\":0,\"ProbeCount\":1,\"WindowSeconds\":0},{\"Time\":\"2026-01-05T07:44:51Z\",\"TargetID\":1,\"MinNS\":35300,\"MaxNS\":35300,\"AvgNS\":35300,\"P0\":35300,\"P1\":0,\"P25\":0,\"P50\":35300,\"P75\":0,\"P99\":0,\"P100\":35300,\"Percentiles\":null,\"TimeoutCount\":0,\"ProbeCount\":1,\"WindowSeconds\":0},{\"Time\":\"2026-01-05T07:45:51Z\",\"TargetID\":1,\"MinNS\":35200,\"MaxNS\":35200,\"AvgNS\":35200,\"P0\":35200,\"P1\":0,\"P25\":0,\"P50\":35200,\"P75\":0,\"P99\":0,\"P100\":35200,\"Percentiles\":null,\"TimeoutCount\":0,\"ProbeCount\":1,\"WindowSeconds\":0},{\"Time\":\"2026-01-05T07:46:51Z\",\"TargetID\":1,\"MinNS\":35100,\"MaxNS\":35100,\"AvgNS\":35100,\"P0\":35100,\"P1\":0,\"P25\":0,\"P50\":35100,\"P75\":0,\"P99\":0,\"P100\":35100,\"Percentiles\":null,\"TimeoutCount\":0,\"ProbeCount\":1,\"WindowSeconds\":0},{\"Time\":\"2026-01-05T07:47:51Z\",\"TargetID\":1,\"MinNS\":35000,\"MaxNS\":35000,\"AvgNS\":35000,\"P0\":35000,\"P1\":0,\"P25\":0,\"P50\":35000,\"P75\":0,\"P99\":0,\"P100\":35000,\"Percentiles\":null,\"TimeoutCount\":0,\"ProbeCount\":1,\"WindowSeconds\":0},{\"Time\":\"2026-01-05T07:48:51Z\",\"TargetID\":1,\"MinNS\":34900,\"MaxNS\":34900,\"AvgNS\":34900,\"P0\":34900,\"P1\":0,\"P25\":0,\"P50\":34900,\"P75\":0,\"P99\":0,\"P100\":34900,\"Percentiles\":null,\"TimeoutCount\":0,\"ProbeCount\":1,\"WindowSeconds\":0},{\"Time\":\"2026-01-05T07:49:51Z\",\"TargetID\":1,\"MinNS\":34800,\"MaxNS\":34800,\"AvgNS\":34800,\"P0\":34800,\"P1\":0,\"P25\":0,\"P50\":34800,\"P75\":0,\"P99\":0,\"P100\":34800,\"Percentiles\":null,\"TimeoutCount\":0,\"ProbeCount\":1,\"WindowSeconds\":0},{\"Time\":\"2026-01-05T07:50:51Z\",\"TargetID\":1,\"MinNS\":34700,\"MaxNS\":34700,\"AvgNS\":34700,\"P0\":34700,\"P1\":0,\"P25\":0,\"P50\":34700,\"P75\":0,\"P99\":0,\"P100\":34700,\"Percentiles\":null,\"TimeoutCount\":0,\"ProbeCount\":1,\"WindowSeconds\":0},{\"Time\":\"2026-01-05T07:51:51Z\",\"TargetID\":1,\"MinNS\":34600,\"MaxNS\":34600,\"AvgNS\":34600,\"P0\":34600,\"P1\":0,\"P25\":0,\"P50\":34600,\"P75\":0,\"P99\":0,\"P100\":34600,\"Percentiles\":null,\"TimeoutCount\":0,\"ProbeCount\":1,\"WindowSeconds\":0},{\"Time\":\"2026-01-05T07:52:51Z\",\"TargetID\":1,\"MinNS\":34500,\"MaxNS\":34500,\"AvgNS\":34500,\"P0\":34500,\"P1\":0,\"P25\":0,\"P50\":34500,\"P75\":0,\"P99\":0,\"P100\":34500,\"Percentiles\":null,\"TimeoutCount\":0,\"ProbeCount\":1,\"WindowSeconds\":0},{\"Time\":\"2026-01-05T07:53:51Z\",\"TargetID\":1,\"MinNS\":34400,\"MaxNS\":34400,\"AvgNS\":34400,\"P0\":34400,\"P1\":0,\"P25\":0,\"P50\":34400,\"P75\":0,\"P99\":0,\"P100\":34400,\"Percentiles\":null,\"TimeoutCount\":0,\"ProbeCount\":1,\"WindowSeconds\":0},{\"Time\":\"2026-01-05T07:54:51Z\",\"TargetID\":1,\"MinNS\":34300,\"MaxNS\":34300,\"AvgNS\":34300,\"P0\":34300,\"P1\":0,\"P25\":0,\"P50\":34300,\"P75\":0,\"P99\":0,\"P100\":34300,\"Percentiles\":null,\"TimeoutCount\":0,\"ProbeCount\":1,\"WindowSeconds\":0},{\"Time\":\"2026-01-05T07:55:51Z\",\"TargetID\":1,\"MinNS\":34200,\"MaxNS\":34200,\"AvgNS\":34200,\"P0\":34200,\"P1\":0,\"P25\":0,\"P50\":34200,\"P75\":0,\"P99\":0,\"P100\":34200,\"Percentiles\":null,\"TimeoutCount\":0,\"ProbeCount\":1,\"WindowSeconds\":0},{\"Time\":\"2026-01-05T07:56:51Z\",\"TargetID\":1,\"MinNS\":34100,\"MaxNS\":34100,\"AvgNS\":34100,\"P0\":34100,\"P1\":0,\"P25\":0,\"P50\":34100,\"P75\":0,\"P99\":0,\"P100\":34100,\"Percentiles\":null,\"TimeoutCount\":0,\"ProbeCount\":1,\"WindowSeconds\":0},{\"Time\":\"2026-01-05T07:57:51Z\",\"TargetID\":1,\"MinNS\":34000,\"MaxNS\":34000,\"AvgNS\":34000,\"P0\":34000,\"P1\":0,\"P25\":0,\"P50\":34000,\"P75\":0,\"P99\":0,\"P100\":34000,\"Percentiles\":null,\"TimeoutCount\":0,\"ProbeCount\":1,\"WindowSeconds\":0},{\"Time\":\"2026-01-05T07:58:51Z\",\"TargetID\":1,\"MinNS\":33900,\"MaxNS\":33900,\"AvgNS\":33900,\"P0\":33900,\"P1\":0,\"P25\":0,\"P50\":33900,\"P75\":0,\"P99\":0,\"P100\":33900,\"Percentiles\":null,\"TimeoutCount\":0,\"ProbeCount\":1,\"WindowSeconds\":0},{\"Time\":\"2026-01-05T07:59:51Z\",\"TargetID\":1,\"MinNS\":33800,\"MaxNS\":33800,\"AvgNS\":33800,\"P0\":33800,\"P1\":0,\"P25\":0,\"P50\":33800,\"P75\":0,\"P99\":0,\"P100\":33800,\"Percentiles\":null,\"TimeoutCount\":0,\"ProbeCount\":1,\"WindowSeconds\":0},{\"Time\":\"2026-01-05T08:00:51Z\",\"TargetID\":1,\"MinNS\":33700,\"MaxNS\":33700,\"AvgNS\":33700,\"P0\":33700,\"P1\":0,\"P25\":0,\"P50\":33700,\"P75\":0,\"P99\":0,\"P100\":33700,\"Percentiles\":null,\"TimeoutCount\":0,\"ProbeCount\":1,\"WindowSeconds\":0},{\"Time\":\"2026-01-05T08:01:51Z\",\"TargetID\":1,\"MinNS\":33600,\"MaxNS\":33600,\"AvgNS\":33600,\"P0\":33600,\"P1\":0,\"P25\":0,\"P50\":33600,\"P75\":0,\"P99\":0,\"P100\":33600,\"Percentiles\":null,\"TimeoutCount\":0,\"ProbeCount\":1,\"WindowSeconds\":0},{\"Time\":\"2026-01-05T08:02:51Z\",\"TargetID\":1,\"MinNS\":33500,\"MaxNS\":33500,\"AvgNS\":33500,\"P0\":33500,\"P1\":0,\"P25\":0,\"P50\":33500,\"P75\":0,\"P99\":0,\"P100\":33500,\"Percentiles\":null,\"TimeoutCount\":0,\"ProbeCount\":1,\"WindowSeconds\":0},{\"Time\":\"2026-01-05T08:03:51Z\",\"TargetID\":1,\"MinNS\":33400,\"MaxNS\":33400,\"AvgNS\":33400,\"P0\":33400,\"P1\":0,\"P25\":0,\"P50\":33400,\"P75\":0,\"P99\":0,\"P100\":33400,\"Percentiles\":null,\"TimeoutCount\":0,\"ProbeCount\":1,\"WindowSeconds\":0},{\"Time\":\"2026-01-05T08:04:51Z\",\"TargetID\":1,\"MinNS\":33300,\"MaxNS\":33300,\"AvgNS\":33300,\"P0\":33300,\"P1\":0,\"P25\":0,\"P50\":33300,\"P75\":0,\"P99\":0,\"P100\":33300,\"Percentiles\":null,\"TimeoutCount\":0,\"ProbeCount\":1,\"WindowSeconds\":0},{\"Time\":\"2026-01-05T08:05:51Z\",\"TargetID\":1,\"MinNS\":33200,\"MaxNS\":33200,\"AvgNS\":33200,\"P0\":33200,\"P1\":0,\"P25\":0,\"P50\":33200,\"P75\":0,\"P99\":0,\"P100\":33200,\"Percentiles\":null,\"TimeoutCount\":0,\"ProbeCount\":1,\"WindowSeconds\":0},{\"Time\":\"2026-01-05T08:06:51Z\",\"TargetID\":1,\"MinNS\":33100,\"MaxNS\":33100,\"AvgNS\":33100,\"P0\":33100,\"P1\":0,\"P25\":0,\"P50\":33100,\"P75\":0,\"P99\":0,\"P100\":33100,\"Percentiles\":null,\"TimeoutCount\":0,\"ProbeCount\":1,\"WindowSeconds\":0},{\"Time\":\"2026-01-05T08:07:51Z\",\"TargetID\":1,\"MinNS\":33000,\"MaxNS\":33000,\"AvgNS\":33000,\"P0\":33000,\"P1\":0,\"P25\":0,\"P50\":33000,\"P75\":0,\"P99\":0,\"P100\":33000,\"Percentiles\":null,\"TimeoutCount\":0,\"ProbeCount\":1,\"WindowSeconds\":0},{\"Time\":\"2026-01-05T08:08:51Z\",\"TargetID\":1,\"MinNS\":32900,\"MaxNS\":32900,\"AvgNS\":32900,\"P0\":32900,\"P1\":0,\"P25\":0,\"P50\":32900,\"P75\":0,\"P99\":0,\"P100\":32900,\"Percentiles\":null,\"TimeoutCount\":0,\"ProbeCount\":1,\"WindowSeconds\":0},{\"Time\":\"2026-01-05T08:09:51Z\",\"TargetID\":1,\"MinNS\":32800,\"MaxNS\":32800,\"AvgNS\":32800,\"P0\":32800,\"P1\":0,\"P25\":0,\"P50\":32800,\"P75\":0,\"P99\":0,\"P100\":32800,\"Percentiles\":null,\"TimeoutCount\":0,\"ProbeCount\":1,\"WindowSeconds\":0},{\"Time\":\"2026-01-05T08:10:51Z\",\"TargetID\":1,\"MinNS\":32700,\"MaxNS\":32700,\"AvgNS\":32700,\"P0\":32700,\"P1\":0,\"P25\":0,\"P50\":32700,\"P75\":0,\"P99\":0,\"P100\":32700,\"Percentiles\":null,\"TimeoutCount\":0,\"ProbeCount\":1,\"WindowSeconds\":0},{\"Time\":\"2026-01-05T08:11:51Z\",\"TargetID\":1,\"MinNS\":32600,\"MaxNS\":32600,\"AvgNS\":32600,\"P0\":32600,\"P1\":0,\"P25\":0,\"P50\":32600,\"P75\":0,\"P99\":0,\"P100\":32600,\"Percentiles\":null,\"TimeoutCount\":0,\"ProbeCount\":1,\"WindowSeconds\":0},{\"Time\":\"2026-01-05T08:12:51Z\",\"TargetID\":1,\"MinNS\":32500,\"MaxNS\":32500,\"AvgNS\":32500,\"P0\":32500,\"P1\":0,\"P25\":0,\"P50\":32500,\"P75\":0,\"P99\":0,\"P100\":32500,\"Percentiles\":null,\"TimeoutCount\":0,\"ProbeCount\":1,\"WindowSeconds\":0},{\"Time\":\"2026-01-05T08:13:51Z\",\"TargetID\":1,\"MinNS\":32400,\"MaxNS\":32400,\"AvgNS\":32400,\"P0\":32400,\"P1\":0,\"P25\":0,\"P50\":32400,\"P75\":0,\"P99\":0,\"P100\":32400,\"Percentiles\":null,\"TimeoutCount\":0,\"ProbeCount\":1,\"WindowSeconds\":0},{\"Time\":\"2026-01-05T08:14:51Z\",\"TargetID\":1,\"MinNS\":32300,\"MaxNS\":32300,\"AvgNS\":32300,\"P0\":32300,\"P1\":0,\"P25\":0,\"P50\":32300,\"P75\":0,\"P99\":0,\"P100\":32300,\"Percentiles\":null,\"TimeoutCount\":0,\"ProbeCount\":1,\"WindowSeconds\":0},{\"Time\":\"2026-01-05T08:15:51Z\",\"TargetID\":1,\"MinNS\":32200,\"MaxNS\":32200,\"AvgNS\":32200,\"P0\":32200,\"P1\":0,\"P25\":0,\"P50\":32200,\"P75\":0,\"P99\":0,\"P100\":32200,\"Percentiles\":null,\"TimeoutCount\":0,\"ProbeCount\":1,\"WindowSeconds\":0},{\"Time\":\"2026-01-05T08:16:51Z\",\"TargetID\":1,\"MinNS\":32100,\"MaxNS\":32100,\"AvgNS\":32100,\"P0\":32100,\"P1\":0,\"P25\":0,\"P50\":32100,\"P75\":0,\"P99\":0,\"P100\":32100,\"Percentiles\":null,\"TimeoutCount\":0,\"ProbeCount\":1,\"WindowSeconds\":0},{\"Time\":\"2026-01-05T08:17:51Z\",\"TargetID\":1,\"MinNS\":32000,\"MaxNS\":32000,\"AvgNS\":32000,\"P0\":32000,\"P1\":0,\"P25\":0,\"P50\":32000,\"P75\":0,\"P99\":0,\"P100\":32000,\"Percentiles\":null,\"TimeoutCount\":0,\"ProbeCount\":1,\"WindowSeconds\":0},{\"Time\":\"2026-01-05T08:18:51Z\",\"TargetID\":1,\"MinNS\":31900,\"MaxNS\":31900,\"AvgNS\":31900,\"P0\":31900,\"P1\":0,\"P25\":0,\"P50\":31900,\"P75\":0,\"P99\":0,\"P100\":31900,\"Percentiles\":null,\"TimeoutCount\":0,\"ProbeCount\":1,\"WindowSeconds\":0},{\"Time\":\"2026-01-05T08:19:51Z\",\"TargetID\":1,\"MinNS\":31800,\"MaxNS\":31800,\"AvgNS\":31800,\"P0\":31800,\"P1\":0,\"P25\":0,\"P50\":31800,\"P75\":0,\"P99\":0,\"P100\":31800,\"Percentiles\":null,\"TimeoutCount\":0,\"ProbeCount\":1,\"WindowSeconds\":0},{\"Time\":\"2026-01-05T08:20:51Z\",\"TargetID\":1,\"MinNS\":31700,\"MaxNS\":31700,\"AvgNS\":31700,\"P0\":31700,\"P1\":0,\"P25\":0,\"P50\":31700,\"P75\":0,\"P99\":0,\"P100\":31700,\"Percentiles\":null,\"TimeoutCount\":0,\"ProbeCount\":1,\"WindowSeconds\":0},{\"Time\":\"2026-01-05T08:21:51Z\",\"TargetID\":1,\"MinNS\":31600,\"MaxNS\":31600,\"AvgNS\":31600,\"P0\":31600,\"P1\":0,\"P25\":0,\"P50\":31600,\"P75\":0,\"P99\":0,\"P100\":31600,\"Percentiles\":null,\"TimeoutCount\":0,\"ProbeCount\":1,\"WindowSeconds\":0},{\"Time\":\"2026-01-05T08:22:51Z\",\"TargetID\":1,\"MinNS\":31500,\"MaxNS\":31500,\"AvgNS\":31500,\"P0\":31500,\"P1\":0,\"P25\":0,\"P50\":31500,\"P75\":0,\"P99\":0,\"P100\":31500,\"Percentiles\":null,\"TimeoutCount\":0,\"ProbeCount\":1,\"WindowSeconds\":0},{\"Time\":\"2026-01-05T08:23:51Z\",\"TargetID\":1,\"MinNS\":31400,\"MaxNS\":31400,\"AvgNS\":31400,\"P0\":31400,\"P1\":0,\"P25\":0,\"P50\":31400,\"P75\":0,\"P99\":0,\"P100\":31400,\"Percentiles\":null,\"TimeoutCount\":0,\"ProbeCount\":1,\"WindowSeconds\":0},{\"Time\":\"2026-01-05T08:24:51Z\",\"TargetID\":1,\"MinNS\":31300,\"MaxNS\":31300,\"AvgNS\":31300,\"P0\":31300,\"P1\":0,\"P25\":0,\"P50\":31300,\"P75\":0,\"P99\":0,\"P100\":31300,\"Percentiles\":null,\"TimeoutCount\":0,\"ProbeCount\":1,\"WindowSeconds\":0},{\"Time\":\"2026-01-05T08:25:51Z\",\"TargetID\":1,\"MinNS\":31200,\"MaxNS\":31200,\"AvgNS\":31200,\"P0\":31200,\"P1\":0,\"P25\":0,\"P50\":31200,\"P75\":0,\"P99\":0,\"P100\":31200,\"Percentiles\":null,\"TimeoutCount\":0,\"ProbeCount\":1,\"WindowSeconds\":0},{\"Time\":\"2026-01-05T08:26:51Z\",\"TargetID\":1,\"MinNS\":31100,\"MaxNS\":31100,\"AvgNS\":31100,\"P0\":31100,\"P1\":0,\"P25\":0,\"P50\":31100,\"P75\":0,\"P99\":0,\"P100\":31100,\"Percentiles\":null,\"TimeoutCount\":0,\"ProbeCount\":1,\"WindowSeconds\":0},{\"Time\":\"2026-01-05T08:27:51Z\",\"TargetID\":1,\"MinNS\":31000,\"MaxNS\":31000,\"AvgNS\":31000,\"P0\":31000,\"P1\":0,\"P25\":0,\"P50\":31000,\"P75\":0,\"P99\":0,\"P100\":31000,\"Percentiles\":null,\"TimeoutCount\":0,\"ProbeCount\":1,\"WindowSeconds\":0},{\"Time\":\"2026-01-05T08:28:51Z\",\"TargetID\":1,\"MinNS\":30900,\"MaxNS\":30900,\"AvgNS\":30900,\"P0\":30900,\"P1\":0,\"P25\":0,\"P50\":30900,\"P75\":0,\"P99\":0,\"P100\":30900,\"Percentiles\":null,\"TimeoutCount\":0,\"ProbeCount\":1,\"WindowSeconds\":0},{\"Time\":\"2026-01-05T08:29:51Z\",\"TargetID\":1,\"MinNS\":30800,\"MaxNS\":30800,\"AvgNS\":30800,\"P0\":30800,\"P1\":0,\"P25\":0,\"P50\":30800,\"P75\":0,\"P99\":0,\"P100\":30800,\"Percentiles\":null,\"TimeoutCount\":0,\"ProbeCount\":1,\"WindowSeconds\":0},{\"Time\":\"2026-01-05T08:30:51Z\",\"TargetID\":1,\"MinNS\":30700,\"MaxNS\":30700,\"AvgNS\":30700,\"P0\":30700,\"P1\":0,\"P25\":0,\"P50\":30700,\"P75\":0,\"P99\":0,\"P100\":30700,\"Percentiles\":null,\"TimeoutCount\":0,\"ProbeCount\":1,\"WindowSeconds\":0},{\"Time\":\"2026-01-05T08:31:51Z\",\"TargetID\":1,\"MinNS\":30600,\"MaxNS\":30600,\"AvgNS\":30600,\"P0\":30600,\"P1\":0,\"P25\":0,\"P50\":30600,\"P75\":0,\"P99\":0,\"P100\":30600,\"Percentiles\":null,\"TimeoutCount\":0,\"ProbeCount\":1,\"WindowSeconds\":0},{\"Time\":\"2026-01-05T08:32:51Z\",\"TargetID\":1,\"MinNS\":30500,\"MaxNS\":30500,\"AvgNS\":30500,\"P0\":30500,\"P1\":0,\"P25\":0,\"P50\":30500,\"P75\":0,\"P99\":0,\"P100\":30500,\"Percentiles\":null,\"TimeoutCount\":0,\"ProbeCount\":1,\"WindowSeconds\":0},{\"Time\":\"2026-01-05T08:33:51Z\",\"TargetID\":1,\"MinNS\":30400,\"MaxNS\":30400,\"AvgNS\":30400,\"P0\":30400,\"P1\":0,\"P25\":0,\"P50\":30400,\"P75\":0,\"P99\":0,\"P100\":30400,\"Percentiles\":null,\"TimeoutCount\":0,\"ProbeCount\":1,\"WindowSeconds\":0},{\"Time\":\"2026-01-05T08:34:51Z\",\"TargetID\":1,\"MinNS\":30300,\"MaxNS\":30300,\"AvgNS\":30300,\"P0\":30300,\"P1\":0,\"P25\":0,\"P50\":30300,\"P75\":0,\"P99\":0,\"P100\":30300,\"Percentiles\":null,\"TimeoutCount\":0,\"ProbeCount\":1,\"WindowSeconds\":0},{\"Time\":\"2026-01-05T08:35:51Z\",\"TargetID\":1,\"MinNS\":30200,\"MaxNS\":30200,\"AvgNS\":30200,\"P0\":30200,\"P1\":0,\"P25\":0,\"P50\":30200,\"P75\":0,\"P99\":0,\"P100\":30200,\"Percentiles\":null,\"TimeoutCount\":0,\"ProbeCount\":1,\"WindowSeconds\":0},{\"Time\":\"2026-01-05T08:36:51Z\",\"TargetID\":1,\"MinNS\":30100,\"MaxNS\":30100,\"AvgNS\":30100,\"P0\":30100,\"P1\":0,\"P25\":0,\"P50\":30100,\"P75\":0,\"P99\":0,\"P100\":30100,\"Percentiles\":null,\"TimeoutCount\":0,\"ProbeCount\":1,\"WindowSeconds\":0},{\"Time\":\"2026-01-05T08:37:51Z\",\"TargetID\":1,\"MinNS\":30000,\"MaxNS\":30000,\"AvgNS\":30000,\"P0\":30000,\"P1\":0,\"P25\":0,\"P50\":30000,\"P75\":0,\"P99\":0,\"P100\":30000,\"Percentiles\":null,\"TimeoutCount\":0,\"ProbeCount\":1,\"WindowSeconds\":0},{\"Time\":\"2026-01-05T08:38:51Z\",\"TargetID\":1,\"MinNS\":29900,\"MaxNS\":29900,\"AvgNS\":29900,\"P0\":29900,\"P1\":0,\"P25\":0,\"P50\":29900,\"P75\":0,\"P99\":0,\"P100\":29900,\"Percentiles\":null,\"TimeoutCount\":0,\"ProbeCount\":1,\"WindowSeconds\":0},{\"Time\":\"2026-01-05T08:39:51Z\",\"TargetID\":1,\"MinNS\":29800,\"MaxNS\":29800,\"AvgNS\":29800,\"P0\":29800,\"P1\":0,\"P25\":0,\"P50\":29800,\"P75\":0,\"P99\":0,\"P100\":29800,\"Percentiles\":null,\"TimeoutCount\":0,\"ProbeCount\":1,\"WindowSeconds\":0},{\"Time\":\"2026-01-05T08:40:51Z\",\"TargetID\":1,\"MinNS\":29700,\"MaxNS\":29700,\"AvgNS\":29700,\"P0\":29700,\"P1\":0,\"P25\":0,\"P50\":29700,\"P75\":0,\"P99\":0,\"P100\":29700,\"Percentiles\":null,\"TimeoutCount\":0,\"ProbeCount\":1,\"WindowSeconds\":0},{\"Time\":\"2026-01-05T08:41:51Z\",\"TargetID\":1,\"MinNS\":29600,\"MaxNS\":29600,\"AvgNS\":29600,\"P0\":29600,\"P1\":0,\"P25\":0,\"P50\":29600,\"P75\":0,\"P99\":0,\"P100\":29600,\"Percentiles\":null,\"TimeoutCount\":0,\"ProbeCount\":1,\"WindowSeconds\":0},{\"Time\":\"2026-01-05T08:42:51Z\",\"TargetID\":1,\"MinNS\":29500,\"MaxNS\":29500,\"AvgNS\":29500,\"P0\":29500,\"P1\":0,\"P25\":0,\"P50\":29500,\"P75\":0,\"P99\":0,\"P100\":29500,\"Percentiles\":null,\"TimeoutCount\":0,\"ProbeCount\":1,\"WindowSeconds\":0},{\"Time\":\"2026-01-05T08:43:51Z\",\"TargetID\":1,\"MinNS\":29400,\"MaxNS\":29400,\"AvgNS\":29400,\"P0\":29400,\"P1\":0,\"P25\":0,\"P50\":29400,\"P75\":0,\"P99\":0,\"P100\":29400,\"Percentiles\":null,\"TimeoutCount\":0,\"ProbeCount\":1,\"WindowSeconds\":0},{\"Time\":\"2026-01-05T08:44:51Z\",\"TargetID\":1,\"MinNS\":29300,\"MaxNS\":29300,\"AvgNS\":29300,\"P0\":29300,\"P1\":0,\"P25\":0,\"P50\":29300,\"P75\":0,\"P99\":0,\"P100\":29300,\"Percentiles\":null,\"TimeoutCount\":0,\"ProbeCount\":1,\"WindowSeconds\":0},{\"Time\":\"2026-01-05T08:45:51Z\",\"TargetID\":1,\"MinNS\":29200,\"MaxNS\":29200,\"AvgNS\":29200,\"P0\":29200,\"P1\":0,\"P25\":0,\"P50\":29200,\"P75\":0,\"P99\":0,\"P100\":29200,\"Percentiles\":null,\"TimeoutCount\":0,\"ProbeCount\":1,\"WindowSeconds\":0},{\"Time\":\"2026-01-05T08:46:51Z\",\"TargetID\":1,\"MinNS\":29100,\"MaxNS\":29100,\"AvgNS\":29100,\"P0\":29100,\"P1\":0,\"P25\":0,\"P50\":29100,\"P75\":0,\"P99\":0,\"P100\":29100,\"Percentiles\":null,\"TimeoutCount\":0,\"ProbeCount\":1,\"WindowSeconds\":0},{\"Time\":\"2026-01-05T08:47:51Z\",\"TargetID\":1,\"MinNS\":29000,\"MaxNS\":29000,\"AvgNS\":29000,\"P0\":29000,\"P1\":0,\"P25\":0,\"P50\":29000,\"P75\":0,\"P99\":0,\"P100\":29000,\"Percentiles\":null,\"TimeoutCount\":0,\"ProbeCount\":1,\"WindowSeconds\":0},{\"Time\":\"2026-01-05T08:48:51Z\",\"TargetID\":1,\"MinNS\":28900,\"MaxNS\":28900,\"AvgNS\":28900,\"P0\":28900,\"P1\":0,\"P25\":0,\"P50\":28900,\"P75\":0,\"P99\":0,\"P100\":28900,\"Percentiles\":null,\"TimeoutCount\":0,\"ProbeCount\":1,\"WindowSeconds\":0},{\"Time\":\"2026-01-05T08:49:51Z\",\"TargetID\":1,\"MinNS\":28800,\"MaxNS\":28800,\"AvgNS\":28800,\"P0\":28800,\"P1\":0,\"P25\":0,\"P50\":28800,\"P75\":0,\"P99\":0,\"P100\":28800,\"Percentiles\":null,\"TimeoutCount\":0,\"ProbeCount\":1,\"WindowSeconds\":0},{\"Time\":\"2026-01-05T08:50:51Z\",\"TargetID\":1,\"MinNS\":28700,\"MaxNS\":28700,\"AvgNS\":28700,\"P0\":28700,\"P1\":0,\"P25\":0,\"P50\":28700,\"P75\":0,\"P99\":0,\"P100\":28700,\"Percentiles\":null,\"TimeoutCount\":0,\"ProbeCount\":1,\"WindowSeconds\":0},{\"Time\":\"2026-01-05T08:51:51Z\",\"TargetID\":1,\"MinNS\":28600,\"MaxNS\":28600,\"AvgNS\":28600,\"P0\":28600,\"P1\":0,\"P25\":0,\"P50\":28600,\"P75\":0,\"P99\":0,\"P100\":28600,\"Percentiles\":null,\"TimeoutCount\":0,\"ProbeCount\":1,\"WindowSeconds\":0},{\"Time\":\"2026-01-05T08:52:51Z\",\"TargetID\":1,\"MinNS\":28500,\"MaxNS\":28500,\"AvgNS\":28500,\"P0\":28500,\"P1\":0,\"P25\":0,\"P50\":28500,\"P75\":0,\"P99\":0,\"P100\":28500,\"Percentiles\":null,\"TimeoutCount\":0,\"ProbeCount\":1,\"WindowSeconds\":0},{\"Time\":\"2026-01-05T08:53:51Z\",\"TargetID\":1,\"MinNS\":28400,\"MaxNS\":28400,\"AvgNS\":28400,\"P0\":28400,\"P1\":0,\"P25\":0,\"P50\":28400,\"P75\":0,\"P99\":0,\"P100\":28400,\"Percentiles\":null,\"TimeoutCount\":0,\"ProbeCount\":1,\"WindowSeconds\":0},{\"Time\":\"2026-01-05T08:54:51Z\",\"TargetID\":1,\"MinNS\":28300,\"MaxNS\":28300,\"AvgNS\":28300,\"P0\":28300,\"P1\":0,\"P25\":0,\"P50\":28300,\"P75\":0,\"P99\":0,\"P100\":28300,\"Percentiles\":null,\"TimeoutCount\":0,\"ProbeCount\":1,\"WindowSeconds\":0},{\"Time\":\"2026-01-05T08:55:51Z\",\"TargetID\":1,\"MinNS\":28200,\"MaxNS\":28200,\"AvgNS\":28200,\"P0\":28200,\"P1\":0,\"P25\":0,\"P50\":28200,\"P75\":0,\"P99\":0,\"P100\":28200,\"Percentiles\":null,\"TimeoutCount\":0,\"ProbeCount\":1,\"WindowSeconds\":0},{\"Time\":\"2026-01-05T08:56:51Z\",\"TargetID\":1,\"MinNS\":28100,\"MaxNS\":28100,\"AvgNS\":28100,\"P0\":28100,\"P1\":0,\"P25\":0,\"P50\":28100,\"P75\":0,\"P99\":0,\"P100\":28100,\"Percentiles\":null,\"TimeoutCount\":0,\"ProbeCount\":1,\"WindowSeconds\":0},{\"Time\":\"2026-01-05T08:57:51Z\",\"TargetID\":1,\"MinNS\":28000,\"MaxNS\":28000,\"AvgNS\":28000,\"P0\":28000,\"P1\":0,\"P25\":0,\"P50\":28000,\"P75\":0,\"P99\":0,\"P100\":28000,\"Percentiles\":null,\"TimeoutCount\":0,\"ProbeCount\":1,\"WindowSeconds\":0},{\"Time\":\"2026-01-05T08:58:51Z\",\"TargetID\":1,\"MinNS\":27900,\"MaxNS\":27900,\"AvgNS\":27900,\"P0\":27900,\"P1\":0,\"P25\":0,\"P50\":27900,\"P75\":0,\"P99\":0,\"P100\":27900,\"Percentiles\":null,\"TimeoutCount\":0,\"ProbeCount\":1,\"WindowSeconds\":0},{\"Time\":\"2026-01-05T08:59:51Z\",\"TargetID\":1,\"MinNS\":27800,\"MaxNS\":27800,\"AvgNS\":27800,\"P0\":27800,\"P1\":0,\"P25\":0,\"P50\":27800,\"P75\":0,\"P99\":0,\"P100\":27800,\"Percentiles\":null,\"TimeoutCount\":0,\"ProbeCount\":1,\"WindowSeconds\":0},{\"Time\":\"2026-01-05T09:00:51Z\",\"TargetID\":1,\"MinNS\":27700,\"MaxNS\":27700,\"AvgNS\":27700,\"P0\":27700,\"P1\":0,\"P25\":0,\"P50\":27700,\"P75\":0,\"P99\":0,\"P100\":27700,\"Percentiles\":null,\"TimeoutCount\":0,\"ProbeCount\":1,\"WindowSeconds\":0},{\"Time\":\"2026-01-05T09:01:51Z\",\"TargetID\":1,\"MinNS\":27600,\"MaxNS\":27600,\"AvgNS\":27600,\"P0\":27600,\"P1\":0,\"P25\":0,\"P50\":27600,\"P75\":0,\"P99\":0,\"P100\":27600,\"Percentiles\":null,\"TimeoutCount\":0,\"ProbeCount\":1,\"WindowSeconds\":0},{\"Time\":\"2026-01-05T09:02:51Z\",\"TargetID\":1,\"MinNS\":27500,\"MaxNS\":27500,\"AvgNS\":27500,\"P0\":27500,\"P1\":0,\"P25\":0,\"P50\":27500,\"P75\":0,\"P99\":0,\"P100\":27500,\"Percentiles\":null,\"TimeoutCount\":0,\"ProbeCount\":1,\"WindowSeconds\":0},{\"Time\":\"2026-01-05T09:03:51Z\",\"TargetID\":1,\"MinNS\":27400,\"MaxNS\":27400,\"AvgNS\":27400,\"P0\":27400,\"P1\":0,\"P25\":0,\"P50\":27400,\"P75\":0,\"P99\":0,\"P100\":27400,\"Percentiles\":null,\"TimeoutCount\":0,\"ProbeCount\":1,\"WindowSeconds\":0},{\"Time\":\"2026-01-05T09:04:51Z\",\"TargetID\":1,\"MinNS\":27300,\"MaxNS\":27300,\"AvgNS\":27300,\"P0\":27300,\"P1\":0,\"P25\":0,\"P50\":27300,\"P75\":0,\"P99\":0,\"P100\":27300,\"Percentiles\":null,\"TimeoutCount\":0,\"ProbeCount\":1,\"WindowSeconds\":0},{\"Time\":\"2026-01-05T09:05:51Z\",\"TargetID\":1,\"MinNS\":27200,\"MaxNS\":27200,\"AvgNS\":27200,\"P0\":27200,\"P1\":0,\"P25\":0,\"P50\":27200,\"P75\":0,\"P99\":0,\"P100\":27200,\"Percentiles\":null,\"TimeoutCount\":0,\"ProbeCount\":1,\"WindowSeconds\":0},{\"Time\":\"2026-01-05T09:06:51Z\",\"TargetID\":1,\"MinNS\":27100,\"MaxNS\":27100,\"AvgNS\":27100,\"P0\":27100,\"P1\":0,\"P25\":0,\"P50\":27100,\"P75\":0,\"P99\":0,\"P100\":27100,\"Percentiles\":null,\"TimeoutCount\":0,\"ProbeCount\":1,\"WindowSeconds\":0},{\"Time\":\"2026-01-05T09:07:51Z\",\"TargetID\":1,\"MinNS\":27000,\"MaxNS\":27000,\"AvgNS\":27000,\"P0\":27000,\"P1\":0,\"P25\":0,\"P50\":27000,\"P75\":0,\"P99\":0,\"P100\":27000,\"Percentiles\":null,\"TimeoutCount\":0,\"ProbeCount\":1,\"WindowSeconds\":0},{\"Time\":\"2026-01-05T09:08:51Z\",\"TargetID\":1,\"MinNS\":26900,\"MaxNS\":26900,\"AvgNS\":26900,\"P0\":26900,\"P1\":0,\"P25\":0,\"P50\":26900,\"P75\":0,\"P99\":0,\"P100\":26900,\"Percentiles\":null,\"TimeoutCount\":0,\"ProbeCount\":1,\"WindowSeconds\":0},{\"Time\":\"2026-01-05T09:09:51Z\",\"TargetID\":1,\"MinNS\":26800,\"MaxNS\":26800,\"AvgNS\":26800,\"P0\":26800,\"P1\":0,\"P25\":0,\"P50\":26800,\"P75\":0,\"P99\":0,\"P100\":26800,\"Percentiles\":null,\"TimeoutCount\":0,\"ProbeCount\":1,\"WindowSeconds\":0},{\"Time\":\"2026-01-05T09:10:51Z\",\"TargetID\":1,\"MinNS\":26700,\"MaxNS\":26700,\"AvgNS\":26700,\"P0\":26700,\"P1\":0,\"P25\":0,\"P50\":26700,\"P75\":0,\"P99\":0,\"P100\":26700,\"Percentiles\":null,\"TimeoutCount\":0,\"ProbeCount\":1,\"WindowSeconds\":0},{\"Time\":\"2026-01-05T09:11:51Z\",\"TargetID\":1,\"MinNS\":26600,\"MaxNS\":26600,\"AvgNS\":26600,\"P0\":26600,\"P1\":0,\"P25\":0,\"P50\":26600,\"P75\":0,\"P99\":0,\"P100\":26600,\"Percentiles\":null,\"TimeoutCount\":0,\"ProbeCount\":1,\"WindowSeconds\":0},{\"Time\":\"2026-01-05T09:12:51Z\",\"TargetID\":1,\"MinNS\":26500,\"MaxNS\":26500,\"AvgNS\":26500,\"P0\":26500,\"P1\":0,\"P25\":0,\"P50\":26500,\"P75\":0,\"P99\":0,\"P100\":26500,\"Percentiles\":null,\"TimeoutCount\":0,\"ProbeCount\":1,\"WindowSeconds\":0},{\"Time\":\"2026-01-05T09:13:51Z\",\"TargetID\":1,\"MinNS\":26400,\"MaxNS\":26400,\"AvgNS\":26400,\"P0\":26400,\"P1\":0,\"P25\":0,\"P50\":26400,\"P75\":0,\"P99\":0,\"P100\":26400,\"Percentiles\":null,\"TimeoutCount\":0,\"ProbeCount\":1,\"WindowSeconds\":0},{\"Time\":\"2026-01-05T09:14:51Z\",\"TargetID\":1,\"MinNS\":26300,\"MaxNS\":26300,\"AvgNS\":26300,\"P0\":26300,\"P1\":0,\"P25\":0,\"P50\":26300,\"P75\":0,\"P99\":0,\"P100\":26300,\"Percentiles\":null,\"TimeoutCount\":0,\"ProbeCount\":1,\"WindowSeconds\":0},{\"Time\":\"2026-01-05T09:15:51Z\",\"TargetID\":1,\"MinNS\":26200,\"MaxNS\":26200,\"AvgNS\":26200,\"P0\":26200,\"P1\":0,\"P25\":0,\"P50\":26200,\"P75\":0,\"P99\":0,\"P100\":26200,\"Percentiles\":null,\"TimeoutCount\":0,\"ProbeCount\":1,\"WindowSeconds\":0},{\"Time\":\"2026-01-05T09:16:51Z\",\"TargetID\":1,\"MinNS\":26100,\"MaxNS\":26100,\"AvgNS\":26100,\"P0\":26100,\"P1\":0,\"P25\":0,\"P50\":26100,\"P75\":0,\"P99\":0,\"P100\":26100,\"Percentiles\":null,\"TimeoutCount\":0,\"ProbeCount\":1,\"WindowSeconds\":0},{\"Time\":\"2026-01-05T09:17:51Z\",\"TargetID\":1,\"MinNS\":26000,\"MaxNS\":26000,\"AvgNS\":26000,\"P0\":26000,\"P1\":0,\"P25\":0,\"P50\":26000,\"P75\":0,\"P99\":0,\"P100\":26000,\"Percentiles\":null,\"TimeoutCount\":0,\"ProbeCount\":1,\"WindowSeconds\":0},{\"Time\":\"2026-01-05T09:18:51Z\",\"TargetID\":1,\"MinNS\":25900,\"MaxNS\":25900,\"AvgNS\":25900,\"P0\":25900,\"P1\":0,\"P25\":0,\"P50\":25900,\"P75\":0,\"P99\":0,\"P100\":25900,\"Percentiles\":null,\"TimeoutCount\":0,\"ProbeCount\":1,\"WindowSeconds\":0},{\"Time\":\"2026-01-05T09:19:51Z\",\"TargetID\":1,\"MinNS\":25800,\"MaxNS\":25800,\"AvgNS\":25800,\"P0\":25800,\"P1\":0,\"P25\":0,\"P50\":25800,\"P75\":0,\"P99\":0,\"P100\":25800,\"Percentiles\":null,\"TimeoutCount\":0,\"ProbeCount\":1,\"WindowSeconds\":0},{\"Time\":\"2026-01-05T09:20:51Z\",\"TargetID\":1,\"MinNS\":25700,\"MaxNS\":25700,\"AvgNS\":25700,\"P0\":25700,\"P1\":0,\"P25\":0,\"P50\":25700,\"P75\":0,\"P99\":0,\"P100\":25700,\"Percentiles\":null,\"TimeoutCount\":0,\"ProbeCount\":1,\"WindowSeconds\":0},{\"Time\":\"2026-01-05T09:21:51Z\",\"TargetID\":1,\"MinNS\":25600,\"MaxNS\":25600,\"AvgNS\":25600,\"P0\":25600,\"P1\":0,\"P25\":0,\"P50\":25600,\"P75\":0,\"P99\":0,\"P100\":25600,\"Percentiles\":null,\"TimeoutCount\":0,\"ProbeCount\":1,\"WindowSeconds\":0},{\"Time\":\"2026-01-05T09:22:51Z\",\"TargetID\":1,\"MinNS\":25500,\"MaxNS\":25500,\"AvgNS\":25500,\"P0\":25500,\"P1\":0,\"P25\":0,\"P50\":25500,\"P75\":0,\"P99\":0,\"P100\":25500,\"Percentiles\":null,\"TimeoutCount\":0,\"ProbeCount\":1,\"WindowSeconds\":0},{\"Time\":\"2026-01-05T09:23:51Z\",\"TargetID\":1,\"MinNS\":25400,\"MaxNS\":25400,\"AvgNS\":25400,\"P0\":25400,\"P1\":0,\"P25\":0,\"P50\":25400,\"P75\":0,\"P99\":0,\"P100\":25400,\"Percentiles\":null,\"TimeoutCount\":0,\"ProbeCount\":1,\"WindowSeconds\":0},{\"Time\":\"2026-01-05T09:24:51Z\",\"TargetID\":1,\"MinNS\":25300,\"MaxNS\":25300,\"AvgNS\":25300,\"P0\":25300,\"P1\":0,\"P25\":0,\"P50\":25300,\"P75\":0,\"P99\":0,\"P100\":25300,\"Percentiles\":null,\"TimeoutCount\":0,\"ProbeCount\":1,\"WindowSeconds\":0},{\"Time\":\"2026-01-05T09:25:51Z\",\"TargetID\":1,\"MinNS\":25200,\"MaxNS\":25200,\"AvgNS\":25200,\"P0\":25200,\"P1\":0,\"P25\":0,\"P50\":25200,\"P75\":0,\"P99\":0,\"P100\":25200,\"Percentiles\":null,\"TimeoutCount\":0,\"ProbeCount\":1,\"WindowSeconds\":0},{\"Time\":\"2026-01-05T09:26:51Z\",\"TargetID\":1,\"MinNS\":25100,\"MaxNS\":25100,\"AvgNS\":25100,\"P0\":25100,\"P1\":0,\"P25\":0,\"P50\":25100,\"P75\":0,\"P99\":0,\"P100\":25100,\"Percentiles\":null,\"TimeoutCount\":0,\"ProbeCount\":1,\"WindowSeconds\":0},{\"Time\":\"2026-01-05T09:27:51Z\",\"TargetID\":1,\"MinNS\":25000,\"MaxNS\":25000,\"AvgNS\":25000,\"P0\":25000,\"P1\":0,\"P25\":0,\"P50\":25000,\"P75\":0,\"P99\":0,\"P100\":25000,\"Percentiles\":null,\"TimeoutCount\":0,\"ProbeCount\":1,\"WindowSeconds\":0},{\"Time\":\"2026-01-05T09:28:51Z\",\"TargetID\":1,\"MinNS\":24900,\"MaxNS\":24900,\"AvgNS\":24900,\"P0\":24900,\"P1\":0,\"P25\":0,\"P50\":24900,\"P75\":0,\"P99\":0,\"P100\":24900,\"Percentiles\":null,\"TimeoutCount\":0,\"ProbeCount\":1,\"WindowSeconds\":0},{\"Time\":\"2026-01-05T09:29:51Z\",\"TargetID\":1,\"MinNS\":24800,\"MaxNS\":24800,\"AvgNS\":24800,\"P0\":24800,\"P1\":0,\"P25\":0,\"P50\":24800,\"P75\":0,\"P99\":0,\"P100\":24800,\"Percentiles\":null,\"TimeoutCount\":0,\"ProbeCount\":1,\"WindowSeconds\":0},{\"Time\":\"2026-01-05T09:30:51Z\",\"TargetID\":1,\"MinNS\":24700,\"MaxNS\":24700,\"AvgNS\":24700,\"P0\":24700,\"P1\":0,\"P25\":0,\"P50\":24700,\"P75\":0,\"P99\":0,\"P100\":24700,\"Percentiles\":null,\"TimeoutCount\":0,\"ProbeCount\":1,\"WindowSeconds\":0},{\"Time\":\"2026-01-05T09:31:51Z\",\"TargetID\":1,\"MinNS\":24600,\"MaxNS\":24600,\"AvgNS\":24600,\"P0\":24600,\"P1\":0,\"P25\":0,\"P50\":24600,\"P75\":0,\"P99\":0,\"P100\":24600,\"Percentiles\":null,\"TimeoutCount\":0,\"ProbeCount\":1,\"WindowSeconds\":0},{\"Time\":\"2026-01-05T09:32:51Z\",\"TargetID\":1,\"MinNS\":24500,\"MaxNS\":24500,\"AvgNS\":24500,\"P0\":24500,\"P1\":0,\"P25\":0,\"P50\":24500,\"P75\":0,\"P99\":0,\"P100\":24500,\"Percentiles\":null,\"TimeoutCount\":0,\"ProbeCount\":1,\"WindowSeconds\":0},{\"Time\":\"2026-01-05T09:33:51Z\",\"TargetID\":1,\"MinNS\":24400,\"MaxNS\":24400,\"AvgNS\":24400,\"P0\":24400,\"P1\":0,\"P25\":0,\"P50\":24400,\"P75\":0,\"P99\":0,\"P100\":24400,\"Percentiles\":null,\"TimeoutCount\":0,\"ProbeCount\":1,\"WindowSeconds\":0},{\"Time\":\"2026-01-05T09:34:51Z\",\"TargetID\":1,\"MinNS\":24300,\"MaxNS\":24300,\"AvgNS\":24300,\"P0\":24300,\"P1\":0,\"P25\":0,\"P50\":24300,\"P75\":0,\"P99\":0,\"P100\":24300,\"Percentiles\":null,\"TimeoutCount\":0,\"ProbeCount\":1,\"WindowSeconds\":0},{\"Time\":\"2026-01-05T09:35:51Z\",\"TargetID\":1,\"MinNS\":24200,\"MaxNS\":24200,\"AvgNS\":24200,\"P0\":24200,\"P1\":0,\"P25\":0,\"P50\":24200,\"P75\":0,\"P99\":0,\"P100\":24200,\"Percentiles\":null,\"TimeoutCount\":0,\"ProbeCount\":1,\"WindowSeconds\":0},{\"Time\":\"2026-01-05T09:36:51Z\",\"TargetID\":1,\"MinNS\":24100,\"MaxNS\":24100,\"AvgNS\":24100,\"P0\":24100,\"P1\":0,\"P25\":0,\"P50\":24100,\"P75\":0,\"P99\":0,\"P100\":24100,\"Percentiles\":null,\"TimeoutCount\":0,\"ProbeCount\":1,\"WindowSeconds\":0},{\"Time\":\"2026-01-05T09:37:51Z\",\"TargetID\":1,\"MinNS\":24000,\"MaxNS\":24000,\"AvgNS\":24000,\"P0\":24000,\"P1\":0,\"P25\":0,\"P50\":24000,\"P75\":0,\"P99\":0,\"P100\":24000,\"Percentiles\":null,\"TimeoutCount\":0,\"ProbeCount\":1,\"WindowSeconds\":0},{\"Time\":\"2026-01-05T09:38:51Z\",\"TargetID\":1,\"MinNS\":23900,\"MaxNS\":23900,\"AvgNS\":23900,\"P0\":23900,\"P1\":0,\"P25\":0,\"P50\":23900,\"P75\":0,\"P99\":0,\"P100\":23900,\"Percentiles\":null,\"TimeoutCount\":0,\"ProbeCount\":1,\"WindowSeconds\":0},{\"Time\":\"2026-01-05T09:39:51Z\",\"TargetID\":1,\"MinNS\":23800,\"MaxNS\":23800,\"AvgNS\":23800,\"P0\":23800,\"P1\":0,\"P25\":0,\"P50\":23800,\"P75\":0,\"P99\":0,\"P100\":23800,\"Percentiles\":null,\"TimeoutCount\":0,\"ProbeCount\":1,\"WindowSeconds\":0},{\"Time\":\"2026-01-05T09:40:51Z\",\"TargetID\":1,\"MinNS\":23700,\"MaxNS\":23700,\"AvgNS\":23700,\"P0\":23700,\"P1\":0,\"P25\":0,\"P50\":23700,\"P75\":0,\"P99\":0,\"P100\":23700,\"Percentiles\":null,\"TimeoutCount\":0,\"ProbeCount\":1,\"WindowSeconds\":0},{\"Time\":\"2026-01-05T09:41:51Z\",\"TargetID\":1,\"MinNS\":23600,\"MaxNS\":23600,\"AvgNS\":23600,\"P0\":23600,\"P1\":0,\"P25\":0,\"P50\":23600,\"P75\":0,\"P99\":0,\"P100\":23600,\"Percentiles\":null,\"TimeoutCount\":0,\"ProbeCount\":1,\"WindowSeconds\":0},{\"Time\":\"2026-01-05T09:42:51Z\",\"TargetID\":1,\"MinNS\":23500,\"MaxNS\":23500,\"AvgNS\":23500,\"P0\":23500,\"P1\":0,\"P25\":0,\"P50\":23500,\"P75\":0,\"P99\":0,\"P100\":23500,\"Percentiles\":null,\"TimeoutCount\":0,\"ProbeCount\":1,\"WindowSeconds\":0},{\"Time\":\"2026-01-05T09:43:51Z\",\"TargetID\":1,\"MinNS\":23400,\"MaxNS\":23400,\"AvgNS\":23400,\"P0\":23400,\"P1\":0,\"P25\":0,\"P50\":23400,\"P75\":0,\"P99\":0,\"P100\":23400,\"Percentiles\":null,\"TimeoutCount\":0,\"ProbeCount\":1,\"WindowSeconds\":0},{\"Time\":\"2026-01-05T09:44:51Z\",\"TargetID\":1,\"MinNS\":23300,\"MaxNS\":23300,\"AvgNS\":23300,\"P0\":23300,\"P1\":0,\"P25\":0,\"P50\":23300,\"P75\":0,\"P99\":0,\"P100\":23300,\"Percentiles\":null,\"TimeoutCount\":0,\"ProbeCount\":1,\"WindowSeconds\":0},{\"Time\":\"2026-01-05T09:45:51Z\",\"TargetID\":1,\"MinNS\":23200,\"MaxNS\":23200,\"AvgNS\":23200,\"P0\":23200,\"P1\":0,\"P25\":0,\"P50\":23200,\"P75\":0,\"P99\":0,\"P100\":23200,\"Percentiles\":null,\"TimeoutCount\":0,\"ProbeCount\":1,\"WindowSeconds\":0},{\"Time\":\"2026-01-05T09:46:51Z\",\"TargetID\":1,\"MinNS\":23100,\"MaxNS\":23100,\"AvgNS\":23100,\"P0\":23100,\"P1\":0,\"P25\":0,\"P50\":23100,\"P75\":0,\"P99\":0,\"P100\":23100,\"Percentiles\":null,\"TimeoutCount\":0,\"ProbeCount\":1,\"WindowSeconds\":0},{\"Time\":\"2026-01-05T09:47:51Z\",\"TargetID\":1,\"MinNS\":23000,\"MaxNS\":23000,\"AvgNS\":23000,\"P0\":23000,\"P1\":0,\"P25\":0,\"P50\":23000,\"P75\":0,\"P99\":0,\"P100\":23000,\"Percentiles\":null,\"TimeoutCount\":0,\"ProbeCount\":1,\"WindowSeconds\":0},{\"Time\":\"2026-01-05T09:48:51Z\",\"TargetID\":1,\"MinNS\":22900,\"MaxNS\":22900,\"AvgNS\":22900,\"P0\":22900,\"P1\":0,\"P25\":0,\"P50\":22900,\"P75\":0,\"P99\":0,\"P100\":22900,\"Percentiles\":null,\"TimeoutCount\":0,\"ProbeCount\":1,\"WindowSeconds\":0},{\"Time\":\"2026-01-05T09:49:51Z\",\"TargetID\":1,\"MinNS\":22800,\"MaxNS\":22800,\"AvgNS\":22800,\"P0\":22800,\"P1\":0,\"P25\":0,\"P50\":22800,\"P75\":0,\"P99\":0,\"P100\":22800,\"Percentiles\":null,\"TimeoutCount\":0,\"ProbeCount\":1,\"WindowSeconds\":0},{\"Time\":\"2026-01-05T09:50:51Z\",\"TargetID\":1,\"MinNS\":22700,\"MaxNS\":22700,\"AvgNS\":22700,\"P0\":22700,\"P1\":0,\"P25\":0,\"P50\":22700,\"P75\":0,\"P99\":0,\"P100\":22700,\"Percentiles\":null,\"TimeoutCount\":0,\"ProbeCount\":1,\"WindowSeconds\":0},{\"Time\":\"2026-01-05T09:51:51Z\",\"TargetID\":1,\"MinNS\":22600,\"MaxNS\":22600,\"AvgNS\":22600,\"P0\":22600,\"P1\":0,\"P25\":0,\"P50\":22600,\"P75\":0,\"P99\":0,\"P100\":22600,\"Percentiles\":null,\"TimeoutCount\":0,\"ProbeCount\":1,\"WindowSeconds\":0},{\"Time\":\"2026-01-05T09:52:51Z\",\"TargetID\":1,\"MinNS\":22500,\"MaxNS\":22500,\"AvgNS\":22500,\"P0\":22500,\"P1\":0,\"P25\":0,\"P50\":22500,\"P75\":0,\"P99\":0,\"P100\":22500,\"Percentiles\":null,\"TimeoutCount\":0,\"ProbeCount\":1,\"WindowSeconds\":0},{\"Time\":\"2026-01-05T09:53:51Z\",\"TargetID\":1,\"MinNS\":22400,\"MaxNS\":22400,\"AvgNS\":22400,\"P0\":22400,\"P1\":0,\"P25\":0,\"P50\":22400,\"P75\":0,\"P99\":0,\"P100\":22400,\"Percentiles\":null,\"TimeoutCount\":0,\"ProbeCount\":1,\"WindowSeconds\":0},{\"Time\":\"2026-01-05T09:54:51Z\",\"TargetID\":1,\"MinNS\":22300,\"MaxNS\":22300,\"AvgNS\":22300,\"P0\":22300,\"P1\":0,\"P25\":0,\"P50\":22300,\"P75\":0,\"P99\":0,\"P100\":22300,\"Percentiles\":null,\"TimeoutCount\":0,\"ProbeCount\":1,\"WindowSeconds\":0},{\"Time\":\"2026-01-05T09:55:51Z\",\"TargetID\":1,\"MinNS\":22200,\"MaxNS\":22200,\"AvgNS\":22200,\"P0\":22200,\"P1\":0,\"P25\":0,\"P50\":22200,\"P75\":0,\"P99\":0,\"P100\":22200,\"Percentiles\":null,\"TimeoutCount\":0,\"ProbeCount\":1,\"WindowSeconds\":0},{\"Time\":\"2026-01-05T09:56:51Z\",\"TargetID\":1,\"MinNS\":22100,\"MaxNS\":22100,\"AvgNS\":22100,\"P0\":22100,\"P1\":0,\"P25\":0,\"P50\":22100,\"P75\":0,\"P99\":0,\"P100\":22100,\"Percentiles\":null,\"TimeoutCount\":0,\"ProbeCount\":1,\"WindowSeconds\":0},{\"Time\":\"2026-01-05T09:57:51Z\",\"TargetID\":1,\"MinNS\":22000,\"MaxNS\":22000,\"AvgNS\":22000,\"P0\":22000,\"P1\":0,\"P25\":0,\"P50\":22000,\"P75\":0,\"P99\":0,\"P100\":22000,\"Percentiles\":null,\"TimeoutCount\":0,\"ProbeCount\":1,\"WindowSeconds\":0},{\"Time\":\"2026-01-05T09:58:51Z\",\"TargetID\":1,\"MinNS\":21900,\"MaxNS\":21900,\"AvgNS\":21900,\"P0\":21900,\"P1\":0,\"P25\":0,\"P50\":21900,\"P75\":0,\"P99\":0,\"P100\":21900,\"Percentiles\":null,\"TimeoutCount\":0,\"ProbeCount\":1,\"WindowSeconds\":0},{\"Time\":\"2026-01-05T09:59:51Z\",\"TargetID\":1,\"MinNS\":21800,\"MaxNS\":21800,\"AvgNS\":21800,\"P0\":21800,\"P1\":0,\"P25\":0,\"P50\":21800,\"P75\":0,\"P99\":0,\"P100\":21800,\"Percentiles\":null,\"TimeoutCount\":0,\"ProbeCount\":1,\"WindowSeconds\":0},{\"Time\":\"2026-01-05T10:00:51Z\",\"TargetID\":1,\"MinNS\":21700,\"MaxNS\":21700,\"AvgNS\":21700,\"P0\":21700,\"P1\":0,\"P25\":0,\"P50\":21700,\"P75\":0,\"P99\":0,\"P100\":21700,\"Percentiles\":null,\"TimeoutCount\":0,\"ProbeCount\":1,\"WindowSeconds\":0},{\"Time\":\"2026-01-05T10:01:51Z\",\"TargetID\":1,\"MinNS\":21600,\"MaxNS\":21600,\"AvgNS\":21600,\"P0\":21600,\"P1\":0,\"P25\":0,\"P50\":21600,\"P75\":0,\"P99\":0,\"P100\":21600,\"Percentiles\":null,\"TimeoutCount\":0,\"ProbeCount\":1,\"WindowSeconds\":0},{\"Time\":\"2026-01-05T10:02:51Z\",\"TargetID\":1,\"MinNS\":21500,\"MaxNS\":21500,\"AvgNS\":21500,\"P0\":21500,\"P1\":0,\"P25\":0,\"P50\":21500,\"P75\":0,\"P99\":0,\"P100\":21500,\"Percentiles\":null,\"TimeoutCount\":0,\"ProbeCount\":1,\"WindowSeconds\":0},{\"Time\":\"2026-01-05T10:03:51Z\",\"TargetID\":1,\"MinNS\":21400,\"MaxNS\":21400,\"AvgNS\":21400,\"P0\":21400,\"P1\":0,\"P25\":0,\"P50\":21400,\"P75\":0,\"P99\":0,\"P100\":21400,\"Percentiles\":null,\"TimeoutCount\":0,\"ProbeCount\":1,\"WindowSeconds\":0},{\"Time\":\"2026-01-05T10:04:51Z\",\"TargetID\":1,\"MinNS\":21300,\"MaxNS\":21300,\"AvgNS\":21300,\"P0\":21300,\"P1\":0,\"P25\":0,\"P50\":21300,\"P75\":0,\"P99\":0,\"P100\":21300,\"Percentiles\":null,\"TimeoutCount\":0,\"ProbeCount\":1,\"WindowSeconds\":0},{\"Time\":\"2026-01-05T10:05:51Z\",\"TargetID\":1,\"MinNS\":21200,\"MaxNS\":21200,\"AvgNS\":21200,\"P0\":21200,\"P1\":0,\"P25\":0,\"P50\":21200,\"P75\":0,\"P99\":0,\"P100\":21200,\"Percentiles\":null,\"TimeoutCount\":0,\"ProbeCount\":1,\"WindowSeconds\":0},{\"Time\":\"2026-01-05T10:06:51Z\",\"TargetID\":1,\"MinNS\":21100,\"MaxNS\":21100,\"AvgNS\":21100,\"P0\":21100,\"P1\":0,\"P25\":0,\"P50\":21100,\"P75\":0,\"P99\":0,\"P100\":21100,\"Percentiles\":null,\"TimeoutCount\":0,\"ProbeCount\":1,\"WindowSeconds\":0},{\"Time\":\"2026-01-05T10:07:51Z\",\"TargetID\":1,\"MinNS\":21000,\"MaxNS\":21000,\"AvgNS\":21000,\"P0\":21000,\"P1\":0,\"P25\":0,\"P50\":21000,\"P75\":0,\"P99\":0,\"P100\":21000,\"Percentiles\":null,\"TimeoutCount\":0,\"ProbeCount\":1,\"WindowSeconds\":0},{\"Time\":\"2026-01-05T10:08:51Z\",\"TargetID\":1,\"MinNS\":20900,\"MaxNS\":20900,\"AvgNS\":20900,\"P0\":20900,\"P1\":0,\"P25\":0,\"P50\":20900,\"P75\":0,\"P99\":0,\"P100\":20900,\"Percentiles\":null,\"TimeoutCount\":0,\"ProbeCount\":1,\"WindowSeconds\":0},{\"Time\":\"2026-01-05T10:09:51Z\",\"TargetID\":1,\"MinNS\":20800,\"MaxNS\":20800,\"AvgNS\":20800,\"P0\":20800,\"P1\":0,\"P25\":0,\"P50\":20800,\"P75\":0,\"P99\":0,\"P100\":20800,\"Percentiles\":null,\"TimeoutCount\":0,\"ProbeCount\":1,\"WindowSeconds\":0},{\"Time\":\"2026-01-05T10:10:51Z\",\"TargetID\":1,\"MinNS\":20700,\"MaxNS\":20700,\"AvgNS\":20700,\"P0\":20700,\"P1\":0,\"P25\":0,\"P50\":20700,\"P75\":0,\"P99\":0,\"P100\":20700,\"Percentiles\":null,\"TimeoutCount\":0,\"ProbeCount\":1,\"WindowSeconds\":0},{\"Time\":\"2026-01-05T10:11:51Z\",\"TargetID\":1,\"MinNS\":20600,\"MaxNS\":20600,\"AvgNS\":20600,\"P0\":20600,\"P1\":0,\"P25\":0,\"P50\":20600,\"P75\":0,\"P99\":0,\"P100\":20600,\"Percentiles\":null,\"TimeoutCount\":0,\"ProbeCount\":1,\"WindowSeconds\":0},{\"Time\":\"2026-01-05T10:12:51Z\",\"TargetID\":1,\"MinNS\":20500,\"MaxNS\":20500,\"AvgNS\":20500,\"P0\":20500,\"P1\":0,\"P25\":0,\"P50\":20500,\"P75\":0,\"P99\":0,\"P100\":20500,\"Percentiles\":null,\"TimeoutCount\":0,\"ProbeCount\":1,\"WindowSeconds\":0},{\"Time\":\"2026-01-05T10:13:51Z\",\"TargetID\":1,\"MinNS\":20400,\"MaxNS\":20400,\"AvgNS\":20400,\"P0\":20400,\"P1\":0,\"P25\":0,\"P50\":20400,\"P75\":0,\"P99\":0,\"P100\":20400,\"Percentiles\":null,\"TimeoutCount\":0,\"ProbeCount\":1,\"WindowSeconds\":0},{\"Time\":\"2026-01-05T10:14:51Z\",\"TargetID\":1,\"MinNS\":20300,\"MaxNS\":20300,\"AvgNS\":20300,\"P0\":20300,\"P1\":0,\"P25\":0,\"P50\":20300,\"P75\":0,\"P99\":0,\"P100\":20300,\"Percentiles\":null,\"TimeoutCount\":0,\"ProbeCount\":1,\"WindowSeconds\":0},{\"Time\":\"2026-01-05T10:15:51Z\",\"TargetID\":1,\"MinNS\":20200,\"MaxNS\":20200,\"AvgNS\":20200,\"P0\":20200,\"P1\":0,\"P25\":0,\"P50\":20200,\"P75\":0,\"P99\":0,\"P100\":20200,\"Percentiles\":null,\"TimeoutCount\":0,\"ProbeCount\":1,\"WindowSeconds\":0},{\"Time\":\"2026-01-05T10:16:51Z\",\"TargetID\":1,\"MinNS\":20100,\"MaxNS\":20100,\"AvgNS\":20100,\"P0\":20100,\"P1\":0,\"P25\":0,\"P50\":20100,\"P75\":0,\"P99\":0,\"P100\":20100,\"Percentiles\":null,\"TimeoutCount\":0,\"ProbeCount\":1,\"WindowSeconds\":0},{\"Time\":\"2026-01-05T10:17:51Z\",\"TargetID\":1,\"MinNS\":20000,\"MaxNS\":20000,\"AvgNS\":20000,\"P0\":20000,\"P1\":0,\"P25\":0,\"P50\":20000,\"P75\":0,\"P99\":0,\"P100\":20000,\"Percentiles\":null,\"TimeoutCount\":0,\"ProbeCount\":1,\"WindowSeconds\":0},{\"Time\":\"2026-01-05T10:18:51Z\",\"TargetID\":1,\"MinNS\":19900,\"MaxNS\":19900,\"AvgNS\":19900,\"P0\":19900,\"P1\":0,\"P25\":0,\"P50\":19900,\"P75\":0,\"P99\":0,\"P100\":19900,\"Percentiles\":null,\"TimeoutCount\":0,\"ProbeCount\":1,\"WindowSeconds\":0},{\"Time\":\"2026-01-05T10:19:51Z\",\"TargetID\":1,\"MinNS\":19800,\"MaxNS\":19800,\"AvgNS\":19800,\"P0\":19800,\"P1\":0,\"P25\":0,\"P50\":19800,\"P75\":0,\"P99\":0,\"P100\":19800,\"Percentiles\":null,\"TimeoutCount\":0,\"ProbeCount\":1,\"WindowSeconds\":0},{\"Time\":\"2026-01-05T10:20:51Z\",\"TargetID\":1,\"MinNS\":19700,\"MaxNS\":19700,\"AvgNS\":19700,\"P0\":19700,\"P1\":0,\"P25\":0,\"P50\":19700,\"P75\":0,\"P99\":0,\"P100\":19700,\"Percentiles\":null,\"TimeoutCount\":0,\"ProbeCount\":1,\"WindowSeconds\":0},{\"Time\":\"2026-01-05T10:21:51Z\",\"TargetID\":1,\"MinNS\":19600,\"MaxNS\":19600,\"AvgNS\":19600,\"P0\":19600,\"P1\":0,\"P25\":0,\"P50\":19600,\"P75\":0,\"P99\":0,\"P100\":19600,\"Percentiles\":null,\"TimeoutCount\":0,\"ProbeCount\":1,\"WindowSeconds\":0},{\"Time\":\"2026-01-05T10:22:51Z\",\"TargetID\":1,\"MinNS\":19500,\"MaxNS\":19500,\"AvgNS\":19500,\"P0\":19500,\"P1\":0,\"P25\":0,\"P50\":19500,\"P75\":0,\"P99\":0,\"P100\":19500,\"Percentiles\":null,\"TimeoutCount\":0,\"ProbeCount\":1,\"WindowSeconds\":0},{\"Time\":\"2026-01-05T10:23:51Z\",\"TargetID\":1,\"MinNS\":19400,\"MaxNS\":19400,\"AvgNS\":19400,\"P0\":19400,\"P1\":0,\"P25\":0,\"P50\":19400,\"P75\":0,\"P99\":0,\"P100\":19400,\"Percentiles\":null,\"TimeoutCount\":0,\"ProbeCount\":1,\"WindowSeconds\":0},{\"Time\":\"2026-01-05T10:24:51Z\",\"TargetID\":1,\"MinNS\":19300,\"MaxNS\":19300,\"AvgNS\":19300,\"P0\":19300,\"P1\":0,\"P25\":0,\"P50\":19300,\"P75\":0,\"P99\":0,\"P100\":19300,\"Percentiles\":null,\"TimeoutCount\":0,\"ProbeCount\":1,\"WindowSeconds\":0},{\"Time\":\"2026-01-05T10:25:51Z\",\"TargetID\":1,\"MinNS\":19200,\"MaxNS\":19200,\"AvgNS\":19200,\"P0\":19200,\"P1\":0,\"P25\":0,\"P50\":19200,\"P75\":0,\"P99\":0,\"P100\":19200,\"Percentiles\":null,\"TimeoutCount\":0,\"ProbeCount\":1,\"WindowSeconds\":0},{\"Time\":\"2026-01-05T10:26:51Z\",\"TargetID\":1,\"MinNS\":19100,\"MaxNS\":19100,\"AvgNS\":19100,\"P0\":19100,\"P1\":0,\"P25\":0,\"P50\":19100,\"P75\":0,\"P99\":0,\"P100\":19100,\"Percentiles\":null,\"TimeoutCount\":0,\"ProbeCount\":1,\"WindowSeconds\":0},{\"Time\":\"2026-01-05T10:27:51Z\",\"TargetID\":1,\"MinNS\":19000,\"MaxNS\":19000,\"AvgNS\":19000,\"P0\":19000,\"P1\":0,\"P25\":0,\"P50\":19000,\"P75\":0,\"P99\":0,\"P100\":19000,\"Percentiles\":null,\"TimeoutCount\":0,\"ProbeCount\":1,\"WindowSeconds\":0},{\"Time\":\"2026-01-05T10:28:51Z\",\"TargetID\":1,\"MinNS\":18900,\"MaxNS\":18900,\"AvgNS\":18900,\"P0\":18900,\"P1\":0,\"P25\":0,\"P50\":18900,\"P75\":0,\"P99\":0,\"P100\":18900,\"Percentiles\":null,\"TimeoutCount\":0,\"ProbeCount\":1,\"WindowSeconds\":0},{\"Time\":\"2026-01-05T10:29:51Z\",\"TargetID\":1,\"MinNS\":18800,\"MaxNS\":18800,\"AvgNS\":18800,\"P0\":18800,\"P1\":0,\"P25\":0,\"P50\":18800,\"P75\":0,\"P99\":0,\"P100\":18800,\"Percentiles\":null,\"TimeoutCount\":0,\"ProbeCount\":1,\"WindowSeconds\":0},{\"Time\":\"2026-01-05T10:30:51Z\",\"TargetID\":1,\"MinNS\":18700,\"MaxNS\":18700,\"AvgNS\":18700,\"P0\":18700,\"P1\":0,\"P25\":0,\"P50\":18700,\"P75\":0,\"P99\":0,\"P100\":18700,\"Percentiles\":null,\"TimeoutCount\":0,\"ProbeCount\":1,\"WindowSeconds\":0},{\"Time\":\"2026-01-05T10:31:51Z\",\"TargetID\":1,\"MinNS\":18600,\"MaxNS\":18600,\"AvgNS\":18600,\"P0\":18600,\"P1\":0,\"P25\":0,\"P50\":18600,\"P75\":0,\"P99\":0,\"P100\":18600,\"Percentiles\":null,\"TimeoutCount\":0,\"ProbeCount\":1,\"WindowSeconds\":0},{\"Time\":\"2026-01-05T10:32:51Z\",\"TargetID\":1,\"MinNS\":18500,\"MaxNS\":18500,\"AvgNS\":18500,\"P0\":18500,\"P1\":0,\"P25\":0,\"P50\":18500,\"P75\":0,\"P99\":0,\"P100\":18500,\"Percentiles\":null,\"TimeoutCount\":0,\"ProbeCount\":1,\"WindowSeconds\":0},{\"Time\":\"2026-01-05T10:33:51Z\",\"TargetID\":1,\"MinNS\":18400,\"MaxNS\":18400,\"AvgNS\":18400,\"P0\":18400,\"P1\":0,\"P25\":0,\"P50\":18400,\"P75\":0,\"P99\":0,\"P100\":18400,\"Percentiles\":null,\"TimeoutCount\":0,\"ProbeCount\":1,\"WindowSeconds\":0},{\"Time\":\"2026-01-05T10:34:51Z\",\"TargetID\":1,\"MinNS\":18300,\"MaxNS\":18300,\"AvgNS\":18300,\"P0\":18300,\"P1\":0,\"P25\":0,\"P50\":18300,\"P75\":0,\"P99\":0,\"P100\":18300,\"Percentiles\":null,\"TimeoutCount\":0,\"ProbeCount\":1,\"WindowSeconds\":0},{\"Time\":\"2026-01-05T10:35:51Z\",\"TargetID\":1,\"MinNS\":18200,\"MaxNS\":18200,\"AvgNS\":18200,\"P0\":18200,\"P1\":0,\"P25\":0,\"P50\":18200,\"P75\":0,\"P99\":0,\"P100\":18200,\"Percentiles\":null,\"TimeoutCount\":0,\"ProbeCount\":1,\"WindowSeconds\":0},{\"Time\":\"2026-01-05T10:36:51Z\",\"TargetID\":1,\"MinNS\":18100,\"MaxNS\":18100,\"AvgNS\":18100,\"P0\":18100,\"P1\":0,\"P25\":0,\"P50\":18100,\"P75\":0,\"P99\":0,\"P100\":18100,\"Percentiles\":null,\"TimeoutCount\":0,\"ProbeCount\":1,\"WindowSeconds\":0},{\"Time\":\"2026-01-05T10:37:51Z\",\"TargetID\":1,\"MinNS\":18000,\"MaxNS\":18000,\"AvgNS\":18000,\"P0\":18000,\"P1\":0,\"P25\":0,\"P50\":18000,\"P75\":0,\"P99\":0,\"P100\":18000,\"Percentiles\":null,\"TimeoutCount\":0,\"ProbeCount\":1,\"WindowSeconds\":0},{\"Time\":\"2026-01-05T10:38:51Z\",\"TargetID\":1,\"MinNS\":17900,\"MaxNS\":17900,\"AvgNS\":17900,\"P0\":17900,\"P1\":0,\"P25\":0,\"P50\":17900,\"P75\":0,\"P99\":0,\"P100\":17900,\"Percentiles\":null,\"TimeoutCount\":0,\"ProbeCount\":1,\"WindowSeconds\":0},{\"Time\":\"2026-01-05T10:39:51Z\",\"TargetID\":1,\"MinNS\":17800,\"MaxNS\":17800,\"AvgNS\":17800,\"P0\":17800,\"P1\":0,\"P25\":0,\"P50\":17800,\"P75\":0,\"P99\":0,\"P100\":17800,\"Percentiles\":null,\"TimeoutCount\":0,\"ProbeCount\":1,\"WindowSeconds\":0},{\"Time\":\"2026-01-05T10:40:51Z\",\"TargetID\":1,\"MinNS\":17700,\"MaxNS\":17700,\"AvgNS\":17700,\"P0\":17700,\"P1\":0,\"P25\":0,\"P50\":17700,\"P75\":0,\"P99\":0,\"P100\":17700,\"Percentiles\":null,\"TimeoutCount\":0,\"ProbeCount\":1,\"WindowSeconds\":0},{\"Time\":\"2026-01-05T10:41:51Z\",\"TargetID\":1,\"MinNS\":17600,\"MaxNS\":17600,\"AvgNS\":17600,\"P0\":17600,\"P1\":0,\"P25\":0,\"P50\":17600,\"P75\":0,\"P99\":0,\"P100\":17600,\"Percentiles\":null,\"TimeoutCount\":0,\"ProbeCount\":1,\"WindowSeconds\":0},{\"Time\":\"2026-01-05T10:42:51Z\",\"TargetID\":1,\"MinNS\":17500,\"MaxNS\":17500,\"AvgNS\":17500,\"P0\":17500,\"P1\":0,\"P25\":0,\"P50\":17500,\"P75\":0,\"P99\":0,\"P100\":17500,\"Percentiles\":null,\"TimeoutCount\":0,\"ProbeCount\":1,\"WindowSeconds\":0},{\"Time\":\"2026-01-05T10:43:51Z\",\"TargetID\":1,\"MinNS\":17400,\"MaxNS\":17400,\"AvgNS\":17400,\"P0\":17400,\"P1\":0,\"P25\":0,\"P50\":17400,\"P75\":0,\"P99\":0,\"P100\":17400,\"Percentiles\":null,\"TimeoutCount\":0,\"ProbeCount\":1,\"WindowSeconds\":0},{\"Time\":\"2026-01-05T10:44:51Z\",\"TargetID\":1,\"MinNS\":17300,\"MaxNS\":17300,\"AvgNS\":17300,\"P0\":17300,\"P1\":0,\"P25\":0,\"P50\":17300,\"P75\":0,\"P99\":0,\"P100\":17300,\"Percentiles\":null,\"TimeoutCount\":0,\"ProbeCount\":1,\"WindowSeconds\":0},{\"Time\":\"2026-01-05T10:45:51Z\",\"TargetID\":1,\"MinNS\":17200,\"MaxNS\":17200,\"AvgNS\":17200,\"P0\":17200,\"P1\":0,\"P25\":0,\"P50\":17200,\"P75\":0,\"P99\":0,\"P100\":17200,\"Percentiles\":null,\"TimeoutCount\":0,\"ProbeCount\":1,\"WindowSeconds\":0},{\"Time\":\"2026-01-05T10:46:51Z\",\"TargetID\":1,\"MinNS\":17100,\"MaxNS\":17100,\"AvgNS\":17100,\"P0\":17100,\"P1\":0,\"P25\":0,\"P50\":17100,\"P75\":0,\"P99\":0,\"P100\":17100,\"Percentiles\":null,\"TimeoutCount\":0,\"ProbeCount\":1,\"WindowSeconds\":0},{\"Time\":\"2026-01-05T10:47:51Z\",\"TargetID\":1,\"MinNS\":17000,\"MaxNS\":17000,\"AvgNS\":17000,\"P0\":17000,\"P1\":0,\"P25\":0,\"P50\":17000,\"P75\":0,\"P99\":0,\"P100\":17000,\"Percentiles\":null,\"TimeoutCount\":0,\"ProbeCount\":1,\"WindowSeconds\":0},{\"Time\":\"2026-01-05T10:48:51Z\",\"TargetID\":1,\"MinNS\":16900,\"MaxNS\":16900,\"AvgNS\":16900,\"P0\":16900,\"P1\":0,\"P25\":0,\"P50\":16900,\"P75\":0,\"P99\":0,\"P100\":16900,\"Percentiles\":null,\"TimeoutCount\":0,\"ProbeCount\":1,\"WindowSeconds\":0},{\"Time\":\"2026-01-05T10:49:51Z\",\"TargetID\":1,\"MinNS\":16800,\"MaxNS\":16800,\"AvgNS\":16800,\"P0\":16800,\"P1\":0,\"P25\":0,\"P50\":16800,\"P75\":0,\"P99\":0,\"P100\":16800,\"Percentiles\":null,\"TimeoutCount\":0,\"ProbeCount\":1,\"WindowSeconds\":0},{\"Time\":\"2026-01-05T10:50:51Z\",\"TargetID\":1,\"MinNS\":16700,\"MaxNS\":16700,\"AvgNS\":16700,\"P0\":16700,\"P1\":0,\"P25\":0,\"P50\":16700,\"P75\":0,\"P99\":0,\"P100\":16700,\"Percentiles\":null,\"TimeoutCount\":0,\"ProbeCount\":1,\"WindowSeconds\":0},{\"Time\":\"2026-01-05T10:51:51Z\",\"TargetID\":1,\"MinNS\":16600,\"MaxNS\":16600,\"AvgNS\":16600,\"P0\":16600,\"P1\":0,\"P25\":0,\"P50\":16600,\"P75\":0,\"P99\":0,\"P100\":16600,\"Percentiles\":null,\"TimeoutCount\":0,\"ProbeCount\":1,\"WindowSeconds\":0},{\"Time\":\"2026-01-05T10:52:51Z\",\"TargetID\":1,\"MinNS\":16500,\"MaxNS\":16500,\"AvgNS\":16500,\"P0\":16500,\"P1\":0,\"P25\":0,\"P50\":16500,\"P75\":0,\"P99\":0,\"P100\":16500,\"Percentiles\":null,\"TimeoutCount\":0,\"ProbeCount\":1,\"WindowSeconds\":0},{\"Time\":\"2026-01-05T10:53:51Z\",\"TargetID\":1,\"MinNS\":16400,\"MaxNS\":16400,\"AvgNS\":16400,\"P0\":16400,\"P1\":0,\"P25\":0,\"P50\":16400,\"P75\":0,\"P99\":0,\"P100\":16400,\"Percentiles\":null,\"TimeoutCount\":0,\"ProbeCount\":1,\"WindowSeconds\":0},{\"Time\":\"2026-01-05T10:54:51Z\",\"TargetID\":1,\"MinNS\":16300,\"MaxNS\":16300,\"AvgNS\":16300,\"P0\":16300,\"P1\":0,\"P25\":0,\"P50\":16300,\"P75\":0,\"P99\":0,\"P100\":16300,\"Percentiles\":null,\"TimeoutCount\":0,\"ProbeCount\":1,\"WindowSeconds\":0},{\"Time\":\"2026-01-05T10:55:51Z\",\"TargetID\":1,\"MinNS\":16200,\"MaxNS\":16200,\"AvgNS\":16200,\"P0\":16200,\"P1\":0,\"P25\":0,\"P50\":16200,\"P75\":0,\"P99\":0,\"P100\":16200,\"Percentiles\":null,\"TimeoutCount\":0,\"ProbeCount\":1,\"WindowSeconds\":0},{\"Time\":\"2026-01-05T10:56:51Z\",\"TargetID\":1,\"MinNS\":16100,\"MaxNS\":16100,\"AvgNS\":16100,\"P0\":16100,\"P1\":0,\"P25\":0,\"P50\":16100,\"P75\":0,\"P99\":0,\"P100\":16100,\"Percentiles\":null,\"TimeoutCount\":0,\"ProbeCount\":1,\"WindowSeconds\":0},{\"Time\":\"2026-01-05T10:57:51Z\",\"TargetID\":1,\"MinNS\":16000,\"MaxNS\":16000,\"AvgNS\":16000,\"P0\":16000,\"P1\":0,\"P25\":0,\"P50\":16000,\"P75\":0,\"P99\":0,\"P100\":16000,\"Percentiles\":null,\"TimeoutCount\":0,\"ProbeCount\":1,\"WindowSeconds\":0},{\"Time\":\"2026-01-05T10:58:51Z\",\"TargetID\":1,\"MinNS\":15900,\"MaxNS\":15900,\"AvgNS\":15900,\"P0\":15900,\"P1\":0,\"P25\":0,\"P50\":15900,\"P75\":0,\"P99\":0,\"P100\":15900,\"Percentiles\":null,\"TimeoutCount\":0,\"ProbeCount\":1,\"WindowSeconds\":0},{\"Time\":\"2026-01-05T10:59:51Z\",\"TargetID\":1,\"MinNS\":15800,\"MaxNS\":15800,\"AvgNS\":15800,\"P0\":15800,\"P1\":0,\"P25\":0,\"P50\":15800,\"P75\":0,\"P99\":0,\"P100\":15800,\"Percentiles\":null,\"TimeoutCount\":0,\"ProbeCount\":1,\"WindowSeconds\":0},{\"Time\":\"2026-01-05T11:00:51Z\",\"TargetID\":1,\"MinNS\":15700,\"MaxNS\":15700,\"AvgNS\":15700,\"P0\":15700,\"P1\":0,\"P25\":0,\"P50\":15700,\"P75\":0,\"P99\":0,\"P100\":15700,\"Percentiles\":null,\"TimeoutCount\":0,\"ProbeCount\":1,\"WindowSeconds\":0},{\"Time\":\"2026-01-05T11:01:51Z\",\"TargetID\":1,\"MinNS\":15600,\"MaxNS\":15600,\"AvgNS\":15600,\"P0\":15600,\"P1\":0,\"P25\":0,\"P50\":15600,\"P75\":0,\"P99\":0,\"P100\":15600,\"Percentiles\":null,\"TimeoutCount\":0,\"ProbeCount\":1,\"WindowSeconds\":0},{\"Time\":\"2026-01-05T11:02:51Z\",\"TargetID\":1,\"MinNS\":15500,\"MaxNS\":15500,\"AvgNS\":15500,\"P0\":15500,\"P1\":0,\"P25\":0,\"P50\":15500,\"P75\":0,\"P99\":0,\"P100\":15500,\"Percentiles\":null,\"TimeoutCount\":0,\"ProbeCount\":1,\"WindowSeconds\":0},{\"Time\":\"2026-01-05T11:03:51Z\",\"TargetID\":1,\"MinNS\":15400,\"MaxNS\":15400,\"AvgNS\":15400,\"P0\":15400,\"P1\":0,\"P25\":0,\"P50\":15400,\"P75\":0,\"P99\":0,\"P100\":15400,\"Percentiles\":null,\"TimeoutCount\":0,\"ProbeCount\":1,\"WindowSeconds\":0},{\"Time\":\"2026-01-05T11:04:51Z\",\"TargetID\":1,\"MinNS\":15300,\"MaxNS\":15300,\"AvgNS\":15300,\"P0\":15300,\"P1\":0,\"P25\":0,\"P50\":15300,\"P75\":0,\"P99\":0,\"P100\":15300,\"Percentiles\":null,\"TimeoutCount\":0,\"ProbeCount\":1,\"WindowSeconds\":0},{\"Time\":\"2026-01-05T11:05:51Z\",\"TargetID\":1,\"MinNS\":15200,\"MaxNS\":15200,\"AvgNS\":15200,\"P0\":15200,\"P1\":0,\"P25\":0,\"P50\":15200,\"P75\":0,\"P99\":0,\"P100\":15200,\"Percentiles\":null,\"TimeoutCount\":0,\"ProbeCount\":1,\"WindowSeconds\":0},{\"Time\":\"2026-01-05T11:06:51Z\",\"TargetID\":1,\"MinNS\":15100,\"MaxNS\":15100,\"AvgNS\":15100,\"P0\":15100,\"P1\":0,\"P25\":0,\"P50\":15100,\"P75\":0,\"P99\":0,\"P100\":15100,\"Percentiles\":null,\"TimeoutCount\":0,\"ProbeCount\":1,\"WindowSeconds\":0},{\"Time\":\"2026-01-05T11:07:51Z\",\"TargetID\":1,\"MinNS\":15000,\"MaxNS\":15000,\"AvgNS\":15000,\"P0\":15000,\"P1\":0,\"P25\":0,\"P50\":15000,\"P75\":0,\"P99\":0,\"P100\":15000,\"Percentiles\":null,\"TimeoutCount\":0,\"ProbeCount\":1,\"WindowSeconds\":0},{\"Time\":\"2026-01-05T11:08:51Z\",\"TargetID\":1,\"MinNS\":14900,\"MaxNS\":14900,\"AvgNS\":14900,\"P0\":14900,\"P1\":0,\"P25\":0,\"P50\":14900,\"P75\":0,\"P99\":0,\"P100\":14900,\"Percentiles\":null,\"TimeoutCount\":0,\"ProbeCount\":1,\"WindowSeconds\":0},{\"Time\":\"2026-01-05T11:09:51Z\",\"TargetID\":1,\"MinNS\":14800,\"MaxNS\":14800,\"AvgNS\":14800,\"P0\":14800,\"P1\":0,\"P25\":0,\"P50\":14800,\"P75\":0,\"P99\":0,\"P100\":14800,\"Percentiles\":null,\"TimeoutCount\":0,\"ProbeCount\":1,\"WindowSeconds\":0},{\"Time\":\"2026-01-05T11:10:51Z\",\"TargetID\":1,\"MinNS\":14700,\"MaxNS\":14700,\"AvgNS\":14700,\"P0\":14700,\"P1\":0,\"P25\":0,\"P50\":14700,\"P75\":0,\"P99\":0,\"P100\":14700,\"Percentiles\":null,\"TimeoutCount\":0,\"ProbeCount\":1,\"WindowSeconds\":0},{\"Time\":\"2026-01-05T11:11:51Z\",\"TargetID\":1,\"MinNS\":14600,\"MaxNS\":14600,\"AvgNS\":14600,\"P0\":14600,\"P1\":0,\"P25\":0,\"P50\":14600,\"P75\":0,\"P99\":0,\"P100\":14600,\"Percentiles\":null,\"TimeoutCount\":0,\"ProbeCount\":1,\"WindowSeconds\":0},{\"Time\":\"2026-01-05T11:12:51Z\",\"TargetID\":1,\"MinNS\":14500,\"MaxNS\":14500,\"AvgNS\":14500,\"P0\":14500,\"P1\":0,\"P25\":0,\"P50\":14500,\"P75\":0,\"P99\":0,\"P100\":14500,\"Percentiles\":null,\"TimeoutCount\":0,\"ProbeCount\":1,\"WindowSeconds\":0},{\"Time\":\"2026-01-05T11:13:51Z\",\"TargetID\":1,\"MinNS\":14400,\"MaxNS\":14400,\"AvgNS\":14400,\"P0\":14400,\"P1\":0,\"P25\":0,\"P50\":14400,\"P75\":0,\"P99\":0,\"P100\":14400,\"Percentiles\":null,\"TimeoutCount\":0,\"ProbeCount\":1,\"WindowSeconds\":0},{\"Time\":\"2026-01-05T11:14:51Z\",\"TargetID\":1,\"MinNS\":14300,\"MaxNS\":14300,\"AvgNS\":14300,\"P0\":14300,\"P1\":0,\"P25\":0,\"P50\":14300,\"P75\":0,\"P99\":0,\"P100\":14300,\"Percentiles\":null,\"TimeoutCount\":0,\"ProbeCount\":1,\"WindowSeconds\":0},{\"Time\":\"2026-01-05T11:15:51Z\",\"TargetID\":1,\"MinNS\":14200,\"MaxNS\":14200,\"AvgNS\":14200,\"P0\":14200,\"P1\":0,\"P25\":0,\"P50\":14200,\"P75\":0,\"P99\":0,\"P100\":14200,\"Percentiles\":null,\"TimeoutCount\":0,\"ProbeCount\":1,\"WindowSeconds\":0},{\"Time\":\"2026-01-05T11:16:51Z\",\"TargetID\":1,\"MinNS\":14100,\"MaxNS\":14100,\"AvgNS\":14100,\"P0\":14100,\"P1\":0,\"P25\":0,\"P50\":14100,\"P75\":0,\"P99\":0,\"P100\":14100,\"Percentiles\":null,\"TimeoutCount\":0,\"ProbeCount\":1,\"WindowSeconds\":0},{\"Time\":\"2026-01-05T11:17:51Z\",\"TargetID\":1,\"MinNS\":14000,\"MaxNS\":14000,\"AvgNS\":14000,\"P0\":14000,\"P1\":0,\"P25\":0,\"P50\":14000,\"P75\":0,\"P99\":0,\"P100\":14000,\"Percentiles\":null,\"TimeoutCount\":0,\"ProbeCount\":1,\"WindowSeconds\":0},{\"Time\":\"2026-01-05T11:18:51Z\",\"TargetID\":1,\"MinNS\":13900,\"MaxNS\":13900,\"AvgNS\":13900,\"P0\":13900,\"P1\":0,\"P25\":0,\"P50\":13900,\"P75\":0,\"P99\":0,\"P100\":13900,\"Percentiles\":null,\"TimeoutCount\":0,\"ProbeCount\":1,\"WindowSeconds\":0},{\"Time\":\"2026-01-05T11:19:51Z\",\"TargetID\":1,\"MinNS\":13800,\"MaxNS\":13800,\"AvgNS\":13800,\"P0\":13800,\"P1\":0,\"P25\":0,\"P50\":13800,\"P75\":0,\"P99\":0,\"P100\":13800,\"Percentiles\":null,\"TimeoutCount\":0,\"ProbeCount\":1,\"WindowSeconds\":0},{\"Time\":\"2026-01-05T11:20:51Z\",\"TargetID\":1,\"MinNS\":13700,\"MaxNS\":13700,\"AvgNS\":13700,\"P0\":13700,\"P1\":0,\"P25\":0,\"P50\":13700,\"P75\":0,\"P99\":0,\"P100\":13700,\"Percentiles\":null,\"TimeoutCount\":0,\"ProbeCount\":1,\"WindowSeconds\":0},{\"Time\":\"2026-01-05T11:21:51Z\",\"TargetID\":1,\"MinNS\":13600,\"MaxNS\":13600,\"AvgNS\":13600,\"P0\":13600,\"P1\":0,\"P25\":0,\"P50\":13600,\"P75\":0,\"P99\":0,\"P100\":13600,\"Percentiles\":null,\"TimeoutCount\":0,\"ProbeCount\":1,\"WindowSeconds\":0},{\"Time\":\"2026-01-05T11:22:51Z\",\"TargetID\":1,\"MinNS\":13500,\"MaxNS\":13500,\"AvgNS\":13500,\"P0\":13500,\"P1\":0,\"P25\":0,\"P50\":13500,\"P75\":0,\"P99\":0,\"P100\":13500,\"Percentiles\":null,\"TimeoutCount\":0,\"ProbeCount\":1,\"WindowSeconds\":0},{\"Time\":\"2026-01-05T11:23:51Z\",\"TargetID\":1,\"MinNS\":13400,\"MaxNS\":13400,\"AvgNS\":13400,\"P0\":13400,\"P1\":0,\"P25\":0,\"P50\":13400,\"P75\":0,\"P99\":0,\"P100\":13400,\"Percentiles\":null,\"TimeoutCount\":0,\"ProbeCount\":1,\"WindowSeconds\":0},{\"Time\":\"2026-01-05T11:24:51Z\",\"TargetID\":1,\"MinNS\":13300,\"MaxNS\":13300,\"AvgNS\":13300,\"P0\":13300,\"P1\":0,\"P25\":0,\"P50\":13300,\"P75\":0,\"P99\":0,\"P100\":13300,\"Percentiles\":null,\"TimeoutCount\":0,\"ProbeCount\":1,\"WindowSeconds\":0},{\"Time\":\"2026-01-05T11:25:51Z\",\"TargetID\":1,\"MinNS\":13200,\"MaxNS\":13200,\"AvgNS\":13200,\"P0\":13200,\"P1\":0,\"P25\":0,\"P50\":13200,\"P75\":0,\"P99\":0,\"P100\":13200,\"Percentiles\":null,\"TimeoutCount\":0,\"ProbeCount\":1,\"WindowSeconds\":0},{\"Time\":\"2026-01-05T11:26:51Z\",\"TargetID\":1,\"MinNS\":13100,\"MaxNS\":13100,\"AvgNS\":13100,\"P0\":13100,\"P1\":0,\"P25\":0,\"P50\":13100,\"P75\":0,\"P99\":0,\"P100\":13100,\"Percentiles\":null,\"TimeoutCount\":0,\"ProbeCount\":1,\"WindowSeconds\":0},{\"Time\":\"2026-01-05T11:27:51Z\",\"TargetID\":1,\"MinNS\":13000,\"MaxNS\":13000,\"AvgNS\":13000,\"P0\":13000,\"P1\":0,\"P25\":0,\"P50\":13000,\"P75\":0,\"P99\":0,\"P100\":13000,\"Percentiles\":null,\"TimeoutCount\":0,\"ProbeCount\":1,\"WindowSeconds\":0},{\"Time\":\"2026-01-05T11:28:51Z\",\"TargetID\":1,\"MinNS\":12900,\"MaxNS\":12900,\"AvgNS\":12900,\"P0\":12900,\"P1\":0,\"P25\":0,\"P50\":12900,\"P75\":0,\"P99\":0,\"P100\":12900,\"Percentiles\":null,\"TimeoutCount\":0,\"ProbeCount\":1,\"WindowSeconds\":0},{\"Time\":\"2026-01-05T11:29:51Z\",\"TargetID\":1,\"MinNS\":12800,\"MaxNS\":12800,\"AvgNS\":12800,\"P0\":12800,\"P1\":0,\"P25\":0,\"P50\":12800,\"P75\":0,\"P99\":0,\"P100\":12800,\"Percentiles\":null,\"TimeoutCount\":0,\"ProbeCount\":1,\"WindowSeconds\":0},{\"Time\":\"2026-01-05T11:30:51Z\",\"TargetID\":1,\"MinNS\":12700,\"MaxNS\":12700,\"AvgNS\":12700,\"P0\":12700,\"P1\":0,\"P25\":0,\"P50\":12700,\"P75\":0,\"P99\":0,\"P100\":12700,\"Percentiles\":null,\"TimeoutCount\":0,\"ProbeCount\":1,\"WindowSeconds\":0},{\"Time\":\"2026-01-05T11:31:51Z\",\"TargetID\":1,\"MinNS\":12600,\"MaxNS\":12600,\"AvgNS\":12600,\"P0\":12600,\"P1\":0,\"P25\":0,\"P50\":12600,\"P75\":0,\"P99\":0,\"P100\":12600,\"Percentiles\":null,\"TimeoutCount\":0,\"ProbeCount\":1,\"WindowSeconds\":0},{\"Time\":\"2026-01-05T11:32:51Z\",\"TargetID\":1,\"MinNS\":12500,\"MaxNS\":12500,\"AvgNS\":12500,\"P0\":12500,\"P1\":0,\"P25\":0,\"P50\":12500,\"P75\":0,\"P99\":0,\"P100\":12500,\"Percentiles\":null,\"TimeoutCount\":0,\"ProbeCount\":1,\"WindowSeconds\":0},{\"Time\":\"2026-01-05T11:33:51Z\",\"TargetID\":1,\"MinNS\":12400,\"MaxNS\":12400,\"AvgNS\":12400,\"P0\":12400,\"P1\":0,\"P25\":0,\"P50\":12400,\"P75\":0,\"P99\":0,\"P100\":12400,\"Percentiles\":null,\"TimeoutCount\":0,\"ProbeCount\":1,\"WindowSeconds\":0},{\"Time\":\"2026-01-05T11:34:51Z\",\"TargetID\":1,\"MinNS\":12300,\"MaxNS\":12300,\"AvgNS\":12300,\"P0\":12300,\"P1\":0,\"P25\":0,\"P50\":12300,\"P75\":0,\"P99\":0,\"P100\":12300,\"Percentiles\":null,\"TimeoutCount\":0,\"ProbeCount\":1,\"WindowSeconds\":0},{\"Time\":\"2026-01-05T11:35:51Z\",\"TargetID\":1,\"MinNS\":12200,\"MaxNS\":12200,\"AvgNS\":12200,\"P0\":12200,\"P1\":0,\"P25\":0,\"P50\":12200,\"P75\":0,\"P99\":0,\"P100\":12200,\"Percentiles\":null,\"TimeoutCount\":0,\"ProbeCount\":1,\"WindowSeconds\":0},{\"Time\":\"2026-01-05T11:36:51Z\",\"TargetID\":1,\"MinNS\":12100,\"MaxNS\":12100,\"AvgNS\":12100,\"P0\":12100,\"P1\":0,\"P25\":0,\"P50\":12100,\"P75\":0,\"P99\":0,\"P100\":12100,\"Percentiles\":null,\"TimeoutCount\":0,\"ProbeCount\":1,\"WindowSeconds\":0},{\"Time\":\"2026-01-05T11:37:51Z\",\"TargetID\":1,\"MinNS\":12000,\"MaxNS\":12000,\"AvgNS\":12000,\"P0\":12000,\"P1\":0,\"P25\":0,\"P50\":12000,\"P75\":0,\"P99\":0,\"P100\":12000,\"Percentiles\":null,\"TimeoutCount\":0,\"ProbeCount\":1,\"WindowSeconds\":0},{\"Time\":\"2026-01-05T11:38:51Z\",\"TargetID\":1,\"MinNS\":11900,\"MaxNS\":11900,\"AvgNS\":11900,\"P0\":11900,\"P1\":0,\"P25\":0,\"P50\":11900,\"P75\":0,\"P99\":0,\"P100\":11900,\"Percentiles\":null,\"TimeoutCount\":0,\"ProbeCount\":1,\"WindowSeconds\":0},{\"Time\":\"2026-01-05T11:39:51Z\",\"TargetID\":1,\"MinNS\":11800,\"MaxNS\":11800,\"AvgNS\":11800,\"P0\":11800,\"P1\":0,\"P25\":0,\"P50\":11800,\"P75\":0,\"P99\":0,\"P100\":11800,\"Percentiles\":null,\"TimeoutCount\":0,\"ProbeCount\":1,\"WindowSeconds\":0},{\"Time\":\"2026-01-05T11:40:51Z\",\"TargetID\":1,\"MinNS\":11700,\"MaxNS\":11700,\"AvgNS\":11700,\"P0\":11700,\"P1\":0,\"P25\":0,\"P50\":11700,\"P75\":0,\"P99\":0,\"P100\":11700,\"Percentiles\":null,\"TimeoutCount\":0,\"ProbeCount\":1,\"WindowSeconds\":0},{\"Time\":\"2026-01-05T11:41:51Z\",\"TargetID\":1,\"MinNS\":11600,\"MaxNS\":11600,\"AvgNS\":11600,\"P0\":11600,\"P1\":0,\"P25\":0,\"P50\":11600,\"P75\":0,\"P99\":0,\"P100\":11600,\"Percentiles\":null,\"TimeoutCount\":0,\"ProbeCount\":1,\"WindowSeconds\":0},{\"Time\":\"2026-01-05T11:42:51Z\",\"TargetID\":1,\"MinNS\":11500,\"MaxNS\":11500,\"AvgNS\":11500,\"P0\":11500,\"P1\":0,\"P25\":0,\"P50\":11500,\"P75\":0,\"P99\":0,\"P100\":11500,\"Percentiles\":null,\"TimeoutCount\":0,\"ProbeCount\":1,\"WindowSeconds\":0},{\"Time\":\"2026-01-05T11:43:51Z\",\"TargetID\":1,\"MinNS\":11400,\"MaxNS\":11400,\"AvgNS\":11400,\"P0\":11400,\"P1\":0,\"P25\":0,\"P50\":11400,\"P75\":0,\"P99\":0,\"P100\":11400,\"Percentiles\":null,\"TimeoutCount\":0,\"ProbeCount\":1,\"WindowSeconds\":0},{\"Time\":\"2026-01-05T11:44:51Z\",\"TargetID\":1,\"MinNS\":11300,\"MaxNS\":11300,\"AvgNS\":11300,\"P0\":11300,\"P1\":0,\"P25\":0,\"P50\":11300,\"P75\":0,\"P99\":0,\"P100\":11300,\"Percentiles\":null,\"TimeoutCount\":0,\"ProbeCount\":1,\"WindowSeconds\":0},{\"Time\":\"2026-01-05T11:45:51Z\",\"TargetID\":1,\"MinNS\":11200,\"MaxNS\":11200,\"AvgNS\":11200,\"P0\":11200,\"P1\":0,\"P25\":0,\"P50\":11200,\"P75\":0,\"P99\":0,\"P100\":11200,\"Percentiles\":null,\"TimeoutCount\":0,\"ProbeCount\":1,\"WindowSeconds\":0},{\"Time\":\"2026-01-05T11:46:51Z\",\"TargetID\":1,\"MinNS\":11100,\"MaxNS\":11100,\"AvgNS\":11100,\"P0\":11100,\"P1\":0,\"P25\":0,\"P50\":11100,\"P75\":0,\"P99\":0,\"P100\":11100,\"Percentiles\":null,\"TimeoutCount\":0,\"ProbeCount\":1,\"WindowSeconds\":0},{\"Time\":\"2026-01-05T11:47:51Z\",\"TargetID\":1,\"MinNS\":11000,\"MaxNS\":11000,\"AvgNS\":11000,\"P0\":11000,\"P1\":0,\"P25\":0,\"P50\":11000,\"P75\":0,\"P99\":0,\"P100\":11000,\"Percentiles\":null,\"TimeoutCount\":0,\"ProbeCount\":1,\"WindowSeconds\":0},{\"Time\":\"2026-01-05T11:48:51Z\",\"TargetID\":1,\"MinNS\":10900,\"MaxNS\":10900,\"AvgNS\":10900,\"P0\":10900,\"P1\":0,\"P25\":0,\"P50\":10900,\"P75\":0,\"P99\":0,\"P100\":10900,\"Percentiles\":null,\"TimeoutCount\":0,\"ProbeCount\":1,\"WindowSeconds\":0},{\"Time\":\"2026-01-05T11:49:51Z\",\"TargetID\":1,\"MinNS\":10800,\"MaxNS\":10800,\"AvgNS\":10800,\"P0\":10800,\"P1\":0,\"P25\":0,\"P50\":10800,\"P75\":0,\"P99\":0,\"P100\":10800,\"Percentiles\":null,\"TimeoutCount\":0,\"ProbeCount\":1,\"WindowSeconds\":0},{\"Time\":\"2026-01-05T11:50:51Z\",\"TargetID\":1,\"MinNS\":10700,\"MaxNS\":10700,\"AvgNS\":10700,\"P0\":10700,\"P1\":0,\"P25\":0,\"P50\":10700,\"P75\":0,\"P99\":0,\"P100\":10700,\"Percentiles\":null,\"TimeoutCount\":0,\"ProbeCount\":1,\"WindowSeconds\":0},{\"Time\":\"2026-01-05T11:51:51Z\",\"TargetID\":1,\"MinNS\":10600,\"MaxNS\":10600,\"AvgNS\":10600,\"P0\":10600,\"P1\":0,\"P25\":0,\"P50\":10600,\"P75\":0,\"P99\":0,\"P100\":10600,\"Percentiles\":null,\"TimeoutCount\":0,\"ProbeCount\":1,\"WindowSeconds\":0},{\"Time\":\"2026-01-05T11:52:51Z\",\"TargetID\":1,\"MinNS\":10500,\"MaxNS\":10500,\"AvgNS\":10500,\"P0\":10500,\"P1\":0,\"P25\":0,\"P50\":10500,\"P75\":0,\"P99\":0,\"P100\":10500,\"Percentiles\":null,\"TimeoutCount\":0,\"ProbeCount\":1,\"WindowSeconds\":0},{\"Time\":\"2026-01-05T11:53:51Z\",\"TargetID\":1,\"MinNS\":10400,\"MaxNS\":10400,\"AvgNS\":10400,\"P0\":10400,\"P1\":0,\"P25\":0,\"P50\":10400,\"P75\":0,\"P99\":0,\"P100\":10400,\"Percentiles\":null,\"TimeoutCount\":0,\"ProbeCount\":1,\"WindowSeconds\":0},{\"Time\":\"2026-01-05T11:54:51Z\",\"TargetID\":1,\"MinNS\":10300,\"MaxNS\":10300,\"AvgNS\":10300,\"P0\":10300,\"P1\":0,\"P25\":0,\"P50\":10300,\"P75\":0,\"P99\":0,\"P100\":10300,\"Percentiles\":null,\"TimeoutCount\":0,\"ProbeCount\":1,\"WindowSeconds\":0},{\"Time\":\"2026-01-05T11:55:51Z\",\"TargetID\":1,\"MinNS\":10200,\"MaxNS\":10200,\"AvgNS\":10200,\"P0\":10200,\"P1\":0,\"P25\":0,\"P50\":10200,\"P75\":0,\"P99\":0,\"P100\":10200,\"Percentiles\":null,\"TimeoutCount\":0,\"ProbeCount\":1,\"WindowSeconds\":0},{\"Time\":\"2026-01-05T11:56:51Z\",\"TargetID\":1,\"MinNS\":10100,\"MaxNS\":10100,\"AvgNS\":10100,\"P0\":10100,\"P1\":0,\"P25\":0,\"P50\":10100,\"P75\":0,\"P99\":0,\"P100\":10100,\"Percentiles\":null,\"TimeoutCount\":0,\"ProbeCount\":1,\"WindowSeconds\":0},{\"Time\":\"2026-01-05T11:57:51Z\",\"TargetID\":1,\"MinNS\":10000,\"MaxNS\":10000,\"AvgNS\":10000,\"P0\":10000,\"P1\":0,\"P25\":0,\"P50\":10000,\"P75\":0,\"P99\":0,\"P100\":10000,\"Percentiles\":null,\"TimeoutCount\":0,\"ProbeCount\":1,\"WindowSeconds\":0}]\n"
--- FAIL: TestHandleGetResults_Raw (0.01s)
=== RUN   TestHandleGraph
2026/01/05 05:37:51 "GET http://example.com/graph/1 HTTP/1.1" from 192.0.2.1:1234 - 200 18379B in 358.209µs
2026/01/05 05:37:51 "GET http://example.com/graph/999 HTTP/1.1" from 192.0.2.1:1234 - 404 45B in 13.375µs
--- PASS: TestHandleGraph (0.00s)
FAIL
FAIL	vaportrail/internal/web	0.272s
FAIL
